******************************************************************************
                  MSP430 Linker PC v4.3.3                      
******************************************************************************
>> Linked Thu Oct 16 13:34:13 2014

OUTPUT FILE NAME:   <asdffa.out>
ENTRY POINT SYMBOL: "_c_int00"  address: 0000e612


MEMORY CONFIGURATION

         name            origin    length      used     unused   attr    fill
----------------------  --------  ---------  --------  --------  ----  --------
  SFR                   00000000   00000010  00000000  00000010  RWIX
  PERIPHERALS_8BIT      00000010   000000f0  00000000  000000f0  RWIX
  PERIPHERALS_16BIT     00000100   00000100  00000000  00000100  RWIX
  RAM                   00000200   00000200  0000018e  00000072  RWIX
  INFOD                 00001000   00000040  00000000  00000040  RWIX
  INFOC                 00001040   00000040  00000000  00000040  RWIX
  INFOB                 00001080   00000040  00000000  00000040  RWIX
  INFOA                 000010c0   00000040  00000000  00000040  RWIX
  FLASH                 0000c000   00003fe0  000027e1  000017ff  RWIX
  INT00                 0000ffe0   00000002  00000000  00000002  RWIX
  INT01                 0000ffe2   00000002  00000000  00000002  RWIX
  INT02                 0000ffe4   00000002  00000002  00000000  RWIX
  INT03                 0000ffe6   00000002  00000002  00000000  RWIX
  INT04                 0000ffe8   00000002  00000000  00000002  RWIX
  INT05                 0000ffea   00000002  00000002  00000000  RWIX
  INT06                 0000ffec   00000002  00000002  00000000  RWIX
  INT07                 0000ffee   00000002  00000002  00000000  RWIX
  INT08                 0000fff0   00000002  00000002  00000000  RWIX
  INT09                 0000fff2   00000002  00000002  00000000  RWIX
  INT10                 0000fff4   00000002  00000002  00000000  RWIX
  INT11                 0000fff6   00000002  00000002  00000000  RWIX
  INT12                 0000fff8   00000002  00000002  00000000  RWIX
  INT13                 0000fffa   00000002  00000002  00000000  RWIX
  INT14                 0000fffc   00000002  00000002  00000000  RWIX
  RESET                 0000fffe   00000002  00000002  00000000  RWIX


SECTION ALLOCATION MAP

 output                                  attributes/
section   page    origin      length       input sections
--------  ----  ----------  ----------   ----------------
.init_array 
*          0    0000c000    00000000     UNINITIALIZED

.data      0    00000200    000000a0     UNINITIALIZED
                  00000200    00000080     rts430_eabi.lib : xvalues.obj (.data)
                  00000280    0000001a     blink.obj (.data)
                  0000029a    00000006     blink.obj (.data:state)

.TI.persistent 
*          0    00000200    00000000     UNINITIALIZED

.bss       0    000002a0    0000009e     UNINITIALIZED
                  000002a0    00000040     (.common:thetaBuff)
                  000002e0    0000000c     (.common:pwm_period)
                  000002ec    00000008     (.common:coordx)
                  000002f4    00000008     (.common:coordy)
                  000002fc    00000008     (.common:theta)
                  00000304    00000008     (.common:thetaBuf)
                  0000030c    00000006     (.common:coord2)
                  00000312    00000006     (.common:h)
                  00000318    00000006     (.common:prevDuty)
                  0000031e    00000006     (.common:pwm_on)
                  00000324    00000006     (.common:step)
                  0000032a    00000006     (.common:wanted)
                  00000330    00000002     (.common:PTxData)
                  00000332    00000002     (.common:RXByteCtr)
                  00000334    00000002     (.common:TXByteCtr)
                  00000336    00000002     (.common:rx_num1)
                  00000338    00000002     (.common:stateM)
                  0000033a    00000002     (.common:test1)
                  0000033c    00000002     (.common:test2)

.TI.noinit 
*          0    000002a0    00000000     UNINITIALIZED

.stack     0    000003b0    00000050     UNINITIALIZED
                  000003b0    00000002     rts430_eabi.lib : boot.obj (.stack)
                  000003b2    0000004e     --HOLE--

.text      0    0000c000    000026f8     
                  0000c000    00000462     rts430_eabi.lib : frcdivd.obj (.text:__TI_frcdivd)
                  0000c462    000002f4                     : frcmpyd.obj (.text:__TI_frcmpyd)
                  0000c756    000002e8                     : addd.obj (.text:__mspabi_addd)
                  0000ca3e    000002de                     : xatan.obj (.text:_Atan)
                  0000cd1c    0000026e                     : mpyd.obj (.text:__mspabi_mpyd)
                  0000cf8a    00000260                     : frcaddd.obj (.text:__TI_frcaddd)
                  0000d1ea    00000238                     : divd.obj (.text:__mspabi_divd)
                  0000d422    00000214                     : atan2.obj (.text:atan2)
                  0000d636    0000018c     blink.obj (.text:USCI0TX_ISR)
                  0000d7c2    0000013e     blink.obj (.text:Port_1)
                  0000d900    00000124     blink.obj (.text:USCI0RX_ISR)
                  0000da24    00000116     blink.obj (.text:main)
                  0000db3a    00000114     blink.obj (.text:track)
                  0000dc4e    000000dc     rts430_eabi.lib : cmpd.obj (.text:__mspabi_cmpd)
                  0000dd2a    000000dc     blink.obj (.text:isr_ccr12)
                  0000de06    000000c0     blink.obj (.text:pwm_init)
                  0000dec6    000000be     rts430_eabi.lib : renormd.obj (.text:__TI_renormd)
                  0000df84    000000a2                     : fltlid.obj (.text:__mspabi_fltlid)
                  0000e026    0000009e     blink.obj (.text:turnSouth)
                  0000e0c4    00000090     blink.obj (.text:turn)
                  0000e154    0000006c     blink.obj (.text:isr_ccr0)
                  0000e1c0    0000005e     rts430_eabi.lib : copy_decompress_rle.obj (.text:__TI_decompress_rle_core)
                  0000e21e    0000005e                     : autoinit.obj (.text:_auto_init)
                  0000e27c    0000005c                     : lsr32.obj (.text:l_lsr_const)
                  0000e2d8    0000005c     blink.obj (.text:update)
                  0000e334    0000005a     blink.obj (.text:turnNorth)
                  0000e38e    0000004c     rts430_eabi.lib : lsr16.obj (.text)
                  0000e3da    00000046     blink.obj (.text:change)
                  0000e420    0000003e     rts430_eabi.lib : asr32.obj (.text:l_asr_const)
                  0000e45e    0000003e                     : lsl32.obj (.text:l_lsl_const)
                  0000e49c    0000003a     blink.obj (.text:receiveSetup)
                  0000e4d6    0000003a     blink.obj (.text:transmitSetup)
                  0000e510    0000002e     rts430_eabi.lib : subd.obj (.text:__mspabi_subd)
                  0000e53e    0000002c                     : asr16.obj (.text)
                  0000e56a    0000002c                     : div16s.obj (.text)
                  0000e596    0000002c                     : lsl16.obj (.text)
                  0000e5c2    0000002a                     : negd.obj (.text:__mspabi_negd)
                  0000e5ec    00000026                     : mult32.obj (.text)
                  0000e612    0000001a                     : boot.obj (.text:_c_int00_noexit)
                  0000e62c    00000016                     : div16u.obj (.text)
                  0000e642    00000014                     : copy_zero_init.obj (.text:decompress:ZI:__TI_zero_init)
                  0000e656    00000014                     : mult16.obj (.text)
                  0000e66a    00000012                     : copy_decompress_none.obj (.text:decompress:none:__TI_decompress_none)
                  0000e67c    00000012                     : lsr32.obj (.text:l_lsr)
                  0000e68e    00000012                     : memcpy.obj (.text:memcpy)
                  0000e6a0    00000010                     : asr32.obj (.text:l_asr)
                  0000e6b0    00000010                     : lsl32.obj (.text:l_lsl)
                  0000e6c0    00000010                     : epilog.obj (.text)
                  0000e6d0    0000000c                     : fltid.obj (.text:__mspabi_fltid)
                  0000e6dc    00000008     blink.obj (.text:kill)
                  0000e6e4    00000006     rts430_eabi.lib : isr_trap.obj (.text:__TI_ISR_TRAP)
                  0000e6ea    00000006                     : copy_decompress_rle.obj (.text:decompress:rle24:__TI_decompress_rle24)
                  0000e6f0    00000004                     : pre_init.obj (.text:_system_pre_init)
                  0000e6f4    00000004                     : exit.obj (.text:abort)

.const     0    0000e6f8    000000a1     
                  0000e6f8    00000040     rts430_eabi.lib : xatan.obj (.const:a)
                  0000e738    00000020                     : xatan.obj (.const:c)
                  0000e758    00000018                     : xatan.obj (.const:s)
                  0000e770    00000012     blink.obj (.const)
                  0000e782    00000006     blink.obj (.const:MAX)
                  0000e788    00000006     blink.obj (.const:MIN)
                  0000e78e    00000006     blink.obj (.const:NEUT)
                  0000e794    00000005     blink.obj (.const:.string:TxData)

.cinit     0    0000e79a    00000048     
                  0000e79a    00000035     (.cinit..data.load) [load image, compression = rle]
                  0000e7cf    00000001     --HOLE-- [fill = 0]
                  0000e7d0    00000006     (__TI_handler_table)
                  0000e7d6    00000004     (.cinit..bss.load) [load image, compression = zero_init]
                  0000e7da    00000008     (__TI_cinit_table)

PORT1      0    0000ffe4    00000002     
                  0000ffe4    00000002     blink.obj (.int02)

PORT2      0    0000ffe6    00000002     
                  0000ffe6    00000002     rts430_eabi.lib : int03.obj (.int03)

ADC10      0    0000ffea    00000002     
                  0000ffea    00000002     rts430_eabi.lib : int05.obj (.int05)

USCIAB0TX 
*          0    0000ffec    00000002     
                  0000ffec    00000002     blink.obj (.int06)

USCIAB0RX 
*          0    0000ffee    00000002     
                  0000ffee    00000002     blink.obj (.int07)

TIMER0_A1 
*          0    0000fff0    00000002     
                  0000fff0    00000002     rts430_eabi.lib : int08.obj (.int08)

TIMER0_A0 
*          0    0000fff2    00000002     
                  0000fff2    00000002     rts430_eabi.lib : int09.obj (.int09)

WDT        0    0000fff4    00000002     
                  0000fff4    00000002     rts430_eabi.lib : int10.obj (.int10)

COMPARATORA 
*          0    0000fff6    00000002     
                  0000fff6    00000002     rts430_eabi.lib : int11.obj (.int11)

TIMER1_A1 
*          0    0000fff8    00000002     
                  0000fff8    00000002     blink.obj (.int12)

TIMER1_A0 
*          0    0000fffa    00000002     
                  0000fffa    00000002     blink.obj (.int13)

NMI        0    0000fffc    00000002     
                  0000fffc    00000002     rts430_eabi.lib : int14.obj (.int14)

.reset     0    0000fffe    00000002     
                  0000fffe    00000002     rts430_eabi.lib : boot.obj (.reset)


LINKER GENERATED COPY TABLES

__TI_cinit_table @ 0000e7da records: 2, size/record: 4, table size: 8
	.data: load addr=0000e79a, load size=00000035 bytes, run addr=00000200, run size=000000a0 bytes, compression=rle
	.bss: load addr=0000e7d6, load size=00000004 bytes, run addr=000002a0, run size=0000009e bytes, compression=zero_init


LINKER GENERATED HANDLER TABLE

__TI_handler_table @ 0000e7d0 records: 3, size/record: 2, table size: 6
	index: 0, handler: __TI_zero_init
	index: 1, handler: __TI_decompress_rle24
	index: 2, handler: __TI_decompress_none


GLOBAL SYMBOLS: SORTED ALPHABETICALLY BY Name 

address    name
--------   ----
0000004a   ADC10AE0
000001b0   ADC10CTL0
000001b2   ADC10CTL1
00000048   ADC10DTC0
00000049   ADC10DTC1
000001b4   ADC10MEM
000001bc   ADC10SA
00000057   BCSCTL1
00000058   BCSCTL2
00000053   BCSCTL3
0000e6f4   C$$EXIT
00000059   CACTL1
0000005a   CACTL2
000010fb   CALBC1_12MHZ
000010f9   CALBC1_16MHZ
000010ff   CALBC1_1MHZ
000010fd   CALBC1_8MHZ
000010fa   CALDCO_12MHZ
000010f8   CALDCO_16MHZ
000010fe   CALDCO_1MHZ
000010fc   CALDCO_8MHZ
0000005b   CAPD
00000056   DCOCTL
00000128   FCTL1
0000012a   FCTL2
0000012c   FCTL3
00000000   IE1
00000001   IE2
00000002   IFG1
00000003   IFG2
0000e772   KILLED_CHAR
00000022   P1DIR
00000025   P1IE
00000024   P1IES
00000023   P1IFG
00000020   P1IN
00000021   P1OUT
00000027   P1REN
00000026   P1SEL
00000041   P1SEL2
0000002a   P2DIR
0000002d   P2IE
0000002c   P2IES
0000002b   P2IFG
00000028   P2IN
00000029   P2OUT
0000002f   P2REN
0000002e   P2SEL
00000042   P2SEL2
0000001a   P3DIR
00000018   P3IN
00000019   P3OUT
00000010   P3REN
0000001b   P3SEL
00000043   P3SEL2
00000330   PTxData
0000d7c2   Port_1
00000332   RXByteCtr
00000172   TA0CCR0
00000174   TA0CCR1
00000176   TA0CCR2
00000162   TA0CCTL0
00000164   TA0CCTL1
00000166   TA0CCTL2
00000160   TA0CTL
0000012e   TA0IV
00000170   TA0R
00000192   TA1CCR0
00000194   TA1CCR1
00000196   TA1CCR2
00000182   TA1CCTL0
00000184   TA1CCTL1
00000186   TA1CCTL2
00000180   TA1CTL
0000011e   TA1IV
00000190   TA1R
000010db   TLV_ADC10_1_LEN
000010da   TLV_ADC10_1_TAG
000010c0   TLV_CHECKSUM
000010f7   TLV_DCO_30_LEN
000010f6   TLV_DCO_30_TAG
00000334   TXByteCtr
0000e794   TxData
0000005d   UCA0ABCTL
00000062   UCA0BR0
00000063   UCA0BR1
00000060   UCA0CTL0
00000061   UCA0CTL1
0000005f   UCA0IRRCTL
0000005e   UCA0IRTCTL
00000064   UCA0MCTL
00000066   UCA0RXBUF
00000065   UCA0STAT
00000067   UCA0TXBUF
0000006a   UCB0BR0
0000006b   UCB0BR1
00000068   UCB0CTL0
00000069   UCB0CTL1
0000006c   UCB0I2CIE
00000118   UCB0I2COA
0000011a   UCB0I2CSA
0000006e   UCB0RXBUF
0000006d   UCB0STAT
0000006f   UCB0TXBUF
0000d900   USCI0RX_ISR
0000d636   USCI0TX_ISR
00000120   WDTCTL
0000ca3e   _Atan
00000200   _Denorm
00000210   _Eps
00000220   _Hugeval
00000230   _Inf
00000240   _Nan
00000260   _Rteps
00000250   _Snan
00000270   _Xbig
00000278   _Zero
00000400   __STACK_END
00000050   __STACK_SIZE
0000e7da   __TI_CINIT_Base
0000e7e2   __TI_CINIT_Limit
0000e7d0   __TI_Handler_Table_Base
0000e7d6   __TI_Handler_Table_Limit
UNDEFED    __TI_INITARRAY_Base
UNDEFED    __TI_INITARRAY_Limit
0000e6e4   __TI_ISR_TRAP
00000001   __TI_args_main
0000e66a   __TI_decompress_none
0000e6ea   __TI_decompress_rle24
00000001   __TI_exit
0000cf8a   __TI_frcaddd
0000c000   __TI_frcdivd
0000c462   __TI_frcmpyd
0000ffe4   __TI_int02
0000ffe6   __TI_int03
0000ffea   __TI_int05
0000ffec   __TI_int06
0000ffee   __TI_int07
0000fff0   __TI_int08
0000fff2   __TI_int09
0000fff4   __TI_int10
0000fff6   __TI_int11
0000fff8   __TI_int12
0000fffa   __TI_int13
0000fffc   __TI_int14
0000dec6   __TI_renormd
0000e642   __TI_zero_init
ffffffff   __binit__
ffffffff   __c_args__
0000c756   __mspabi_addd
0000dc4e   __mspabi_cmpd
0000d1ea   __mspabi_divd
0000e56a   __mspabi_divi
0000e62c   __mspabi_divu
0000e6d0   __mspabi_fltid
0000df84   __mspabi_fltlid
0000e6cc   __mspabi_func_epilog_1
0000e6ca   __mspabi_func_epilog_2
0000e6c8   __mspabi_func_epilog_3
0000e6c6   __mspabi_func_epilog_4
0000e6c4   __mspabi_func_epilog_5
0000e6c2   __mspabi_func_epilog_6
0000e6c0   __mspabi_func_epilog_7
0000cd1c   __mspabi_mpyd
0000e656   __mspabi_mpyi
0000e5ec   __mspabi_mpyl
0000e5c2   __mspabi_negd
0000e56a   __mspabi_remi
0000e62c   __mspabi_remu
0000e596   __mspabi_slli
0000e5be   __mspabi_slli_1
0000e5ac   __mspabi_slli_10
0000e5aa   __mspabi_slli_11
0000e5a8   __mspabi_slli_12
0000e5a6   __mspabi_slli_13
0000e5a4   __mspabi_slli_14
0000e5a2   __mspabi_slli_15
0000e5bc   __mspabi_slli_2
0000e5ba   __mspabi_slli_3
0000e5b8   __mspabi_slli_4
0000e5b6   __mspabi_slli_5
0000e5b4   __mspabi_slli_6
0000e5b2   __mspabi_slli_7
0000e5b0   __mspabi_slli_8
0000e5ae   __mspabi_slli_9
0000e6b0   __mspabi_slll
0000e496   __mspabi_slll_1
0000e472   __mspabi_slll_10
0000e46e   __mspabi_slll_11
0000e46a   __mspabi_slll_12
0000e466   __mspabi_slll_13
0000e462   __mspabi_slll_14
0000e45e   __mspabi_slll_15
0000e492   __mspabi_slll_2
0000e48e   __mspabi_slll_3
0000e48a   __mspabi_slll_4
0000e486   __mspabi_slll_5
0000e482   __mspabi_slll_6
0000e47e   __mspabi_slll_7
0000e47a   __mspabi_slll_8
0000e476   __mspabi_slll_9
0000e53e   __mspabi_srai
0000e566   __mspabi_srai_1
0000e554   __mspabi_srai_10
0000e552   __mspabi_srai_11
0000e550   __mspabi_srai_12
0000e54e   __mspabi_srai_13
0000e54c   __mspabi_srai_14
0000e54a   __mspabi_srai_15
0000e564   __mspabi_srai_2
0000e562   __mspabi_srai_3
0000e560   __mspabi_srai_4
0000e55e   __mspabi_srai_5
0000e55c   __mspabi_srai_6
0000e55a   __mspabi_srai_7
0000e558   __mspabi_srai_8
0000e556   __mspabi_srai_9
0000e6a0   __mspabi_sral
0000e458   __mspabi_sral_1
0000e434   __mspabi_sral_10
0000e430   __mspabi_sral_11
0000e42c   __mspabi_sral_12
0000e428   __mspabi_sral_13
0000e424   __mspabi_sral_14
0000e420   __mspabi_sral_15
0000e454   __mspabi_sral_2
0000e450   __mspabi_sral_3
0000e44c   __mspabi_sral_4
0000e448   __mspabi_sral_5
0000e444   __mspabi_sral_6
0000e440   __mspabi_sral_7
0000e43c   __mspabi_sral_8
0000e438   __mspabi_sral_9
0000e38e   __mspabi_srli
0000e3d4   __mspabi_srli_1
0000e3b0   __mspabi_srli_10
0000e3ac   __mspabi_srli_11
0000e3a8   __mspabi_srli_12
0000e3a4   __mspabi_srli_13
0000e3a0   __mspabi_srli_14
0000e39c   __mspabi_srli_15
0000e3d0   __mspabi_srli_2
0000e3cc   __mspabi_srli_3
0000e3c8   __mspabi_srli_4
0000e3c4   __mspabi_srli_5
0000e3c0   __mspabi_srli_6
0000e3bc   __mspabi_srli_7
0000e3b8   __mspabi_srli_8
0000e3b4   __mspabi_srli_9
0000e67c   __mspabi_srll
0000e2d0   __mspabi_srll_1
0000e29a   __mspabi_srll_10
0000e294   __mspabi_srll_11
0000e28e   __mspabi_srll_12
0000e288   __mspabi_srll_13
0000e282   __mspabi_srll_14
0000e27c   __mspabi_srll_15
0000e2ca   __mspabi_srll_2
0000e2c4   __mspabi_srll_3
0000e2be   __mspabi_srll_4
0000e2b8   __mspabi_srll_5
0000e2b2   __mspabi_srll_6
0000e2ac   __mspabi_srll_7
0000e2a6   __mspabi_srll_8
0000e2a0   __mspabi_srll_9
0000e510   __mspabi_subd
0000e21e   _auto_init
0000e612   _c_int00
0000e612   _c_int00_noexit
0000fffe   _reset_vector
000003b0   _stack
0000e6f0   _system_pre_init
0000e6f4   abort
0000d422   atan2
ffffffff   binit
0000e3da   change
0000030c   coord2
000002ec   coordx
000002f4   coordy
00000294   go_init
00000312   h
0000e154   isr_ccr0
0000dd2a   isr_ccr12
0000e6dc   kill
00000292   killed
0000da24   main
0000e68e   memcpy
0000e49c   receiveSetup
00000286   rx_char
00000288   rx_data
0000028a   rx_data1
0000028e   rx_num
00000336   rx_num1
0000e770   sampleTheta
00000282   startSignal
00000338   stateM
0000033a   test1
0000033c   test2
000002fc   theta
00000304   thetaBuf
000002a0   thetaBuff
0000db3a   track
0000e4d6   transmitSetup
0000e0c4   turn
0000e334   turnNorth
0000e026   turnSouth
00000290   tx
0000e2d8   update
00000280   us
0000028c   x


GLOBAL SYMBOLS: SORTED BY Symbol Address 

address    name
--------   ----
00000000   IE1
00000001   IE2
00000001   __TI_args_main
00000001   __TI_exit
00000002   IFG1
00000003   IFG2
00000010   P3REN
00000018   P3IN
00000019   P3OUT
0000001a   P3DIR
0000001b   P3SEL
00000020   P1IN
00000021   P1OUT
00000022   P1DIR
00000023   P1IFG
00000024   P1IES
00000025   P1IE
00000026   P1SEL
00000027   P1REN
00000028   P2IN
00000029   P2OUT
0000002a   P2DIR
0000002b   P2IFG
0000002c   P2IES
0000002d   P2IE
0000002e   P2SEL
0000002f   P2REN
00000041   P1SEL2
00000042   P2SEL2
00000043   P3SEL2
00000048   ADC10DTC0
00000049   ADC10DTC1
0000004a   ADC10AE0
00000050   __STACK_SIZE
00000053   BCSCTL3
00000056   DCOCTL
00000057   BCSCTL1
00000058   BCSCTL2
00000059   CACTL1
0000005a   CACTL2
0000005b   CAPD
0000005d   UCA0ABCTL
0000005e   UCA0IRTCTL
0000005f   UCA0IRRCTL
00000060   UCA0CTL0
00000061   UCA0CTL1
00000062   UCA0BR0
00000063   UCA0BR1
00000064   UCA0MCTL
00000065   UCA0STAT
00000066   UCA0RXBUF
00000067   UCA0TXBUF
00000068   UCB0CTL0
00000069   UCB0CTL1
0000006a   UCB0BR0
0000006b   UCB0BR1
0000006c   UCB0I2CIE
0000006d   UCB0STAT
0000006e   UCB0RXBUF
0000006f   UCB0TXBUF
00000118   UCB0I2COA
0000011a   UCB0I2CSA
0000011e   TA1IV
00000120   WDTCTL
00000128   FCTL1
0000012a   FCTL2
0000012c   FCTL3
0000012e   TA0IV
00000160   TA0CTL
00000162   TA0CCTL0
00000164   TA0CCTL1
00000166   TA0CCTL2
00000170   TA0R
00000172   TA0CCR0
00000174   TA0CCR1
00000176   TA0CCR2
00000180   TA1CTL
00000182   TA1CCTL0
00000184   TA1CCTL1
00000186   TA1CCTL2
00000190   TA1R
00000192   TA1CCR0
00000194   TA1CCR1
00000196   TA1CCR2
000001b0   ADC10CTL0
000001b2   ADC10CTL1
000001b4   ADC10MEM
000001bc   ADC10SA
00000200   _Denorm
00000210   _Eps
00000220   _Hugeval
00000230   _Inf
00000240   _Nan
00000250   _Snan
00000260   _Rteps
00000270   _Xbig
00000278   _Zero
00000280   us
00000282   startSignal
00000286   rx_char
00000288   rx_data
0000028a   rx_data1
0000028c   x
0000028e   rx_num
00000290   tx
00000292   killed
00000294   go_init
000002a0   thetaBuff
000002ec   coordx
000002f4   coordy
000002fc   theta
00000304   thetaBuf
0000030c   coord2
00000312   h
00000330   PTxData
00000332   RXByteCtr
00000334   TXByteCtr
00000336   rx_num1
00000338   stateM
0000033a   test1
0000033c   test2
000003b0   _stack
00000400   __STACK_END
000010c0   TLV_CHECKSUM
000010da   TLV_ADC10_1_TAG
000010db   TLV_ADC10_1_LEN
000010f6   TLV_DCO_30_TAG
000010f7   TLV_DCO_30_LEN
000010f8   CALDCO_16MHZ
000010f9   CALBC1_16MHZ
000010fa   CALDCO_12MHZ
000010fb   CALBC1_12MHZ
000010fc   CALDCO_8MHZ
000010fd   CALBC1_8MHZ
000010fe   CALDCO_1MHZ
000010ff   CALBC1_1MHZ
0000c000   __TI_frcdivd
0000c462   __TI_frcmpyd
0000c756   __mspabi_addd
0000ca3e   _Atan
0000cd1c   __mspabi_mpyd
0000cf8a   __TI_frcaddd
0000d1ea   __mspabi_divd
0000d422   atan2
0000d636   USCI0TX_ISR
0000d7c2   Port_1
0000d900   USCI0RX_ISR
0000da24   main
0000db3a   track
0000dc4e   __mspabi_cmpd
0000dd2a   isr_ccr12
0000dec6   __TI_renormd
0000df84   __mspabi_fltlid
0000e026   turnSouth
0000e0c4   turn
0000e154   isr_ccr0
0000e21e   _auto_init
0000e27c   __mspabi_srll_15
0000e282   __mspabi_srll_14
0000e288   __mspabi_srll_13
0000e28e   __mspabi_srll_12
0000e294   __mspabi_srll_11
0000e29a   __mspabi_srll_10
0000e2a0   __mspabi_srll_9
0000e2a6   __mspabi_srll_8
0000e2ac   __mspabi_srll_7
0000e2b2   __mspabi_srll_6
0000e2b8   __mspabi_srll_5
0000e2be   __mspabi_srll_4
0000e2c4   __mspabi_srll_3
0000e2ca   __mspabi_srll_2
0000e2d0   __mspabi_srll_1
0000e2d8   update
0000e334   turnNorth
0000e38e   __mspabi_srli
0000e39c   __mspabi_srli_15
0000e3a0   __mspabi_srli_14
0000e3a4   __mspabi_srli_13
0000e3a8   __mspabi_srli_12
0000e3ac   __mspabi_srli_11
0000e3b0   __mspabi_srli_10
0000e3b4   __mspabi_srli_9
0000e3b8   __mspabi_srli_8
0000e3bc   __mspabi_srli_7
0000e3c0   __mspabi_srli_6
0000e3c4   __mspabi_srli_5
0000e3c8   __mspabi_srli_4
0000e3cc   __mspabi_srli_3
0000e3d0   __mspabi_srli_2
0000e3d4   __mspabi_srli_1
0000e3da   change
0000e420   __mspabi_sral_15
0000e424   __mspabi_sral_14
0000e428   __mspabi_sral_13
0000e42c   __mspabi_sral_12
0000e430   __mspabi_sral_11
0000e434   __mspabi_sral_10
0000e438   __mspabi_sral_9
0000e43c   __mspabi_sral_8
0000e440   __mspabi_sral_7
0000e444   __mspabi_sral_6
0000e448   __mspabi_sral_5
0000e44c   __mspabi_sral_4
0000e450   __mspabi_sral_3
0000e454   __mspabi_sral_2
0000e458   __mspabi_sral_1
0000e45e   __mspabi_slll_15
0000e462   __mspabi_slll_14
0000e466   __mspabi_slll_13
0000e46a   __mspabi_slll_12
0000e46e   __mspabi_slll_11
0000e472   __mspabi_slll_10
0000e476   __mspabi_slll_9
0000e47a   __mspabi_slll_8
0000e47e   __mspabi_slll_7
0000e482   __mspabi_slll_6
0000e486   __mspabi_slll_5
0000e48a   __mspabi_slll_4
0000e48e   __mspabi_slll_3
0000e492   __mspabi_slll_2
0000e496   __mspabi_slll_1
0000e49c   receiveSetup
0000e4d6   transmitSetup
0000e510   __mspabi_subd
0000e53e   __mspabi_srai
0000e54a   __mspabi_srai_15
0000e54c   __mspabi_srai_14
0000e54e   __mspabi_srai_13
0000e550   __mspabi_srai_12
0000e552   __mspabi_srai_11
0000e554   __mspabi_srai_10
0000e556   __mspabi_srai_9
0000e558   __mspabi_srai_8
0000e55a   __mspabi_srai_7
0000e55c   __mspabi_srai_6
0000e55e   __mspabi_srai_5
0000e560   __mspabi_srai_4
0000e562   __mspabi_srai_3
0000e564   __mspabi_srai_2
0000e566   __mspabi_srai_1
0000e56a   __mspabi_divi
0000e56a   __mspabi_remi
0000e596   __mspabi_slli
0000e5a2   __mspabi_slli_15
0000e5a4   __mspabi_slli_14
0000e5a6   __mspabi_slli_13
0000e5a8   __mspabi_slli_12
0000e5aa   __mspabi_slli_11
0000e5ac   __mspabi_slli_10
0000e5ae   __mspabi_slli_9
0000e5b0   __mspabi_slli_8
0000e5b2   __mspabi_slli_7
0000e5b4   __mspabi_slli_6
0000e5b6   __mspabi_slli_5
0000e5b8   __mspabi_slli_4
0000e5ba   __mspabi_slli_3
0000e5bc   __mspabi_slli_2
0000e5be   __mspabi_slli_1
0000e5c2   __mspabi_negd
0000e5ec   __mspabi_mpyl
0000e612   _c_int00
0000e612   _c_int00_noexit
0000e62c   __mspabi_divu
0000e62c   __mspabi_remu
0000e642   __TI_zero_init
0000e656   __mspabi_mpyi
0000e66a   __TI_decompress_none
0000e67c   __mspabi_srll
0000e68e   memcpy
0000e6a0   __mspabi_sral
0000e6b0   __mspabi_slll
0000e6c0   __mspabi_func_epilog_7
0000e6c2   __mspabi_func_epilog_6
0000e6c4   __mspabi_func_epilog_5
0000e6c6   __mspabi_func_epilog_4
0000e6c8   __mspabi_func_epilog_3
0000e6ca   __mspabi_func_epilog_2
0000e6cc   __mspabi_func_epilog_1
0000e6d0   __mspabi_fltid
0000e6dc   kill
0000e6e4   __TI_ISR_TRAP
0000e6ea   __TI_decompress_rle24
0000e6f0   _system_pre_init
0000e6f4   C$$EXIT
0000e6f4   abort
0000e770   sampleTheta
0000e772   KILLED_CHAR
0000e794   TxData
0000e7d0   __TI_Handler_Table_Base
0000e7d6   __TI_Handler_Table_Limit
0000e7da   __TI_CINIT_Base
0000e7e2   __TI_CINIT_Limit
0000ffe4   __TI_int02
0000ffe6   __TI_int03
0000ffea   __TI_int05
0000ffec   __TI_int06
0000ffee   __TI_int07
0000fff0   __TI_int08
0000fff2   __TI_int09
0000fff4   __TI_int10
0000fff6   __TI_int11
0000fff8   __TI_int12
0000fffa   __TI_int13
0000fffc   __TI_int14
0000fffe   _reset_vector
ffffffff   __binit__
ffffffff   __c_args__
ffffffff   binit
UNDEFED    __TI_INITARRAY_Base
UNDEFED    __TI_INITARRAY_Limit

[310 symbols]
