******************************************************************************
                  MSP430 Linker PC v4.3.3                      
******************************************************************************
>> Linked Tue Oct 07 17:12:42 2014

OUTPUT FILE NAME:   <asdffa.out>
ENTRY POINT SYMBOL: "_c_int00"  address: 0000e7aa


MEMORY CONFIGURATION

         name            origin    length      used     unused   attr    fill
----------------------  --------  ---------  --------  --------  ----  --------
  SFR                   00000000   00000010  00000000  00000010  RWIX
  PERIPHERALS_8BIT      00000010   000000f0  00000000  000000f0  RWIX
  PERIPHERALS_16BIT     00000100   00000100  00000000  00000100  RWIX
  RAM                   00000200   00000200  000001bd  00000043  RWIX
  INFOD                 00001000   00000040  00000000  00000040  RWIX
  INFOC                 00001040   00000040  00000000  00000040  RWIX
  INFOB                 00001080   00000040  00000000  00000040  RWIX
  INFOA                 000010c0   00000040  00000000  00000040  RWIX
  FLASH                 0000c000   00003fe0  00002975  0000166b  RWIX
  INT00                 0000ffe0   00000002  00000000  00000002  RWIX
  INT01                 0000ffe2   00000002  00000000  00000002  RWIX
  INT02                 0000ffe4   00000002  00000002  00000000  RWIX
  INT03                 0000ffe6   00000002  00000002  00000000  RWIX
  INT04                 0000ffe8   00000002  00000000  00000002  RWIX
  INT05                 0000ffea   00000002  00000002  00000000  RWIX
  INT06                 0000ffec   00000002  00000002  00000000  RWIX
  INT07                 0000ffee   00000002  00000002  00000000  RWIX
  INT08                 0000fff0   00000002  00000002  00000000  RWIX
  INT09                 0000fff2   00000002  00000002  00000000  RWIX
  INT10                 0000fff4   00000002  00000002  00000000  RWIX
  INT11                 0000fff6   00000002  00000002  00000000  RWIX
  INT12                 0000fff8   00000002  00000002  00000000  RWIX
  INT13                 0000fffa   00000002  00000002  00000000  RWIX
  INT14                 0000fffc   00000002  00000002  00000000  RWIX
  RESET                 0000fffe   00000002  00000002  00000000  RWIX


SECTION ALLOCATION MAP

 output                                  attributes/
section   page    origin      length       input sections
--------  ----  ----------  ----------   ----------------
.init_array 
*          0    0000c000    00000000     UNINITIALIZED

.bss       0    00000200    000000c9     UNINITIALIZED
                  00000200    0000003c     (.common:RxBuffer)
                  0000023c    0000003c     (.common:coord)
                  00000278    00000008     (.common:coordx)
                  00000280    00000008     (.common:coordy)
                  00000288    00000008     (.common:theta)
                  00000290    00000006     (.common:coord2)
                  00000296    00000006     (.common:h)
                  0000029c    00000006     (.common:prevDuty)
                  000002a2    00000006     (.common:pwm_on)
                  000002a8    00000006     (.common:pwm_period)
                  000002ae    00000006     (.common:step)
                  000002b4    00000006     (.common:wanted)
                  000002ba    00000002     (.common:PRxData)
                  000002bc    00000002     (.common:PTxData)
                  000002be    00000002     (.common:RXByteCtr)
                  000002c0    00000002     (.common:TXByteCtr)
                  000002c2    00000002     (.common:go_init)
                  000002c4    00000002     (.common:rx_num1)
                  000002c6    00000002     (.common:track_init)
                  000002c8    00000001     (.common:rx_char)

.TI.noinit 
*          0    00000200    00000000     UNINITIALIZED

.data      0    000002ca    000000a4     UNINITIALIZED
                  000002ca    00000080     rts430_eabi.lib : xvalues.obj (.data)
                  0000034a    0000001e     blink.obj (.data)
                  00000368    00000006     blink.obj (.data:state)

.TI.persistent 
*          0    000002ca    00000000     UNINITIALIZED

.stack     0    000003b0    00000050     UNINITIALIZED
                  000003b0    00000002     rts430_eabi.lib : boot.obj (.stack)
                  000003b2    0000004e     --HOLE--

.text      0    0000c000    00002892     
                  0000c000    00000462     rts430_eabi.lib : frcdivd.obj (.text:__TI_frcdivd)
                  0000c462    000002f4                     : frcmpyd.obj (.text:__TI_frcmpyd)
                  0000c756    000002e8                     : addd.obj (.text:__mspabi_addd)
                  0000ca3e    000002de                     : xatan.obj (.text:_Atan)
                  0000cd1c    0000026e                     : mpyd.obj (.text:__mspabi_mpyd)
                  0000cf8a    00000260                     : frcaddd.obj (.text:__TI_frcaddd)
                  0000d1ea    00000238                     : divd.obj (.text:__mspabi_divd)
                  0000d422    00000214                     : atan2.obj (.text:atan2)
                  0000d636    000001e4     blink.obj (.text:turnSouth)
                  0000d81a    000001d4     blink.obj (.text:USCI0TX_ISR)
                  0000d9ee    00000198     blink.obj (.text:turnNorth)
                  0000db86    00000132     blink.obj (.text:Port_1)
                  0000dcb8    00000118     blink.obj (.text:main)
                  0000ddd0    000000dc     rts430_eabi.lib : cmpd.obj (.text:__mspabi_cmpd)
                  0000deac    000000cc     blink.obj (.text:isr_ccr12)
                  0000df78    000000c8     blink.obj (.text:USCI0RX_ISR)
                  0000e040    000000c8     blink.obj (.text:pwm_init)
                  0000e108    000000be     rts430_eabi.lib : renormd.obj (.text:__TI_renormd)
                  0000e1c6    000000b4     blink.obj (.text:track)
                  0000e27a    000000a2     rts430_eabi.lib : fltlid.obj (.text:__mspabi_fltlid)
                  0000e31c    00000080     blink.obj (.text:change)
                  0000e39c    0000006a     blink.obj (.text:isr_ccr0)
                  0000e406    0000005e     rts430_eabi.lib : copy_decompress_rle.obj (.text:__TI_decompress_rle_core)
                  0000e464    0000005e                     : autoinit.obj (.text:_auto_init)
                  0000e4c2    0000005c                     : lsr32.obj (.text:l_lsr_const)
                  0000e51e    0000005c     blink.obj (.text:update)
                  0000e57a    0000004c     rts430_eabi.lib : lsr16.obj (.text)
                  0000e5c6    0000003e                     : asr32.obj (.text:l_asr_const)
                  0000e604    0000003e                     : lsl32.obj (.text:l_lsl_const)
                  0000e642    00000032     blink.obj (.text:receiveSetup)
                  0000e674    00000032     blink.obj (.text:transmitSetup)
                  0000e6a6    0000002e     rts430_eabi.lib : subd.obj (.text:__mspabi_subd)
                  0000e6d4    0000002e     blink.obj (.text:follow)
                  0000e702    0000002c     rts430_eabi.lib : asr16.obj (.text)
                  0000e72e    0000002c                     : lsl16.obj (.text)
                  0000e75a    0000002a                     : negd.obj (.text:__mspabi_negd)
                  0000e784    00000026                     : mult32.obj (.text)
                  0000e7aa    0000001a                     : boot.obj (.text:_c_int00_noexit)
                  0000e7c4    00000016                     : div16u.obj (.text)
                  0000e7da    00000014                     : copy_zero_init.obj (.text:decompress:ZI:__TI_zero_init)
                  0000e7ee    00000014                     : mult16.obj (.text)
                  0000e802    00000012                     : copy_decompress_none.obj (.text:decompress:none:__TI_decompress_none)
                  0000e814    00000012                     : lsr32.obj (.text:l_lsr)
                  0000e826    00000012                     : memcpy.obj (.text:memcpy)
                  0000e838    00000010                     : asr32.obj (.text:l_asr)
                  0000e848    00000010                     : lsl32.obj (.text:l_lsl)
                  0000e858    00000010                     : epilog.obj (.text)
                  0000e868    0000000c                     : fltid.obj (.text:__mspabi_fltid)
                  0000e874    0000000a     blink.obj (.text:kill)
                  0000e87e    00000006     rts430_eabi.lib : isr_trap.obj (.text:__TI_ISR_TRAP)
                  0000e884    00000006                     : copy_decompress_rle.obj (.text:decompress:rle24:__TI_decompress_rle24)
                  0000e88a    00000004                     : pre_init.obj (.text:_system_pre_init)
                  0000e88e    00000004                     : exit.obj (.text:abort)

.const     0    0000e892    00000097     
                  0000e892    00000040     rts430_eabi.lib : xatan.obj (.const:a)
                  0000e8d2    00000020                     : xatan.obj (.const:c)
                  0000e8f2    00000018                     : xatan.obj (.const:s)
                  0000e90a    0000000a     blink.obj (.const)
                  0000e914    00000006     blink.obj (.const:MAX)
                  0000e91a    00000006     blink.obj (.const:MIN)
                  0000e920    00000006     blink.obj (.const:NEUT)
                  0000e926    00000003     blink.obj (.const:.string:TxData)

.cinit     0    0000e92a    0000004c     
                  0000e92a    00000039     (.cinit..data.load) [load image, compression = rle]
                  0000e963    00000001     --HOLE-- [fill = 0]
                  0000e964    00000006     (__TI_handler_table)
                  0000e96a    00000004     (.cinit..bss.load) [load image, compression = zero_init]
                  0000e96e    00000008     (__TI_cinit_table)

PORT1      0    0000ffe4    00000002     
                  0000ffe4    00000002     blink.obj (.int02)

PORT2      0    0000ffe6    00000002     
                  0000ffe6    00000002     rts430_eabi.lib : int03.obj (.int03)

ADC10      0    0000ffea    00000002     
                  0000ffea    00000002     rts430_eabi.lib : int05.obj (.int05)

USCIAB0TX 
*          0    0000ffec    00000002     
                  0000ffec    00000002     blink.obj (.int06)

USCIAB0RX 
*          0    0000ffee    00000002     
                  0000ffee    00000002     blink.obj (.int07)

TIMER0_A1 
*          0    0000fff0    00000002     
                  0000fff0    00000002     rts430_eabi.lib : int08.obj (.int08)

TIMER0_A0 
*          0    0000fff2    00000002     
                  0000fff2    00000002     rts430_eabi.lib : int09.obj (.int09)

WDT        0    0000fff4    00000002     
                  0000fff4    00000002     rts430_eabi.lib : int10.obj (.int10)

COMPARATORA 
*          0    0000fff6    00000002     
                  0000fff6    00000002     rts430_eabi.lib : int11.obj (.int11)

TIMER1_A1 
*          0    0000fff8    00000002     
                  0000fff8    00000002     blink.obj (.int12)

TIMER1_A0 
*          0    0000fffa    00000002     
                  0000fffa    00000002     blink.obj (.int13)

NMI        0    0000fffc    00000002     
                  0000fffc    00000002     rts430_eabi.lib : int14.obj (.int14)

.reset     0    0000fffe    00000002     
                  0000fffe    00000002     rts430_eabi.lib : boot.obj (.reset)


LINKER GENERATED COPY TABLES

__TI_cinit_table @ 0000e96e records: 2, size/record: 4, table size: 8
	.data: load addr=0000e92a, load size=00000039 bytes, run addr=000002ca, run size=000000a4 bytes, compression=rle
	.bss: load addr=0000e96a, load size=00000004 bytes, run addr=00000200, run size=000000c9 bytes, compression=zero_init


LINKER GENERATED HANDLER TABLE

__TI_handler_table @ 0000e964 records: 3, size/record: 2, table size: 6
	index: 0, handler: __TI_zero_init
	index: 1, handler: __TI_decompress_rle24
	index: 2, handler: __TI_decompress_none


GLOBAL SYMBOLS: SORTED ALPHABETICALLY BY Name 

address    name
--------   ----
0000004a   ADC10AE0
000001b0   ADC10CTL0
000001b2   ADC10CTL1
00000048   ADC10DTC0
00000049   ADC10DTC1
000001b4   ADC10MEM
000001bc   ADC10SA
00000057   BCSCTL1
00000058   BCSCTL2
00000053   BCSCTL3
0000e88e   C$$EXIT
00000059   CACTL1
0000005a   CACTL2
000010fb   CALBC1_12MHZ
000010f9   CALBC1_16MHZ
000010ff   CALBC1_1MHZ
000010fd   CALBC1_8MHZ
000010fa   CALDCO_12MHZ
000010f8   CALDCO_16MHZ
000010fe   CALDCO_1MHZ
000010fc   CALDCO_8MHZ
0000005b   CAPD
00000056   DCOCTL
00000128   FCTL1
0000012a   FCTL2
0000012c   FCTL3
00000000   IE1
00000001   IE2
00000002   IFG1
00000003   IFG2
00000022   P1DIR
00000025   P1IE
00000024   P1IES
00000023   P1IFG
00000020   P1IN
00000021   P1OUT
00000027   P1REN
00000026   P1SEL
00000041   P1SEL2
0000002a   P2DIR
0000002d   P2IE
0000002c   P2IES
0000002b   P2IFG
00000028   P2IN
00000029   P2OUT
0000002f   P2REN
0000002e   P2SEL
00000042   P2SEL2
0000001a   P3DIR
00000018   P3IN
00000019   P3OUT
00000010   P3REN
0000001b   P3SEL
00000043   P3SEL2
000002ba   PRxData
000002bc   PTxData
0000db86   Port_1
000002be   RXByteCtr
00000200   RxBuffer
00000172   TA0CCR0
00000174   TA0CCR1
00000176   TA0CCR2
00000162   TA0CCTL0
00000164   TA0CCTL1
00000166   TA0CCTL2
00000160   TA0CTL
0000012e   TA0IV
00000170   TA0R
00000192   TA1CCR0
00000194   TA1CCR1
00000196   TA1CCR2
00000182   TA1CCTL0
00000184   TA1CCTL1
00000186   TA1CCTL2
00000180   TA1CTL
0000011e   TA1IV
00000190   TA1R
000010db   TLV_ADC10_1_LEN
000010da   TLV_ADC10_1_TAG
000010c0   TLV_CHECKSUM
000010f7   TLV_DCO_30_LEN
000010f6   TLV_DCO_30_TAG
000002c0   TXByteCtr
0000e926   TxData
0000005d   UCA0ABCTL
00000062   UCA0BR0
00000063   UCA0BR1
00000060   UCA0CTL0
00000061   UCA0CTL1
0000005f   UCA0IRRCTL
0000005e   UCA0IRTCTL
00000064   UCA0MCTL
00000066   UCA0RXBUF
00000065   UCA0STAT
00000067   UCA0TXBUF
0000006a   UCB0BR0
0000006b   UCB0BR1
00000068   UCB0CTL0
00000069   UCB0CTL1
0000006c   UCB0I2CIE
00000118   UCB0I2COA
0000011a   UCB0I2CSA
0000006e   UCB0RXBUF
0000006d   UCB0STAT
0000006f   UCB0TXBUF
0000df78   USCI0RX_ISR
0000d81a   USCI0TX_ISR
00000120   WDTCTL
0000ca3e   _Atan
000002ca   _Denorm
000002da   _Eps
000002ea   _Hugeval
000002fa   _Inf
0000030a   _Nan
0000032a   _Rteps
0000031a   _Snan
0000033a   _Xbig
00000342   _Zero
00000400   __STACK_END
00000050   __STACK_SIZE
0000e96e   __TI_CINIT_Base
0000e976   __TI_CINIT_Limit
0000e964   __TI_Handler_Table_Base
0000e96a   __TI_Handler_Table_Limit
UNDEFED    __TI_INITARRAY_Base
UNDEFED    __TI_INITARRAY_Limit
0000e87e   __TI_ISR_TRAP
00000001   __TI_args_main
0000e802   __TI_decompress_none
0000e884   __TI_decompress_rle24
00000001   __TI_exit
0000cf8a   __TI_frcaddd
0000c000   __TI_frcdivd
0000c462   __TI_frcmpyd
0000ffe4   __TI_int02
0000ffe6   __TI_int03
0000ffea   __TI_int05
0000ffec   __TI_int06
0000ffee   __TI_int07
0000fff0   __TI_int08
0000fff2   __TI_int09
0000fff4   __TI_int10
0000fff6   __TI_int11
0000fff8   __TI_int12
0000fffa   __TI_int13
0000fffc   __TI_int14
0000e108   __TI_renormd
0000e7da   __TI_zero_init
ffffffff   __binit__
ffffffff   __c_args__
0000c756   __mspabi_addd
0000ddd0   __mspabi_cmpd
0000d1ea   __mspabi_divd
0000e7c4   __mspabi_divu
0000e868   __mspabi_fltid
0000e27a   __mspabi_fltlid
0000e864   __mspabi_func_epilog_1
0000e862   __mspabi_func_epilog_2
0000e860   __mspabi_func_epilog_3
0000e85e   __mspabi_func_epilog_4
0000e85c   __mspabi_func_epilog_5
0000e85a   __mspabi_func_epilog_6
0000e858   __mspabi_func_epilog_7
0000cd1c   __mspabi_mpyd
0000e7ee   __mspabi_mpyi
0000e784   __mspabi_mpyl
0000e75a   __mspabi_negd
0000e7c4   __mspabi_remu
0000e72e   __mspabi_slli
0000e756   __mspabi_slli_1
0000e744   __mspabi_slli_10
0000e742   __mspabi_slli_11
0000e740   __mspabi_slli_12
0000e73e   __mspabi_slli_13
0000e73c   __mspabi_slli_14
0000e73a   __mspabi_slli_15
0000e754   __mspabi_slli_2
0000e752   __mspabi_slli_3
0000e750   __mspabi_slli_4
0000e74e   __mspabi_slli_5
0000e74c   __mspabi_slli_6
0000e74a   __mspabi_slli_7
0000e748   __mspabi_slli_8
0000e746   __mspabi_slli_9
0000e848   __mspabi_slll
0000e63c   __mspabi_slll_1
0000e618   __mspabi_slll_10
0000e614   __mspabi_slll_11
0000e610   __mspabi_slll_12
0000e60c   __mspabi_slll_13
0000e608   __mspabi_slll_14
0000e604   __mspabi_slll_15
0000e638   __mspabi_slll_2
0000e634   __mspabi_slll_3
0000e630   __mspabi_slll_4
0000e62c   __mspabi_slll_5
0000e628   __mspabi_slll_6
0000e624   __mspabi_slll_7
0000e620   __mspabi_slll_8
0000e61c   __mspabi_slll_9
0000e702   __mspabi_srai
0000e72a   __mspabi_srai_1
0000e718   __mspabi_srai_10
0000e716   __mspabi_srai_11
0000e714   __mspabi_srai_12
0000e712   __mspabi_srai_13
0000e710   __mspabi_srai_14
0000e70e   __mspabi_srai_15
0000e728   __mspabi_srai_2
0000e726   __mspabi_srai_3
0000e724   __mspabi_srai_4
0000e722   __mspabi_srai_5
0000e720   __mspabi_srai_6
0000e71e   __mspabi_srai_7
0000e71c   __mspabi_srai_8
0000e71a   __mspabi_srai_9
0000e838   __mspabi_sral
0000e5fe   __mspabi_sral_1
0000e5da   __mspabi_sral_10
0000e5d6   __mspabi_sral_11
0000e5d2   __mspabi_sral_12
0000e5ce   __mspabi_sral_13
0000e5ca   __mspabi_sral_14
0000e5c6   __mspabi_sral_15
0000e5fa   __mspabi_sral_2
0000e5f6   __mspabi_sral_3
0000e5f2   __mspabi_sral_4
0000e5ee   __mspabi_sral_5
0000e5ea   __mspabi_sral_6
0000e5e6   __mspabi_sral_7
0000e5e2   __mspabi_sral_8
0000e5de   __mspabi_sral_9
0000e57a   __mspabi_srli
0000e5c0   __mspabi_srli_1
0000e59c   __mspabi_srli_10
0000e598   __mspabi_srli_11
0000e594   __mspabi_srli_12
0000e590   __mspabi_srli_13
0000e58c   __mspabi_srli_14
0000e588   __mspabi_srli_15
0000e5bc   __mspabi_srli_2
0000e5b8   __mspabi_srli_3
0000e5b4   __mspabi_srli_4
0000e5b0   __mspabi_srli_5
0000e5ac   __mspabi_srli_6
0000e5a8   __mspabi_srli_7
0000e5a4   __mspabi_srli_8
0000e5a0   __mspabi_srli_9
0000e814   __mspabi_srll
0000e516   __mspabi_srll_1
0000e4e0   __mspabi_srll_10
0000e4da   __mspabi_srll_11
0000e4d4   __mspabi_srll_12
0000e4ce   __mspabi_srll_13
0000e4c8   __mspabi_srll_14
0000e4c2   __mspabi_srll_15
0000e510   __mspabi_srll_2
0000e50a   __mspabi_srll_3
0000e504   __mspabi_srll_4
0000e4fe   __mspabi_srll_5
0000e4f8   __mspabi_srll_6
0000e4f2   __mspabi_srll_7
0000e4ec   __mspabi_srll_8
0000e4e6   __mspabi_srll_9
0000e6a6   __mspabi_subd
0000e464   _auto_init
0000e7aa   _c_int00
0000e7aa   _c_int00_noexit
0000fffe   _reset_vector
000003b0   _stack
0000e88a   _system_pre_init
0000e88e   abort
0000d422   atan2
ffffffff   binit
0000e31c   change
0000023c   coord
00000290   coord2
00000278   coordx
00000280   coordy
0000034c   evenodd
0000e6d4   follow
000002c2   go_init
00000296   h
0000e39c   isr_ccr0
0000deac   isr_ccr12
0000035a   j
0000e874   kill
00000362   killed
0000034a   loopcount
0000dcb8   main
0000e826   memcpy
0000e642   receiveSetup
000002c8   rx_char
00000354   rx_data
00000356   rx_data1
0000035e   rx_num
000002c4   rx_num1
00000288   theta
0000e1c6   track
000002c6   track_init
0000e674   transmitSetup
0000d9ee   turnNorth
0000d636   turnSouth
00000360   tx
00000352   tx_data
00000350   tx_sendi
0000e51e   update
0000035c   x
00000358   xl


GLOBAL SYMBOLS: SORTED BY Symbol Address 

address    name
--------   ----
00000000   IE1
00000001   IE2
00000001   __TI_args_main
00000001   __TI_exit
00000002   IFG1
00000003   IFG2
00000010   P3REN
00000018   P3IN
00000019   P3OUT
0000001a   P3DIR
0000001b   P3SEL
00000020   P1IN
00000021   P1OUT
00000022   P1DIR
00000023   P1IFG
00000024   P1IES
00000025   P1IE
00000026   P1SEL
00000027   P1REN
00000028   P2IN
00000029   P2OUT
0000002a   P2DIR
0000002b   P2IFG
0000002c   P2IES
0000002d   P2IE
0000002e   P2SEL
0000002f   P2REN
00000041   P1SEL2
00000042   P2SEL2
00000043   P3SEL2
00000048   ADC10DTC0
00000049   ADC10DTC1
0000004a   ADC10AE0
00000050   __STACK_SIZE
00000053   BCSCTL3
00000056   DCOCTL
00000057   BCSCTL1
00000058   BCSCTL2
00000059   CACTL1
0000005a   CACTL2
0000005b   CAPD
0000005d   UCA0ABCTL
0000005e   UCA0IRTCTL
0000005f   UCA0IRRCTL
00000060   UCA0CTL0
00000061   UCA0CTL1
00000062   UCA0BR0
00000063   UCA0BR1
00000064   UCA0MCTL
00000065   UCA0STAT
00000066   UCA0RXBUF
00000067   UCA0TXBUF
00000068   UCB0CTL0
00000069   UCB0CTL1
0000006a   UCB0BR0
0000006b   UCB0BR1
0000006c   UCB0I2CIE
0000006d   UCB0STAT
0000006e   UCB0RXBUF
0000006f   UCB0TXBUF
00000118   UCB0I2COA
0000011a   UCB0I2CSA
0000011e   TA1IV
00000120   WDTCTL
00000128   FCTL1
0000012a   FCTL2
0000012c   FCTL3
0000012e   TA0IV
00000160   TA0CTL
00000162   TA0CCTL0
00000164   TA0CCTL1
00000166   TA0CCTL2
00000170   TA0R
00000172   TA0CCR0
00000174   TA0CCR1
00000176   TA0CCR2
00000180   TA1CTL
00000182   TA1CCTL0
00000184   TA1CCTL1
00000186   TA1CCTL2
00000190   TA1R
00000192   TA1CCR0
00000194   TA1CCR1
00000196   TA1CCR2
000001b0   ADC10CTL0
000001b2   ADC10CTL1
000001b4   ADC10MEM
000001bc   ADC10SA
00000200   RxBuffer
0000023c   coord
00000278   coordx
00000280   coordy
00000288   theta
00000290   coord2
00000296   h
000002ba   PRxData
000002bc   PTxData
000002be   RXByteCtr
000002c0   TXByteCtr
000002c2   go_init
000002c4   rx_num1
000002c6   track_init
000002c8   rx_char
000002ca   _Denorm
000002da   _Eps
000002ea   _Hugeval
000002fa   _Inf
0000030a   _Nan
0000031a   _Snan
0000032a   _Rteps
0000033a   _Xbig
00000342   _Zero
0000034a   loopcount
0000034c   evenodd
00000350   tx_sendi
00000352   tx_data
00000354   rx_data
00000356   rx_data1
00000358   xl
0000035a   j
0000035c   x
0000035e   rx_num
00000360   tx
00000362   killed
000003b0   _stack
00000400   __STACK_END
000010c0   TLV_CHECKSUM
000010da   TLV_ADC10_1_TAG
000010db   TLV_ADC10_1_LEN
000010f6   TLV_DCO_30_TAG
000010f7   TLV_DCO_30_LEN
000010f8   CALDCO_16MHZ
000010f9   CALBC1_16MHZ
000010fa   CALDCO_12MHZ
000010fb   CALBC1_12MHZ
000010fc   CALDCO_8MHZ
000010fd   CALBC1_8MHZ
000010fe   CALDCO_1MHZ
000010ff   CALBC1_1MHZ
0000c000   __TI_frcdivd
0000c462   __TI_frcmpyd
0000c756   __mspabi_addd
0000ca3e   _Atan
0000cd1c   __mspabi_mpyd
0000cf8a   __TI_frcaddd
0000d1ea   __mspabi_divd
0000d422   atan2
0000d636   turnSouth
0000d81a   USCI0TX_ISR
0000d9ee   turnNorth
0000db86   Port_1
0000dcb8   main
0000ddd0   __mspabi_cmpd
0000deac   isr_ccr12
0000df78   USCI0RX_ISR
0000e108   __TI_renormd
0000e1c6   track
0000e27a   __mspabi_fltlid
0000e31c   change
0000e39c   isr_ccr0
0000e464   _auto_init
0000e4c2   __mspabi_srll_15
0000e4c8   __mspabi_srll_14
0000e4ce   __mspabi_srll_13
0000e4d4   __mspabi_srll_12
0000e4da   __mspabi_srll_11
0000e4e0   __mspabi_srll_10
0000e4e6   __mspabi_srll_9
0000e4ec   __mspabi_srll_8
0000e4f2   __mspabi_srll_7
0000e4f8   __mspabi_srll_6
0000e4fe   __mspabi_srll_5
0000e504   __mspabi_srll_4
0000e50a   __mspabi_srll_3
0000e510   __mspabi_srll_2
0000e516   __mspabi_srll_1
0000e51e   update
0000e57a   __mspabi_srli
0000e588   __mspabi_srli_15
0000e58c   __mspabi_srli_14
0000e590   __mspabi_srli_13
0000e594   __mspabi_srli_12
0000e598   __mspabi_srli_11
0000e59c   __mspabi_srli_10
0000e5a0   __mspabi_srli_9
0000e5a4   __mspabi_srli_8
0000e5a8   __mspabi_srli_7
0000e5ac   __mspabi_srli_6
0000e5b0   __mspabi_srli_5
0000e5b4   __mspabi_srli_4
0000e5b8   __mspabi_srli_3
0000e5bc   __mspabi_srli_2
0000e5c0   __mspabi_srli_1
0000e5c6   __mspabi_sral_15
0000e5ca   __mspabi_sral_14
0000e5ce   __mspabi_sral_13
0000e5d2   __mspabi_sral_12
0000e5d6   __mspabi_sral_11
0000e5da   __mspabi_sral_10
0000e5de   __mspabi_sral_9
0000e5e2   __mspabi_sral_8
0000e5e6   __mspabi_sral_7
0000e5ea   __mspabi_sral_6
0000e5ee   __mspabi_sral_5
0000e5f2   __mspabi_sral_4
0000e5f6   __mspabi_sral_3
0000e5fa   __mspabi_sral_2
0000e5fe   __mspabi_sral_1
0000e604   __mspabi_slll_15
0000e608   __mspabi_slll_14
0000e60c   __mspabi_slll_13
0000e610   __mspabi_slll_12
0000e614   __mspabi_slll_11
0000e618   __mspabi_slll_10
0000e61c   __mspabi_slll_9
0000e620   __mspabi_slll_8
0000e624   __mspabi_slll_7
0000e628   __mspabi_slll_6
0000e62c   __mspabi_slll_5
0000e630   __mspabi_slll_4
0000e634   __mspabi_slll_3
0000e638   __mspabi_slll_2
0000e63c   __mspabi_slll_1
0000e642   receiveSetup
0000e674   transmitSetup
0000e6a6   __mspabi_subd
0000e6d4   follow
0000e702   __mspabi_srai
0000e70e   __mspabi_srai_15
0000e710   __mspabi_srai_14
0000e712   __mspabi_srai_13
0000e714   __mspabi_srai_12
0000e716   __mspabi_srai_11
0000e718   __mspabi_srai_10
0000e71a   __mspabi_srai_9
0000e71c   __mspabi_srai_8
0000e71e   __mspabi_srai_7
0000e720   __mspabi_srai_6
0000e722   __mspabi_srai_5
0000e724   __mspabi_srai_4
0000e726   __mspabi_srai_3
0000e728   __mspabi_srai_2
0000e72a   __mspabi_srai_1
0000e72e   __mspabi_slli
0000e73a   __mspabi_slli_15
0000e73c   __mspabi_slli_14
0000e73e   __mspabi_slli_13
0000e740   __mspabi_slli_12
0000e742   __mspabi_slli_11
0000e744   __mspabi_slli_10
0000e746   __mspabi_slli_9
0000e748   __mspabi_slli_8
0000e74a   __mspabi_slli_7
0000e74c   __mspabi_slli_6
0000e74e   __mspabi_slli_5
0000e750   __mspabi_slli_4
0000e752   __mspabi_slli_3
0000e754   __mspabi_slli_2
0000e756   __mspabi_slli_1
0000e75a   __mspabi_negd
0000e784   __mspabi_mpyl
0000e7aa   _c_int00
0000e7aa   _c_int00_noexit
0000e7c4   __mspabi_divu
0000e7c4   __mspabi_remu
0000e7da   __TI_zero_init
0000e7ee   __mspabi_mpyi
0000e802   __TI_decompress_none
0000e814   __mspabi_srll
0000e826   memcpy
0000e838   __mspabi_sral
0000e848   __mspabi_slll
0000e858   __mspabi_func_epilog_7
0000e85a   __mspabi_func_epilog_6
0000e85c   __mspabi_func_epilog_5
0000e85e   __mspabi_func_epilog_4
0000e860   __mspabi_func_epilog_3
0000e862   __mspabi_func_epilog_2
0000e864   __mspabi_func_epilog_1
0000e868   __mspabi_fltid
0000e874   kill
0000e87e   __TI_ISR_TRAP
0000e884   __TI_decompress_rle24
0000e88a   _system_pre_init
0000e88e   C$$EXIT
0000e88e   abort
0000e926   TxData
0000e964   __TI_Handler_Table_Base
0000e96a   __TI_Handler_Table_Limit
0000e96e   __TI_CINIT_Base
0000e976   __TI_CINIT_Limit
0000ffe4   __TI_int02
0000ffe6   __TI_int03
0000ffea   __TI_int05
0000ffec   __TI_int06
0000ffee   __TI_int07
0000fff0   __TI_int08
0000fff2   __TI_int09
0000fff4   __TI_int10
0000fff6   __TI_int11
0000fff8   __TI_int12
0000fffa   __TI_int13
0000fffc   __TI_int14
0000fffe   _reset_vector
ffffffff   __binit__
ffffffff   __c_args__
ffffffff   binit
UNDEFED    __TI_INITARRAY_Base
UNDEFED    __TI_INITARRAY_Limit

[309 symbols]
