******************************************************************************
                  MSP430 Linker PC v4.3.3                      
******************************************************************************
>> Linked Mon Oct 20 15:41:53 2014

OUTPUT FILE NAME:   <asdffa.out>
ENTRY POINT SYMBOL: "_c_int00"  address: 0000e944


MEMORY CONFIGURATION

         name            origin    length      used     unused   attr    fill
----------------------  --------  ---------  --------  --------  ----  --------
  SFR                   00000000   00000010  00000000  00000010  RWIX
  PERIPHERALS_8BIT      00000010   000000f0  00000000  000000f0  RWIX
  PERIPHERALS_16BIT     00000100   00000100  00000000  00000100  RWIX
  RAM                   00000200   00000200  0000017c  00000084  RWIX
  INFOD                 00001000   00000040  00000000  00000040  RWIX
  INFOC                 00001040   00000040  00000000  00000040  RWIX
  INFOB                 00001080   00000040  00000000  00000040  RWIX
  INFOA                 000010c0   00000040  00000000  00000040  RWIX
  FLASH                 0000c000   00003fe0  00002b1b  000014c5  RWIX
  INT00                 0000ffe0   00000002  00000000  00000002  RWIX
  INT01                 0000ffe2   00000002  00000000  00000002  RWIX
  INT02                 0000ffe4   00000002  00000002  00000000  RWIX
  INT03                 0000ffe6   00000002  00000002  00000000  RWIX
  INT04                 0000ffe8   00000002  00000000  00000002  RWIX
  INT05                 0000ffea   00000002  00000002  00000000  RWIX
  INT06                 0000ffec   00000002  00000002  00000000  RWIX
  INT07                 0000ffee   00000002  00000002  00000000  RWIX
  INT08                 0000fff0   00000002  00000002  00000000  RWIX
  INT09                 0000fff2   00000002  00000002  00000000  RWIX
  INT10                 0000fff4   00000002  00000002  00000000  RWIX
  INT11                 0000fff6   00000002  00000002  00000000  RWIX
  INT12                 0000fff8   00000002  00000002  00000000  RWIX
  INT13                 0000fffa   00000002  00000002  00000000  RWIX
  INT14                 0000fffc   00000002  00000002  00000000  RWIX
  RESET                 0000fffe   00000002  00000002  00000000  RWIX


SECTION ALLOCATION MAP

 output                                  attributes/
section   page    origin      length       input sections
--------  ----  ----------  ----------   ----------------
.init_array 
*          0    0000c000    00000000     UNINITIALIZED

.data      0    00000200    0000009e     UNINITIALIZED
                  00000200    00000080     rts430_eabi.lib : xvalues.obj (.data)
                  00000280    00000018     blink.obj (.data)
                  00000298    00000006     blink.obj (.data:state)

.TI.persistent 
*          0    00000200    00000000     UNINITIALIZED

.bss       0    0000029e    0000008e     UNINITIALIZED
                  0000029e    00000040     (.common:thetaBuff)
                  000002de    0000000c     (.common:pwm_period)
                  000002ea    00000008     (.common:theta)
                  000002f2    00000008     (.common:thetaBuf)
                  000002fa    00000006     (.common:coord2)
                  00000300    00000006     (.common:h)
                  00000306    00000006     (.common:prevDuty)
                  0000030c    00000006     (.common:pwm_on)
                  00000312    00000006     (.common:step)
                  00000318    00000006     (.common:wanted)
                  0000031e    00000002     (.common:PTxData)
                  00000320    00000002     (.common:RXByteCtr)
                  00000322    00000002     (.common:TXByteCtr)
                  00000324    00000002     (.common:coneArea)
                  00000326    00000002     (.common:isSouth)
                  00000328    00000002     (.common:rx_num1)
                  0000032a    00000002     (.common:stateM)

.TI.noinit 
*          0    0000029e    00000000     UNINITIALIZED

.stack     0    000003b0    00000050     UNINITIALIZED
                  000003b0    00000002     rts430_eabi.lib : boot.obj (.stack)
                  000003b2    0000004e     --HOLE--

.text      0    0000c000    00002a2a     
                  0000c000    00000462     rts430_eabi.lib : frcdivd.obj (.text:__TI_frcdivd)
                  0000c462    000002f4                     : frcmpyd.obj (.text:__TI_frcmpyd)
                  0000c756    000002e8                     : addd.obj (.text:__mspabi_addd)
                  0000ca3e    000002de                     : xatan.obj (.text:_Atan)
                  0000cd1c    0000026e                     : mpyd.obj (.text:__mspabi_mpyd)
                  0000cf8a    00000268     blink.obj (.text:track)
                  0000d1f2    00000260     rts430_eabi.lib : frcaddd.obj (.text:__TI_frcaddd)
                  0000d452    00000238                     : divd.obj (.text:__mspabi_divd)
                  0000d68a    00000214                     : atan2.obj (.text:atan2)
                  0000d89e    0000017e     blink.obj (.text:USCI0TX_ISR)
                  0000da1c    0000013e     blink.obj (.text:Port_1)
                  0000db5a    00000130     rts430_eabi.lib : fs_add.obj (.text)
                  0000dc8a    00000100     blink.obj (.text:main)
                  0000dd8a    000000dc     rts430_eabi.lib : cmpd.obj (.text:__mspabi_cmpd)
                  0000de66    000000dc     blink.obj (.text:isr_ccr12)
                  0000df42    000000d4     blink.obj (.text:USCI0RX_ISR)
                  0000e016    000000c2     rts430_eabi.lib : fs_mpy.obj (.text)
                  0000e0d8    000000c0     blink.obj (.text:pwm_init)
                  0000e198    000000be     rts430_eabi.lib : renormd.obj (.text:__TI_renormd)
                  0000e256    000000a2                     : fltlid.obj (.text:__mspabi_fltlid)
                  0000e2f8    0000008c                     : cvtdf.obj (.text:__mspabi_cvtdf)
                  0000e384    00000080     blink.obj (.text:getTheta)
                  0000e404    00000072     blink.obj (.text:isr_ccr0)
                  0000e476    00000068     rts430_eabi.lib : fs_toi.obj (.text)
                  0000e4de    0000005e                     : copy_decompress_rle.obj (.text:__TI_decompress_rle_core)
                  0000e53c    0000005e                     : autoinit.obj (.text:_auto_init)
                  0000e59a    0000005c                     : lsr32.obj (.text:l_lsr_const)
                  0000e5f6    00000052     blink.obj (.text:update)
                  0000e648    0000004c     rts430_eabi.lib : lsr16.obj (.text)
                  0000e694    00000046     blink.obj (.text:heading)
                  0000e6da    00000042     blink.obj (.text:change)
                  0000e71c    0000003e     rts430_eabi.lib : asr32.obj (.text:l_asr_const)
                  0000e75a    0000003e                     : lsl32.obj (.text:l_lsl_const)
                  0000e798    0000003a     blink.obj (.text:receiveSetup)
                  0000e7d2    0000003a     blink.obj (.text:transmitSetup)
                  0000e80c    00000036     rts430_eabi.lib : fs_itof.obj (.text)
                  0000e842    0000002e                     : subd.obj (.text:__mspabi_subd)
                  0000e870    0000002c                     : asr16.obj (.text)
                  0000e89c    0000002c                     : div16s.obj (.text)
                  0000e8c8    0000002c                     : lsl16.obj (.text)
                  0000e8f4    0000002a                     : negd.obj (.text:__mspabi_negd)
                  0000e91e    00000026                     : mult32.obj (.text)
                  0000e944    0000001a                     : boot.obj (.text:_c_int00_noexit)
                  0000e95e    00000016                     : div16u.obj (.text)
                  0000e974    00000014                     : copy_zero_init.obj (.text:decompress:ZI:__TI_zero_init)
                  0000e988    00000014                     : mult16.obj (.text)
                  0000e99c    00000012                     : copy_decompress_none.obj (.text:decompress:none:__TI_decompress_none)
                  0000e9ae    00000012                     : lsr32.obj (.text:l_lsr)
                  0000e9c0    00000012                     : memcpy.obj (.text:memcpy)
                  0000e9d2    00000010                     : asr32.obj (.text:l_asr)
                  0000e9e2    00000010                     : lsl32.obj (.text:l_lsl)
                  0000e9f2    00000010                     : epilog.obj (.text)
                  0000ea02    0000000c                     : fltid.obj (.text:__mspabi_fltid)
                  0000ea0e    00000008     blink.obj (.text:kill)
                  0000ea16    00000006     rts430_eabi.lib : isr_trap.obj (.text:__TI_ISR_TRAP)
                  0000ea1c    00000006                     : copy_decompress_rle.obj (.text:decompress:rle24:__TI_decompress_rle24)
                  0000ea22    00000004                     : pre_init.obj (.text:_system_pre_init)
                  0000ea26    00000004                     : exit.obj (.text:abort)

.const     0    0000ea2a    000000a5     
                  0000ea2a    00000040     rts430_eabi.lib : xatan.obj (.const:a)
                  0000ea6a    00000020                     : xatan.obj (.const:c)
                  0000ea8a    00000018                     : xatan.obj (.const:s)
                  0000eaa2    00000016     blink.obj (.const)
                  0000eab8    00000006     blink.obj (.const:MAX)
                  0000eabe    00000006     blink.obj (.const:MIN)
                  0000eac4    00000006     blink.obj (.const:NEUT)
                  0000eaca    00000005     blink.obj (.const:.string:TxData)

.cinit     0    0000ead0    0000004c     
                  0000ead0    0000003a     (.cinit..data.load) [load image, compression = rle]
                  0000eb0a    00000006     (__TI_handler_table)
                  0000eb10    00000004     (.cinit..bss.load) [load image, compression = zero_init]
                  0000eb14    00000008     (__TI_cinit_table)

PORT1      0    0000ffe4    00000002     
                  0000ffe4    00000002     blink.obj (.int02)

PORT2      0    0000ffe6    00000002     
                  0000ffe6    00000002     rts430_eabi.lib : int03.obj (.int03)

ADC10      0    0000ffea    00000002     
                  0000ffea    00000002     rts430_eabi.lib : int05.obj (.int05)

USCIAB0TX 
*          0    0000ffec    00000002     
                  0000ffec    00000002     blink.obj (.int06)

USCIAB0RX 
*          0    0000ffee    00000002     
                  0000ffee    00000002     blink.obj (.int07)

TIMER0_A1 
*          0    0000fff0    00000002     
                  0000fff0    00000002     rts430_eabi.lib : int08.obj (.int08)

TIMER0_A0 
*          0    0000fff2    00000002     
                  0000fff2    00000002     rts430_eabi.lib : int09.obj (.int09)

WDT        0    0000fff4    00000002     
                  0000fff4    00000002     rts430_eabi.lib : int10.obj (.int10)

COMPARATORA 
*          0    0000fff6    00000002     
                  0000fff6    00000002     rts430_eabi.lib : int11.obj (.int11)

TIMER1_A1 
*          0    0000fff8    00000002     
                  0000fff8    00000002     blink.obj (.int12)

TIMER1_A0 
*          0    0000fffa    00000002     
                  0000fffa    00000002     blink.obj (.int13)

NMI        0    0000fffc    00000002     
                  0000fffc    00000002     rts430_eabi.lib : int14.obj (.int14)

.reset     0    0000fffe    00000002     
                  0000fffe    00000002     rts430_eabi.lib : boot.obj (.reset)


LINKER GENERATED COPY TABLES

__TI_cinit_table @ 0000eb14 records: 2, size/record: 4, table size: 8
	.data: load addr=0000ead0, load size=0000003a bytes, run addr=00000200, run size=0000009e bytes, compression=rle
	.bss: load addr=0000eb10, load size=00000004 bytes, run addr=0000029e, run size=0000008e bytes, compression=zero_init


LINKER GENERATED HANDLER TABLE

__TI_handler_table @ 0000eb0a records: 3, size/record: 2, table size: 6
	index: 0, handler: __TI_zero_init
	index: 1, handler: __TI_decompress_rle24
	index: 2, handler: __TI_decompress_none


GLOBAL SYMBOLS: SORTED ALPHABETICALLY BY Name 

address    name
--------   ----
0000004a   ADC10AE0
000001b0   ADC10CTL0
000001b2   ADC10CTL1
00000048   ADC10DTC0
00000049   ADC10DTC1
000001b4   ADC10MEM
000001bc   ADC10SA
00000057   BCSCTL1
00000058   BCSCTL2
00000053   BCSCTL3
00000294   BufReady
0000ea26   C$$EXIT
00000059   CACTL1
0000005a   CACTL2
000010fb   CALBC1_12MHZ
000010f9   CALBC1_16MHZ
000010ff   CALBC1_1MHZ
000010fd   CALBC1_8MHZ
000010fa   CALDCO_12MHZ
000010f8   CALDCO_16MHZ
000010fe   CALDCO_1MHZ
000010fc   CALDCO_8MHZ
0000005b   CAPD
00000056   DCOCTL
00000128   FCTL1
0000012a   FCTL2
0000012c   FCTL3
00000000   IE1
00000001   IE2
00000002   IFG1
00000003   IFG2
0000eaa4   KILLED_CHAR
0000eab8   MAX
0000eabe   MIN
0000eaa8   MOTOR
0000eac4   NEUT
00000022   P1DIR
00000025   P1IE
00000024   P1IES
00000023   P1IFG
00000020   P1IN
00000021   P1OUT
00000027   P1REN
00000026   P1SEL
00000041   P1SEL2
0000002a   P2DIR
0000002d   P2IE
0000002c   P2IES
0000002b   P2IFG
00000028   P2IN
00000029   P2OUT
0000002f   P2REN
0000002e   P2SEL
00000042   P2SEL2
0000001a   P3DIR
00000018   P3IN
00000019   P3OUT
00000010   P3REN
0000001b   P3SEL
00000043   P3SEL2
0000eaaa   PAN
0000031e   PTxData
00000282   PWMDIFF
0000da1c   Port_1
00000320   RXByteCtr
0000eaa6   STEERING
00000172   TA0CCR0
00000174   TA0CCR1
00000176   TA0CCR2
00000162   TA0CCTL0
00000164   TA0CCTL1
00000166   TA0CCTL2
00000160   TA0CTL
0000012e   TA0IV
00000170   TA0R
00000192   TA1CCR0
00000194   TA1CCR1
00000196   TA1CCR2
00000182   TA1CCTL0
00000184   TA1CCTL1
00000186   TA1CCTL2
00000180   TA1CTL
0000011e   TA1IV
00000190   TA1R
000010db   TLV_ADC10_1_LEN
000010da   TLV_ADC10_1_TAG
000010c0   TLV_CHECKSUM
000010f7   TLV_DCO_30_LEN
000010f6   TLV_DCO_30_TAG
00000322   TXByteCtr
0000eaca   TxData
0000005d   UCA0ABCTL
00000062   UCA0BR0
00000063   UCA0BR1
00000060   UCA0CTL0
00000061   UCA0CTL1
0000005f   UCA0IRRCTL
0000005e   UCA0IRTCTL
00000064   UCA0MCTL
00000066   UCA0RXBUF
00000065   UCA0STAT
00000067   UCA0TXBUF
0000006a   UCB0BR0
0000006b   UCB0BR1
00000068   UCB0CTL0
00000069   UCB0CTL1
0000006c   UCB0I2CIE
00000118   UCB0I2COA
0000011a   UCB0I2CSA
0000006e   UCB0RXBUF
0000006d   UCB0STAT
0000006f   UCB0TXBUF
0000df42   USCI0RX_ISR
0000d89e   USCI0TX_ISR
00000120   WDTCTL
0000ca3e   _Atan
00000200   _Denorm
00000210   _Eps
00000220   _Hugeval
00000230   _Inf
00000240   _Nan
00000260   _Rteps
00000250   _Snan
00000270   _Xbig
00000278   _Zero
00000400   __STACK_END
00000050   __STACK_SIZE
0000eb14   __TI_CINIT_Base
0000eb1c   __TI_CINIT_Limit
0000eb0a   __TI_Handler_Table_Base
0000eb10   __TI_Handler_Table_Limit
UNDEFED    __TI_INITARRAY_Base
UNDEFED    __TI_INITARRAY_Limit
0000ea16   __TI_ISR_TRAP
00000001   __TI_args_main
0000e99c   __TI_decompress_none
0000ea1c   __TI_decompress_rle24
00000001   __TI_exit
0000d1f2   __TI_frcaddd
0000c000   __TI_frcdivd
0000c462   __TI_frcmpyd
0000ffe4   __TI_int02
0000ffe6   __TI_int03
0000ffea   __TI_int05
0000ffec   __TI_int06
0000ffee   __TI_int07
0000fff0   __TI_int08
0000fff2   __TI_int09
0000fff4   __TI_int10
0000fff6   __TI_int11
0000fff8   __TI_int12
0000fffa   __TI_int13
0000fffc   __TI_int14
0000e198   __TI_renormd
0000e974   __TI_zero_init
ffffffff   __binit__
ffffffff   __c_args__
0000c756   __mspabi_addd
0000db60   __mspabi_addf
0000dd8a   __mspabi_cmpd
0000e2f8   __mspabi_cvtdf
0000d452   __mspabi_divd
0000e89c   __mspabi_divi
0000e95e   __mspabi_divu
0000e476   __mspabi_fixfi
0000ea02   __mspabi_fltid
0000e80c   __mspabi_fltif
0000e256   __mspabi_fltlid
0000e9fe   __mspabi_func_epilog_1
0000e9fc   __mspabi_func_epilog_2
0000e9fa   __mspabi_func_epilog_3
0000e9f8   __mspabi_func_epilog_4
0000e9f6   __mspabi_func_epilog_5
0000e9f4   __mspabi_func_epilog_6
0000e9f2   __mspabi_func_epilog_7
0000cd1c   __mspabi_mpyd
0000e016   __mspabi_mpyf
0000e988   __mspabi_mpyi
0000e91e   __mspabi_mpyl
0000e8f4   __mspabi_negd
0000e89c   __mspabi_remi
0000e95e   __mspabi_remu
0000e8c8   __mspabi_slli
0000e8f0   __mspabi_slli_1
0000e8de   __mspabi_slli_10
0000e8dc   __mspabi_slli_11
0000e8da   __mspabi_slli_12
0000e8d8   __mspabi_slli_13
0000e8d6   __mspabi_slli_14
0000e8d4   __mspabi_slli_15
0000e8ee   __mspabi_slli_2
0000e8ec   __mspabi_slli_3
0000e8ea   __mspabi_slli_4
0000e8e8   __mspabi_slli_5
0000e8e6   __mspabi_slli_6
0000e8e4   __mspabi_slli_7
0000e8e2   __mspabi_slli_8
0000e8e0   __mspabi_slli_9
0000e9e2   __mspabi_slll
0000e792   __mspabi_slll_1
0000e76e   __mspabi_slll_10
0000e76a   __mspabi_slll_11
0000e766   __mspabi_slll_12
0000e762   __mspabi_slll_13
0000e75e   __mspabi_slll_14
0000e75a   __mspabi_slll_15
0000e78e   __mspabi_slll_2
0000e78a   __mspabi_slll_3
0000e786   __mspabi_slll_4
0000e782   __mspabi_slll_5
0000e77e   __mspabi_slll_6
0000e77a   __mspabi_slll_7
0000e776   __mspabi_slll_8
0000e772   __mspabi_slll_9
0000e870   __mspabi_srai
0000e898   __mspabi_srai_1
0000e886   __mspabi_srai_10
0000e884   __mspabi_srai_11
0000e882   __mspabi_srai_12
0000e880   __mspabi_srai_13
0000e87e   __mspabi_srai_14
0000e87c   __mspabi_srai_15
0000e896   __mspabi_srai_2
0000e894   __mspabi_srai_3
0000e892   __mspabi_srai_4
0000e890   __mspabi_srai_5
0000e88e   __mspabi_srai_6
0000e88c   __mspabi_srai_7
0000e88a   __mspabi_srai_8
0000e888   __mspabi_srai_9
0000e9d2   __mspabi_sral
0000e754   __mspabi_sral_1
0000e730   __mspabi_sral_10
0000e72c   __mspabi_sral_11
0000e728   __mspabi_sral_12
0000e724   __mspabi_sral_13
0000e720   __mspabi_sral_14
0000e71c   __mspabi_sral_15
0000e750   __mspabi_sral_2
0000e74c   __mspabi_sral_3
0000e748   __mspabi_sral_4
0000e744   __mspabi_sral_5
0000e740   __mspabi_sral_6
0000e73c   __mspabi_sral_7
0000e738   __mspabi_sral_8
0000e734   __mspabi_sral_9
0000e648   __mspabi_srli
0000e68e   __mspabi_srli_1
0000e66a   __mspabi_srli_10
0000e666   __mspabi_srli_11
0000e662   __mspabi_srli_12
0000e65e   __mspabi_srli_13
0000e65a   __mspabi_srli_14
0000e656   __mspabi_srli_15
0000e68a   __mspabi_srli_2
0000e686   __mspabi_srli_3
0000e682   __mspabi_srli_4
0000e67e   __mspabi_srli_5
0000e67a   __mspabi_srli_6
0000e676   __mspabi_srli_7
0000e672   __mspabi_srli_8
0000e66e   __mspabi_srli_9
0000e9ae   __mspabi_srll
0000e5ee   __mspabi_srll_1
0000e5b8   __mspabi_srll_10
0000e5b2   __mspabi_srll_11
0000e5ac   __mspabi_srll_12
0000e5a6   __mspabi_srll_13
0000e5a0   __mspabi_srll_14
0000e59a   __mspabi_srll_15
0000e5e8   __mspabi_srll_2
0000e5e2   __mspabi_srll_3
0000e5dc   __mspabi_srll_4
0000e5d6   __mspabi_srll_5
0000e5d0   __mspabi_srll_6
0000e5ca   __mspabi_srll_7
0000e5c4   __mspabi_srll_8
0000e5be   __mspabi_srll_9
0000e842   __mspabi_subd
0000db5a   __mspabi_subf
0000e53c   _auto_init
0000e944   _c_int00
0000e944   _c_int00_noexit
0000fffe   _reset_vector
000003b0   _stack
0000ea22   _system_pre_init
0000ea26   abort
0000d68a   atan2
ffffffff   binit
00000284   buttonCount
0000e6da   change
00000324   coneArea
000002fa   coord2
0000e384   getTheta
00000300   h
0000e694   heading
00000326   isSouth
00000292   isTurning
0000e404   isr_ccr0
0000de66   isr_ccr12
0000ea0e   kill
0000dc8a   main
0000e9c0   memcpy
00000306   prevDuty
0000030c   pwm_on
000002de   pwm_period
0000e798   receiveSetup
00000286   rx_char
00000288   rx_data
0000028a   rx_data1
0000028e   rx_num
00000328   rx_num1
0000eaa2   sampleTheta
00000298   state
0000032a   stateM
00000312   step
000002ea   theta
000002f2   thetaBuf
0000029e   thetaBuff
0000cf8a   track
0000e7d2   transmitSetup
00000290   tx
0000e5f6   update
00000280   us
00000318   wanted
0000028c   x


GLOBAL SYMBOLS: SORTED BY Symbol Address 

address    name
--------   ----
00000000   IE1
00000001   IE2
00000001   __TI_args_main
00000001   __TI_exit
00000002   IFG1
00000003   IFG2
00000010   P3REN
00000018   P3IN
00000019   P3OUT
0000001a   P3DIR
0000001b   P3SEL
00000020   P1IN
00000021   P1OUT
00000022   P1DIR
00000023   P1IFG
00000024   P1IES
00000025   P1IE
00000026   P1SEL
00000027   P1REN
00000028   P2IN
00000029   P2OUT
0000002a   P2DIR
0000002b   P2IFG
0000002c   P2IES
0000002d   P2IE
0000002e   P2SEL
0000002f   P2REN
00000041   P1SEL2
00000042   P2SEL2
00000043   P3SEL2
00000048   ADC10DTC0
00000049   ADC10DTC1
0000004a   ADC10AE0
00000050   __STACK_SIZE
00000053   BCSCTL3
00000056   DCOCTL
00000057   BCSCTL1
00000058   BCSCTL2
00000059   CACTL1
0000005a   CACTL2
0000005b   CAPD
0000005d   UCA0ABCTL
0000005e   UCA0IRTCTL
0000005f   UCA0IRRCTL
00000060   UCA0CTL0
00000061   UCA0CTL1
00000062   UCA0BR0
00000063   UCA0BR1
00000064   UCA0MCTL
00000065   UCA0STAT
00000066   UCA0RXBUF
00000067   UCA0TXBUF
00000068   UCB0CTL0
00000069   UCB0CTL1
0000006a   UCB0BR0
0000006b   UCB0BR1
0000006c   UCB0I2CIE
0000006d   UCB0STAT
0000006e   UCB0RXBUF
0000006f   UCB0TXBUF
00000118   UCB0I2COA
0000011a   UCB0I2CSA
0000011e   TA1IV
00000120   WDTCTL
00000128   FCTL1
0000012a   FCTL2
0000012c   FCTL3
0000012e   TA0IV
00000160   TA0CTL
00000162   TA0CCTL0
00000164   TA0CCTL1
00000166   TA0CCTL2
00000170   TA0R
00000172   TA0CCR0
00000174   TA0CCR1
00000176   TA0CCR2
00000180   TA1CTL
00000182   TA1CCTL0
00000184   TA1CCTL1
00000186   TA1CCTL2
00000190   TA1R
00000192   TA1CCR0
00000194   TA1CCR1
00000196   TA1CCR2
000001b0   ADC10CTL0
000001b2   ADC10CTL1
000001b4   ADC10MEM
000001bc   ADC10SA
00000200   _Denorm
00000210   _Eps
00000220   _Hugeval
00000230   _Inf
00000240   _Nan
00000250   _Snan
00000260   _Rteps
00000270   _Xbig
00000278   _Zero
00000280   us
00000282   PWMDIFF
00000284   buttonCount
00000286   rx_char
00000288   rx_data
0000028a   rx_data1
0000028c   x
0000028e   rx_num
00000290   tx
00000292   isTurning
00000294   BufReady
00000298   state
0000029e   thetaBuff
000002de   pwm_period
000002ea   theta
000002f2   thetaBuf
000002fa   coord2
00000300   h
00000306   prevDuty
0000030c   pwm_on
00000312   step
00000318   wanted
0000031e   PTxData
00000320   RXByteCtr
00000322   TXByteCtr
00000324   coneArea
00000326   isSouth
00000328   rx_num1
0000032a   stateM
000003b0   _stack
00000400   __STACK_END
000010c0   TLV_CHECKSUM
000010da   TLV_ADC10_1_TAG
000010db   TLV_ADC10_1_LEN
000010f6   TLV_DCO_30_TAG
000010f7   TLV_DCO_30_LEN
000010f8   CALDCO_16MHZ
000010f9   CALBC1_16MHZ
000010fa   CALDCO_12MHZ
000010fb   CALBC1_12MHZ
000010fc   CALDCO_8MHZ
000010fd   CALBC1_8MHZ
000010fe   CALDCO_1MHZ
000010ff   CALBC1_1MHZ
0000c000   __TI_frcdivd
0000c462   __TI_frcmpyd
0000c756   __mspabi_addd
0000ca3e   _Atan
0000cd1c   __mspabi_mpyd
0000cf8a   track
0000d1f2   __TI_frcaddd
0000d452   __mspabi_divd
0000d68a   atan2
0000d89e   USCI0TX_ISR
0000da1c   Port_1
0000db5a   __mspabi_subf
0000db60   __mspabi_addf
0000dc8a   main
0000dd8a   __mspabi_cmpd
0000de66   isr_ccr12
0000df42   USCI0RX_ISR
0000e016   __mspabi_mpyf
0000e198   __TI_renormd
0000e256   __mspabi_fltlid
0000e2f8   __mspabi_cvtdf
0000e384   getTheta
0000e404   isr_ccr0
0000e476   __mspabi_fixfi
0000e53c   _auto_init
0000e59a   __mspabi_srll_15
0000e5a0   __mspabi_srll_14
0000e5a6   __mspabi_srll_13
0000e5ac   __mspabi_srll_12
0000e5b2   __mspabi_srll_11
0000e5b8   __mspabi_srll_10
0000e5be   __mspabi_srll_9
0000e5c4   __mspabi_srll_8
0000e5ca   __mspabi_srll_7
0000e5d0   __mspabi_srll_6
0000e5d6   __mspabi_srll_5
0000e5dc   __mspabi_srll_4
0000e5e2   __mspabi_srll_3
0000e5e8   __mspabi_srll_2
0000e5ee   __mspabi_srll_1
0000e5f6   update
0000e648   __mspabi_srli
0000e656   __mspabi_srli_15
0000e65a   __mspabi_srli_14
0000e65e   __mspabi_srli_13
0000e662   __mspabi_srli_12
0000e666   __mspabi_srli_11
0000e66a   __mspabi_srli_10
0000e66e   __mspabi_srli_9
0000e672   __mspabi_srli_8
0000e676   __mspabi_srli_7
0000e67a   __mspabi_srli_6
0000e67e   __mspabi_srli_5
0000e682   __mspabi_srli_4
0000e686   __mspabi_srli_3
0000e68a   __mspabi_srli_2
0000e68e   __mspabi_srli_1
0000e694   heading
0000e6da   change
0000e71c   __mspabi_sral_15
0000e720   __mspabi_sral_14
0000e724   __mspabi_sral_13
0000e728   __mspabi_sral_12
0000e72c   __mspabi_sral_11
0000e730   __mspabi_sral_10
0000e734   __mspabi_sral_9
0000e738   __mspabi_sral_8
0000e73c   __mspabi_sral_7
0000e740   __mspabi_sral_6
0000e744   __mspabi_sral_5
0000e748   __mspabi_sral_4
0000e74c   __mspabi_sral_3
0000e750   __mspabi_sral_2
0000e754   __mspabi_sral_1
0000e75a   __mspabi_slll_15
0000e75e   __mspabi_slll_14
0000e762   __mspabi_slll_13
0000e766   __mspabi_slll_12
0000e76a   __mspabi_slll_11
0000e76e   __mspabi_slll_10
0000e772   __mspabi_slll_9
0000e776   __mspabi_slll_8
0000e77a   __mspabi_slll_7
0000e77e   __mspabi_slll_6
0000e782   __mspabi_slll_5
0000e786   __mspabi_slll_4
0000e78a   __mspabi_slll_3
0000e78e   __mspabi_slll_2
0000e792   __mspabi_slll_1
0000e798   receiveSetup
0000e7d2   transmitSetup
0000e80c   __mspabi_fltif
0000e842   __mspabi_subd
0000e870   __mspabi_srai
0000e87c   __mspabi_srai_15
0000e87e   __mspabi_srai_14
0000e880   __mspabi_srai_13
0000e882   __mspabi_srai_12
0000e884   __mspabi_srai_11
0000e886   __mspabi_srai_10
0000e888   __mspabi_srai_9
0000e88a   __mspabi_srai_8
0000e88c   __mspabi_srai_7
0000e88e   __mspabi_srai_6
0000e890   __mspabi_srai_5
0000e892   __mspabi_srai_4
0000e894   __mspabi_srai_3
0000e896   __mspabi_srai_2
0000e898   __mspabi_srai_1
0000e89c   __mspabi_divi
0000e89c   __mspabi_remi
0000e8c8   __mspabi_slli
0000e8d4   __mspabi_slli_15
0000e8d6   __mspabi_slli_14
0000e8d8   __mspabi_slli_13
0000e8da   __mspabi_slli_12
0000e8dc   __mspabi_slli_11
0000e8de   __mspabi_slli_10
0000e8e0   __mspabi_slli_9
0000e8e2   __mspabi_slli_8
0000e8e4   __mspabi_slli_7
0000e8e6   __mspabi_slli_6
0000e8e8   __mspabi_slli_5
0000e8ea   __mspabi_slli_4
0000e8ec   __mspabi_slli_3
0000e8ee   __mspabi_slli_2
0000e8f0   __mspabi_slli_1
0000e8f4   __mspabi_negd
0000e91e   __mspabi_mpyl
0000e944   _c_int00
0000e944   _c_int00_noexit
0000e95e   __mspabi_divu
0000e95e   __mspabi_remu
0000e974   __TI_zero_init
0000e988   __mspabi_mpyi
0000e99c   __TI_decompress_none
0000e9ae   __mspabi_srll
0000e9c0   memcpy
0000e9d2   __mspabi_sral
0000e9e2   __mspabi_slll
0000e9f2   __mspabi_func_epilog_7
0000e9f4   __mspabi_func_epilog_6
0000e9f6   __mspabi_func_epilog_5
0000e9f8   __mspabi_func_epilog_4
0000e9fa   __mspabi_func_epilog_3
0000e9fc   __mspabi_func_epilog_2
0000e9fe   __mspabi_func_epilog_1
0000ea02   __mspabi_fltid
0000ea0e   kill
0000ea16   __TI_ISR_TRAP
0000ea1c   __TI_decompress_rle24
0000ea22   _system_pre_init
0000ea26   C$$EXIT
0000ea26   abort
0000eaa2   sampleTheta
0000eaa4   KILLED_CHAR
0000eaa6   STEERING
0000eaa8   MOTOR
0000eaaa   PAN
0000eab8   MAX
0000eabe   MIN
0000eac4   NEUT
0000eaca   TxData
0000eb0a   __TI_Handler_Table_Base
0000eb10   __TI_Handler_Table_Limit
0000eb14   __TI_CINIT_Base
0000eb1c   __TI_CINIT_Limit
0000ffe4   __TI_int02
0000ffe6   __TI_int03
0000ffea   __TI_int05
0000ffec   __TI_int06
0000ffee   __TI_int07
0000fff0   __TI_int08
0000fff2   __TI_int09
0000fff4   __TI_int10
0000fff6   __TI_int11
0000fff8   __TI_int12
0000fffa   __TI_int13
0000fffc   __TI_int14
0000fffe   _reset_vector
ffffffff   __binit__
ffffffff   __c_args__
ffffffff   binit
UNDEFED    __TI_INITARRAY_Base
UNDEFED    __TI_INITARRAY_Limit

[326 symbols]
