<?xml version="1.0"?>
<link_info>
   <banner>MSP430 Linker PC v4.3.3</banner>
   <copyright>Copyright (c) 2003-2014 Texas Instruments Incorporated</copyright>
   <link_time>0x543f4728</link_time>
   <link_errors>0x0</link_errors>
   <output_file>asdffa.out</output_file>
   <entry_point>
      <name>_c_int00</name>
      <address>0xe3ae</address>
   </entry_point>
   <input_file_list>
      <input_file id="fl-2">
         <path>.\</path>
         <kind>object</kind>
         <file>blink.obj</file>
         <name>blink.obj</name>
      </input_file>
      <input_file id="fl-30">
         <path>c:\ti\ccsv6\tools\compiler\msp430_4.3.3\lib\</path>
         <kind>archive</kind>
         <file>rts430_eabi.lib</file>
         <name>addd.obj</name>
      </input_file>
      <input_file id="fl-31">
         <path>c:\ti\ccsv6\tools\compiler\msp430_4.3.3\lib\</path>
         <kind>archive</kind>
         <file>rts430_eabi.lib</file>
         <name>asr16.obj</name>
      </input_file>
      <input_file id="fl-32">
         <path>c:\ti\ccsv6\tools\compiler\msp430_4.3.3\lib\</path>
         <kind>archive</kind>
         <file>rts430_eabi.lib</file>
         <name>atan2.obj</name>
      </input_file>
      <input_file id="fl-33">
         <path>c:\ti\ccsv6\tools\compiler\msp430_4.3.3\lib\</path>
         <kind>archive</kind>
         <file>rts430_eabi.lib</file>
         <name>boot.obj</name>
      </input_file>
      <input_file id="fl-34">
         <path>c:\ti\ccsv6\tools\compiler\msp430_4.3.3\lib\</path>
         <kind>archive</kind>
         <file>rts430_eabi.lib</file>
         <name>cmpd.obj</name>
      </input_file>
      <input_file id="fl-35">
         <path>c:\ti\ccsv6\tools\compiler\msp430_4.3.3\lib\</path>
         <kind>archive</kind>
         <file>rts430_eabi.lib</file>
         <name>copy_decompress_none.obj</name>
      </input_file>
      <input_file id="fl-36">
         <path>c:\ti\ccsv6\tools\compiler\msp430_4.3.3\lib\</path>
         <kind>archive</kind>
         <file>rts430_eabi.lib</file>
         <name>copy_decompress_rle.obj</name>
      </input_file>
      <input_file id="fl-37">
         <path>c:\ti\ccsv6\tools\compiler\msp430_4.3.3\lib\</path>
         <kind>archive</kind>
         <file>rts430_eabi.lib</file>
         <name>copy_zero_init.obj</name>
      </input_file>
      <input_file id="fl-38">
         <path>c:\ti\ccsv6\tools\compiler\msp430_4.3.3\lib\</path>
         <kind>archive</kind>
         <file>rts430_eabi.lib</file>
         <name>div16s.obj</name>
      </input_file>
      <input_file id="fl-39">
         <path>c:\ti\ccsv6\tools\compiler\msp430_4.3.3\lib\</path>
         <kind>archive</kind>
         <file>rts430_eabi.lib</file>
         <name>div16u.obj</name>
      </input_file>
      <input_file id="fl-3a">
         <path>c:\ti\ccsv6\tools\compiler\msp430_4.3.3\lib\</path>
         <kind>archive</kind>
         <file>rts430_eabi.lib</file>
         <name>divd.obj</name>
      </input_file>
      <input_file id="fl-3b">
         <path>c:\ti\ccsv6\tools\compiler\msp430_4.3.3\lib\</path>
         <kind>archive</kind>
         <file>rts430_eabi.lib</file>
         <name>epilog.obj</name>
      </input_file>
      <input_file id="fl-3c">
         <path>c:\ti\ccsv6\tools\compiler\msp430_4.3.3\lib\</path>
         <kind>archive</kind>
         <file>rts430_eabi.lib</file>
         <name>exit.obj</name>
      </input_file>
      <input_file id="fl-3d">
         <path>c:\ti\ccsv6\tools\compiler\msp430_4.3.3\lib\</path>
         <kind>archive</kind>
         <file>rts430_eabi.lib</file>
         <name>fixdi.obj</name>
      </input_file>
      <input_file id="fl-3e">
         <path>c:\ti\ccsv6\tools\compiler\msp430_4.3.3\lib\</path>
         <kind>archive</kind>
         <file>rts430_eabi.lib</file>
         <name>fixdli.obj</name>
      </input_file>
      <input_file id="fl-3f">
         <path>c:\ti\ccsv6\tools\compiler\msp430_4.3.3\lib\</path>
         <kind>archive</kind>
         <file>rts430_eabi.lib</file>
         <name>fltid.obj</name>
      </input_file>
      <input_file id="fl-40">
         <path>c:\ti\ccsv6\tools\compiler\msp430_4.3.3\lib\</path>
         <kind>archive</kind>
         <file>rts430_eabi.lib</file>
         <name>fltlid.obj</name>
      </input_file>
      <input_file id="fl-41">
         <path>c:\ti\ccsv6\tools\compiler\msp430_4.3.3\lib\</path>
         <kind>archive</kind>
         <file>rts430_eabi.lib</file>
         <name>fltud.obj</name>
      </input_file>
      <input_file id="fl-42">
         <path>c:\ti\ccsv6\tools\compiler\msp430_4.3.3\lib\</path>
         <kind>archive</kind>
         <file>rts430_eabi.lib</file>
         <name>fltuld.obj</name>
      </input_file>
      <input_file id="fl-43">
         <path>c:\ti\ccsv6\tools\compiler\msp430_4.3.3\lib\</path>
         <kind>archive</kind>
         <file>rts430_eabi.lib</file>
         <name>frcaddd.obj</name>
      </input_file>
      <input_file id="fl-44">
         <path>c:\ti\ccsv6\tools\compiler\msp430_4.3.3\lib\</path>
         <kind>archive</kind>
         <file>rts430_eabi.lib</file>
         <name>frcdivd.obj</name>
      </input_file>
      <input_file id="fl-45">
         <path>c:\ti\ccsv6\tools\compiler\msp430_4.3.3\lib\</path>
         <kind>archive</kind>
         <file>rts430_eabi.lib</file>
         <name>int03.obj</name>
      </input_file>
      <input_file id="fl-46">
         <path>c:\ti\ccsv6\tools\compiler\msp430_4.3.3\lib\</path>
         <kind>archive</kind>
         <file>rts430_eabi.lib</file>
         <name>int05.obj</name>
      </input_file>
      <input_file id="fl-47">
         <path>c:\ti\ccsv6\tools\compiler\msp430_4.3.3\lib\</path>
         <kind>archive</kind>
         <file>rts430_eabi.lib</file>
         <name>int08.obj</name>
      </input_file>
      <input_file id="fl-48">
         <path>c:\ti\ccsv6\tools\compiler\msp430_4.3.3\lib\</path>
         <kind>archive</kind>
         <file>rts430_eabi.lib</file>
         <name>int09.obj</name>
      </input_file>
      <input_file id="fl-49">
         <path>c:\ti\ccsv6\tools\compiler\msp430_4.3.3\lib\</path>
         <kind>archive</kind>
         <file>rts430_eabi.lib</file>
         <name>int10.obj</name>
      </input_file>
      <input_file id="fl-4a">
         <path>c:\ti\ccsv6\tools\compiler\msp430_4.3.3\lib\</path>
         <kind>archive</kind>
         <file>rts430_eabi.lib</file>
         <name>int11.obj</name>
      </input_file>
      <input_file id="fl-4b">
         <path>c:\ti\ccsv6\tools\compiler\msp430_4.3.3\lib\</path>
         <kind>archive</kind>
         <file>rts430_eabi.lib</file>
         <name>int14.obj</name>
      </input_file>
      <input_file id="fl-4c">
         <path>c:\ti\ccsv6\tools\compiler\msp430_4.3.3\lib\</path>
         <kind>archive</kind>
         <file>rts430_eabi.lib</file>
         <name>isr_trap.obj</name>
      </input_file>
      <input_file id="fl-4d">
         <path>c:\ti\ccsv6\tools\compiler\msp430_4.3.3\lib\</path>
         <kind>archive</kind>
         <file>rts430_eabi.lib</file>
         <name>lsl16.obj</name>
      </input_file>
      <input_file id="fl-4e">
         <path>c:\ti\ccsv6\tools\compiler\msp430_4.3.3\lib\</path>
         <kind>archive</kind>
         <file>rts430_eabi.lib</file>
         <name>lsl32.obj</name>
      </input_file>
      <input_file id="fl-4f">
         <path>c:\ti\ccsv6\tools\compiler\msp430_4.3.3\lib\</path>
         <kind>archive</kind>
         <file>rts430_eabi.lib</file>
         <name>lsr16.obj</name>
      </input_file>
      <input_file id="fl-50">
         <path>c:\ti\ccsv6\tools\compiler\msp430_4.3.3\lib\</path>
         <kind>archive</kind>
         <file>rts430_eabi.lib</file>
         <name>lsr32.obj</name>
      </input_file>
      <input_file id="fl-51">
         <path>c:\ti\ccsv6\tools\compiler\msp430_4.3.3\lib\</path>
         <kind>archive</kind>
         <file>rts430_eabi.lib</file>
         <name>memcpy.obj</name>
      </input_file>
      <input_file id="fl-52">
         <path>c:\ti\ccsv6\tools\compiler\msp430_4.3.3\lib\</path>
         <kind>archive</kind>
         <file>rts430_eabi.lib</file>
         <name>mpu_init.obj</name>
      </input_file>
      <input_file id="fl-53">
         <path>c:\ti\ccsv6\tools\compiler\msp430_4.3.3\lib\</path>
         <kind>archive</kind>
         <file>rts430_eabi.lib</file>
         <name>mpyd.obj</name>
      </input_file>
      <input_file id="fl-54">
         <path>c:\ti\ccsv6\tools\compiler\msp430_4.3.3\lib\</path>
         <kind>archive</kind>
         <file>rts430_eabi.lib</file>
         <name>mult16.obj</name>
      </input_file>
      <input_file id="fl-55">
         <path>c:\ti\ccsv6\tools\compiler\msp430_4.3.3\lib\</path>
         <kind>archive</kind>
         <file>rts430_eabi.lib</file>
         <name>mult32.obj</name>
      </input_file>
      <input_file id="fl-56">
         <path>c:\ti\ccsv6\tools\compiler\msp430_4.3.3\lib\</path>
         <kind>archive</kind>
         <file>rts430_eabi.lib</file>
         <name>negd.obj</name>
      </input_file>
      <input_file id="fl-57">
         <path>c:\ti\ccsv6\tools\compiler\msp430_4.3.3\lib\</path>
         <kind>archive</kind>
         <file>rts430_eabi.lib</file>
         <name>pre_init.obj</name>
      </input_file>
      <input_file id="fl-58">
         <path>c:\ti\ccsv6\tools\compiler\msp430_4.3.3\lib\</path>
         <kind>archive</kind>
         <file>rts430_eabi.lib</file>
         <name>renormd.obj</name>
      </input_file>
      <input_file id="fl-59">
         <path>c:\ti\ccsv6\tools\compiler\msp430_4.3.3\lib\</path>
         <kind>archive</kind>
         <file>rts430_eabi.lib</file>
         <name>xatan.obj</name>
      </input_file>
      <input_file id="fl-5a">
         <path>c:\ti\ccsv6\tools\compiler\msp430_4.3.3\lib\</path>
         <kind>archive</kind>
         <file>rts430_eabi.lib</file>
         <name>xvalues.obj</name>
      </input_file>
      <input_file id="fl-5b">
         <path>c:\ti\ccsv6\tools\compiler\msp430_4.3.3\lib\</path>
         <kind>archive</kind>
         <file>rts430_eabi.lib</file>
         <name>_lock.obj</name>
      </input_file>
      <input_file id="fl-5c">
         <path>c:\ti\ccsv6\tools\compiler\msp430_4.3.3\lib\</path>
         <kind>archive</kind>
         <file>rts430_eabi.lib</file>
         <name>args_main.obj</name>
      </input_file>
      <input_file id="fl-5d">
         <path>c:\ti\ccsv6\tools\compiler\msp430_4.3.3\lib\</path>
         <kind>archive</kind>
         <file>rts430_eabi.lib</file>
         <name>asr32.obj</name>
      </input_file>
      <input_file id="fl-5e">
         <path>c:\ti\ccsv6\tools\compiler\msp430_4.3.3\lib\</path>
         <kind>archive</kind>
         <file>rts430_eabi.lib</file>
         <name>autoinit.obj</name>
      </input_file>
      <input_file id="fl-5f">
         <path>c:\ti\ccsv6\tools\compiler\msp430_4.3.3\lib\</path>
         <kind>archive</kind>
         <file>rts430_eabi.lib</file>
         <name>frcmpyd.obj</name>
      </input_file>
      <input_file id="fl-60">
         <path>c:\ti\ccsv6\tools\compiler\msp430_4.3.3\lib\</path>
         <kind>archive</kind>
         <file>rts430_eabi.lib</file>
         <name>subd.obj</name>
      </input_file>
   </input_file_list>
   <object_component_list>
      <object_component id="oc-52">
         <name>.stack</name>
         <uninitialized>true</uninitialized>
         <run_address>0x3b0</run_address>
         <size>0x2</size>
         <input_file_ref idref="fl-33"/>
      </object_component>
      <object_component id="oc-2dd">
         <name>.stack</name>
         <uninitialized>true</uninitialized>
         <run_address>0x3b0</run_address>
         <size>0x0</size>
      </object_component>
      <object_component id="oc-205">
         <name>.text:__TI_frcdivd</name>
         <load_address>0xc000</load_address>
         <run_address>0xc000</run_address>
         <size>0x462</size>
         <input_file_ref idref="fl-44"/>
      </object_component>
      <object_component id="oc-22d">
         <name>.text:__TI_frcmpyd</name>
         <load_address>0xc462</load_address>
         <run_address>0xc462</run_address>
         <size>0x2f4</size>
         <input_file_ref idref="fl-5f"/>
      </object_component>
      <object_component id="oc-213">
         <name>.text:__mspabi_addd</name>
         <load_address>0xc756</load_address>
         <run_address>0xc756</run_address>
         <size>0x2e8</size>
         <input_file_ref idref="fl-30"/>
      </object_component>
      <object_component id="oc-1a6">
         <name>.text:_Atan</name>
         <load_address>0xca3e</load_address>
         <run_address>0xca3e</run_address>
         <size>0x2de</size>
         <input_file_ref idref="fl-59"/>
      </object_component>
      <object_component id="oc-1ce">
         <name>.text:__mspabi_mpyd</name>
         <load_address>0xcd1c</load_address>
         <run_address>0xcd1c</run_address>
         <size>0x26e</size>
         <input_file_ref idref="fl-53"/>
      </object_component>
      <object_component id="oc-256">
         <name>.text:__TI_frcaddd</name>
         <load_address>0xcf8a</load_address>
         <run_address>0xcf8a</run_address>
         <size>0x260</size>
         <input_file_ref idref="fl-43"/>
      </object_component>
      <object_component id="oc-1a0">
         <name>.text:__mspabi_divd</name>
         <load_address>0xd1ea</load_address>
         <run_address>0xd1ea</run_address>
         <size>0x238</size>
         <input_file_ref idref="fl-3a"/>
      </object_component>
      <object_component id="oc-fa">
         <name>.text:atan2</name>
         <load_address>0xd422</load_address>
         <run_address>0xd422</run_address>
         <size>0x214</size>
         <input_file_ref idref="fl-32"/>
      </object_component>
      <object_component id="oc-56">
         <name>.text:Port_1</name>
         <load_address>0xd636</load_address>
         <run_address>0xd636</run_address>
         <size>0x13e</size>
         <input_file_ref idref="fl-2"/>
      </object_component>
      <object_component id="oc-61">
         <name>.text:USCI0TX_ISR</name>
         <load_address>0xd774</load_address>
         <run_address>0xd774</run_address>
         <size>0x12c</size>
         <input_file_ref idref="fl-2"/>
      </object_component>
      <object_component id="oc-19a">
         <name>.text:__mspabi_cmpd</name>
         <load_address>0xd8a0</load_address>
         <run_address>0xd8a0</run_address>
         <size>0xdc</size>
         <input_file_ref idref="fl-34"/>
      </object_component>
      <object_component id="oc-6d">
         <name>.text:isr_ccr12</name>
         <load_address>0xd97c</load_address>
         <run_address>0xd97c</run_address>
         <size>0xdc</size>
         <input_file_ref idref="fl-2"/>
      </object_component>
      <object_component id="oc-85">
         <name>.text:main</name>
         <load_address>0xda58</load_address>
         <run_address>0xda58</run_address>
         <size>0xd0</size>
         <input_file_ref idref="fl-2"/>
      </object_component>
      <object_component id="oc-67">
         <name>.text:USCI0RX_ISR</name>
         <load_address>0xdb28</load_address>
         <run_address>0xdb28</run_address>
         <size>0xc0</size>
         <input_file_ref idref="fl-2"/>
      </object_component>
      <object_component id="oc-135">
         <name>.text:pwm_init</name>
         <load_address>0xdbe8</load_address>
         <run_address>0xdbe8</run_address>
         <size>0xc0</size>
         <input_file_ref idref="fl-2"/>
      </object_component>
      <object_component id="oc-28a">
         <name>.text:__TI_renormd</name>
         <load_address>0xdca8</load_address>
         <run_address>0xdca8</run_address>
         <size>0xbe</size>
         <input_file_ref idref="fl-58"/>
      </object_component>
      <object_component id="oc-156">
         <name>.text:track</name>
         <load_address>0xdd66</load_address>
         <run_address>0xdd66</run_address>
         <size>0xa4</size>
         <input_file_ref idref="fl-2"/>
      </object_component>
      <object_component id="oc-18c">
         <name>.text:__mspabi_fltlid</name>
         <load_address>0xde0a</load_address>
         <run_address>0xde0a</run_address>
         <size>0xa2</size>
         <input_file_ref idref="fl-40"/>
      </object_component>
      <object_component id="oc-14f">
         <name>.text:turn</name>
         <load_address>0xdeac</load_address>
         <run_address>0xdeac</run_address>
         <size>0x78</size>
         <input_file_ref idref="fl-2"/>
      </object_component>
      <object_component id="oc-235">
         <name>.text:__mspabi_fixdli</name>
         <load_address>0xdf24</load_address>
         <run_address>0xdf24</run_address>
         <size>0x72</size>
         <input_file_ref idref="fl-3e"/>
      </object_component>
      <object_component id="oc-73">
         <name>.text:isr_ccr0</name>
         <load_address>0xdf96</load_address>
         <run_address>0xdf96</run_address>
         <size>0x6c</size>
         <input_file_ref idref="fl-2"/>
      </object_component>
      <object_component id="oc-a6">
         <name>.text:__TI_decompress_rle_core</name>
         <load_address>0xe002</load_address>
         <run_address>0xe002</run_address>
         <size>0x5e</size>
         <input_file_ref idref="fl-36"/>
      </object_component>
      <object_component id="oc-7f">
         <name>.text:_auto_init</name>
         <load_address>0xe060</load_address>
         <run_address>0xe060</run_address>
         <size>0x5e</size>
         <input_file_ref idref="fl-5e"/>
      </object_component>
      <object_component id="oc-1ef">
         <name>.text:l_lsr_const</name>
         <load_address>0xe0be</load_address>
         <run_address>0xe0be</run_address>
         <size>0x5c</size>
         <input_file_ref idref="fl-50"/>
      </object_component>
      <object_component id="oc-119">
         <name>.text:update</name>
         <load_address>0xe11a</load_address>
         <run_address>0xe11a</run_address>
         <size>0x5c</size>
         <input_file_ref idref="fl-2"/>
      </object_component>
      <object_component id="oc-200">
         <name>.text</name>
         <load_address>0xe176</load_address>
         <run_address>0xe176</run_address>
         <size>0x4c</size>
         <input_file_ref idref="fl-4f"/>
      </object_component>
      <object_component id="oc-c6">
         <name>.text:change</name>
         <load_address>0xe1c2</load_address>
         <run_address>0xe1c2</run_address>
         <size>0x46</size>
         <input_file_ref idref="fl-2"/>
      </object_component>
      <object_component id="oc-24b">
         <name>.text:l_asr_const</name>
         <load_address>0xe208</load_address>
         <run_address>0xe208</run_address>
         <size>0x3e</size>
         <input_file_ref idref="fl-5d"/>
      </object_component>
      <object_component id="oc-1e5">
         <name>.text:l_lsl_const</name>
         <load_address>0xe246</load_address>
         <run_address>0xe246</run_address>
         <size>0x3e</size>
         <input_file_ref idref="fl-4e"/>
      </object_component>
      <object_component id="oc-20d">
         <name>.text:__mspabi_subd</name>
         <load_address>0xe284</load_address>
         <run_address>0xe284</run_address>
         <size>0x2e</size>
         <input_file_ref idref="fl-60"/>
      </object_component>
      <object_component id="oc-228">
         <name>.text</name>
         <load_address>0xe2b2</load_address>
         <run_address>0xe2b2</run_address>
         <size>0x2c</size>
         <input_file_ref idref="fl-31"/>
      </object_component>
      <object_component id="oc-180">
         <name>.text</name>
         <load_address>0xe2de</load_address>
         <run_address>0xe2de</run_address>
         <size>0x2c</size>
         <input_file_ref idref="fl-38"/>
      </object_component>
      <object_component id="oc-1ea">
         <name>.text</name>
         <load_address>0xe30a</load_address>
         <run_address>0xe30a</run_address>
         <size>0x2c</size>
         <input_file_ref idref="fl-4d"/>
      </object_component>
      <object_component id="oc-194">
         <name>.text:__mspabi_negd</name>
         <load_address>0xe336</load_address>
         <run_address>0xe336</run_address>
         <size>0x2a</size>
         <input_file_ref idref="fl-56"/>
      </object_component>
      <object_component id="oc-1d4">
         <name>.text:__mspabi_fixdi</name>
         <load_address>0xe360</load_address>
         <run_address>0xe360</run_address>
         <size>0x28</size>
         <input_file_ref idref="fl-3d"/>
      </object_component>
      <object_component id="oc-246">
         <name>.text</name>
         <load_address>0xe388</load_address>
         <run_address>0xe388</run_address>
         <size>0x26</size>
         <input_file_ref idref="fl-55"/>
      </object_component>
      <object_component id="oc-3a">
         <name>.text:_c_int00_noexit</name>
         <load_address>0xe3ae</load_address>
         <run_address>0xe3ae</run_address>
         <size>0x1a</size>
         <input_file_ref idref="fl-33"/>
      </object_component>
      <object_component id="oc-1df">
         <name>.text</name>
         <load_address>0xe3c8</load_address>
         <run_address>0xe3c8</run_address>
         <size>0x16</size>
         <input_file_ref idref="fl-39"/>
      </object_component>
      <object_component id="oc-46">
         <name>.text:decompress:ZI:__TI_zero_init</name>
         <load_address>0xe3de</load_address>
         <run_address>0xe3de</run_address>
         <size>0x14</size>
         <input_file_ref idref="fl-37"/>
      </object_component>
      <object_component id="oc-17b">
         <name>.text</name>
         <load_address>0xe3f2</load_address>
         <run_address>0xe3f2</run_address>
         <size>0x14</size>
         <input_file_ref idref="fl-54"/>
      </object_component>
      <object_component id="oc-40">
         <name>.text:decompress:none:__TI_decompress_none</name>
         <load_address>0xe406</load_address>
         <run_address>0xe406</run_address>
         <size>0x12</size>
         <input_file_ref idref="fl-35"/>
      </object_component>
      <object_component id="oc-271">
         <name>.text:l_lsr</name>
         <load_address>0xe418</load_address>
         <run_address>0xe418</run_address>
         <size>0x12</size>
         <input_file_ref idref="fl-50"/>
      </object_component>
      <object_component id="oc-92">
         <name>.text:memcpy</name>
         <load_address>0xe42a</load_address>
         <run_address>0xe42a</run_address>
         <size>0x12</size>
         <input_file_ref idref="fl-51"/>
      </object_component>
      <object_component id="oc-285">
         <name>.text:l_asr</name>
         <load_address>0xe43c</load_address>
         <run_address>0xe43c</run_address>
         <size>0x10</size>
         <input_file_ref idref="fl-5d"/>
      </object_component>
      <object_component id="oc-280">
         <name>.text:l_lsl</name>
         <load_address>0xe44c</load_address>
         <run_address>0xe44c</run_address>
         <size>0x10</size>
         <input_file_ref idref="fl-4e"/>
      </object_component>
      <object_component id="oc-12e">
         <name>.text</name>
         <load_address>0xe45c</load_address>
         <run_address>0xe45c</run_address>
         <size>0x10</size>
         <input_file_ref idref="fl-3b"/>
      </object_component>
      <object_component id="oc-e3">
         <name>.text:__mspabi_fltid</name>
         <load_address>0xe46c</load_address>
         <run_address>0xe46c</run_address>
         <size>0xc</size>
         <input_file_ref idref="fl-3f"/>
      </object_component>
      <object_component id="oc-10b">
         <name>.text:kill</name>
         <load_address>0xe478</load_address>
         <run_address>0xe478</run_address>
         <size>0x8</size>
         <input_file_ref idref="fl-2"/>
      </object_component>
      <object_component id="oc-5c">
         <name>.text:__TI_ISR_TRAP</name>
         <load_address>0xe480</load_address>
         <run_address>0xe480</run_address>
         <size>0x6</size>
         <input_file_ref idref="fl-4c"/>
      </object_component>
      <object_component id="oc-4c">
         <name>.text:decompress:rle24:__TI_decompress_rle24</name>
         <load_address>0xe486</load_address>
         <run_address>0xe486</run_address>
         <size>0x6</size>
         <input_file_ref idref="fl-36"/>
      </object_component>
      <object_component id="oc-79">
         <name>.text:_system_pre_init</name>
         <load_address>0xe48c</load_address>
         <run_address>0xe48c</run_address>
         <size>0x4</size>
         <input_file_ref idref="fl-57"/>
      </object_component>
      <object_component id="oc-8b">
         <name>.text:abort</name>
         <load_address>0xe490</load_address>
         <run_address>0xe490</run_address>
         <size>0x4</size>
         <input_file_ref idref="fl-3c"/>
      </object_component>
      <object_component id="oc-2dc">
         <name>.cinit..data.load</name>
         <load_address>0xe536</load_address>
         <run_address>0xe536</run_address>
         <size>0x35</size>
      </object_component>
      <object_component id="oc-2d9">
         <name>__TI_handler_table</name>
         <load_address>0xe56c</load_address>
         <run_address>0xe56c</run_address>
         <size>0x6</size>
      </object_component>
      <object_component id="oc-2db">
         <name>.cinit..bss.load</name>
         <load_address>0xe572</load_address>
         <run_address>0xe572</run_address>
         <size>0x4</size>
      </object_component>
      <object_component id="oc-2da">
         <name>__TI_cinit_table</name>
         <load_address>0xe576</load_address>
         <run_address>0xe576</run_address>
         <size>0x8</size>
      </object_component>
      <object_component id="oc-222">
         <name>.const:a</name>
         <load_address>0xe494</load_address>
         <run_address>0xe494</run_address>
         <size>0x40</size>
         <input_file_ref idref="fl-59"/>
      </object_component>
      <object_component id="oc-21f">
         <name>.const:c</name>
         <load_address>0xe4d4</load_address>
         <run_address>0xe4d4</run_address>
         <size>0x20</size>
         <input_file_ref idref="fl-59"/>
      </object_component>
      <object_component id="oc-21c">
         <name>.const:s</name>
         <load_address>0xe4f4</load_address>
         <run_address>0xe4f4</run_address>
         <size>0x18</size>
         <input_file_ref idref="fl-59"/>
      </object_component>
      <object_component id="oc-c0">
         <name>.const</name>
         <load_address>0xe50c</load_address>
         <run_address>0xe50c</run_address>
         <size>0x12</size>
         <input_file_ref idref="fl-2"/>
      </object_component>
      <object_component id="oc-d4">
         <name>.const:MAX</name>
         <load_address>0xe51e</load_address>
         <run_address>0xe51e</run_address>
         <size>0x6</size>
         <input_file_ref idref="fl-2"/>
      </object_component>
      <object_component id="oc-c9">
         <name>.const:MIN</name>
         <load_address>0xe524</load_address>
         <run_address>0xe524</run_address>
         <size>0x6</size>
         <input_file_ref idref="fl-2"/>
      </object_component>
      <object_component id="oc-c3">
         <name>.const:NEUT</name>
         <load_address>0xe52a</load_address>
         <run_address>0xe52a</run_address>
         <size>0x6</size>
         <input_file_ref idref="fl-2"/>
      </object_component>
      <object_component id="oc-149">
         <name>.const:.string:TxData</name>
         <load_address>0xe530</load_address>
         <run_address>0xe530</run_address>
         <size>0x5</size>
         <input_file_ref idref="fl-2"/>
      </object_component>
      <object_component id="oc-2e">
         <name>.int02</name>
         <load_address>0xffe4</load_address>
         <run_address>0xffe4</run_address>
         <size>0x2</size>
         <input_file_ref idref="fl-2"/>
      </object_component>
      <object_component id="oc-2f">
         <name>.int03</name>
         <load_address>0xffe6</load_address>
         <run_address>0xffe6</run_address>
         <size>0x2</size>
         <input_file_ref idref="fl-45"/>
      </object_component>
      <object_component id="oc-30">
         <name>.int05</name>
         <load_address>0xffea</load_address>
         <run_address>0xffea</run_address>
         <size>0x2</size>
         <input_file_ref idref="fl-46"/>
      </object_component>
      <object_component id="oc-31">
         <name>.int06</name>
         <load_address>0xffec</load_address>
         <run_address>0xffec</run_address>
         <size>0x2</size>
         <input_file_ref idref="fl-2"/>
      </object_component>
      <object_component id="oc-32">
         <name>.int07</name>
         <load_address>0xffee</load_address>
         <run_address>0xffee</run_address>
         <size>0x2</size>
         <input_file_ref idref="fl-2"/>
      </object_component>
      <object_component id="oc-33">
         <name>.int08</name>
         <load_address>0xfff0</load_address>
         <run_address>0xfff0</run_address>
         <size>0x2</size>
         <input_file_ref idref="fl-47"/>
      </object_component>
      <object_component id="oc-34">
         <name>.int09</name>
         <load_address>0xfff2</load_address>
         <run_address>0xfff2</run_address>
         <size>0x2</size>
         <input_file_ref idref="fl-48"/>
      </object_component>
      <object_component id="oc-35">
         <name>.int10</name>
         <load_address>0xfff4</load_address>
         <run_address>0xfff4</run_address>
         <size>0x2</size>
         <input_file_ref idref="fl-49"/>
      </object_component>
      <object_component id="oc-36">
         <name>.int11</name>
         <load_address>0xfff6</load_address>
         <run_address>0xfff6</run_address>
         <size>0x2</size>
         <input_file_ref idref="fl-4a"/>
      </object_component>
      <object_component id="oc-37">
         <name>.int12</name>
         <load_address>0xfff8</load_address>
         <run_address>0xfff8</run_address>
         <size>0x2</size>
         <input_file_ref idref="fl-2"/>
      </object_component>
      <object_component id="oc-38">
         <name>.int13</name>
         <load_address>0xfffa</load_address>
         <run_address>0xfffa</run_address>
         <size>0x2</size>
         <input_file_ref idref="fl-2"/>
      </object_component>
      <object_component id="oc-39">
         <name>.int14</name>
         <load_address>0xfffc</load_address>
         <run_address>0xfffc</run_address>
         <size>0x2</size>
         <input_file_ref idref="fl-4b"/>
      </object_component>
      <object_component id="oc-55">
         <name>.reset</name>
         <load_address>0xfffe</load_address>
         <run_address>0xfffe</run_address>
         <size>0x2</size>
         <input_file_ref idref="fl-33"/>
      </object_component>
      <object_component id="oc-1cd">
         <name>.common:pwm_on</name>
         <uninitialized>true</uninitialized>
         <run_address>0x2d6</run_address>
         <size>0x6</size>
      </object_component>
      <object_component id="oc-144">
         <name>.common:pwm_period</name>
         <uninitialized>true</uninitialized>
         <run_address>0x2a0</run_address>
         <size>0xc</size>
      </object_component>
      <object_component id="oc-1cb">
         <name>.common:wanted</name>
         <uninitialized>true</uninitialized>
         <run_address>0x2e2</run_address>
         <size>0x6</size>
      </object_component>
      <object_component id="oc-1b5">
         <name>.common:step</name>
         <uninitialized>true</uninitialized>
         <run_address>0x2dc</run_address>
         <size>0x6</size>
      </object_component>
      <object_component id="oc-12b">
         <name>.common:prevDuty</name>
         <uninitialized>true</uninitialized>
         <run_address>0x2d0</run_address>
         <size>0x6</size>
      </object_component>
      <object_component id="oc-f9">
         <name>.common:coordy</name>
         <uninitialized>true</uninitialized>
         <run_address>0x2b4</run_address>
         <size>0x8</size>
      </object_component>
      <object_component id="oc-f5">
         <name>.common:coordx</name>
         <uninitialized>true</uninitialized>
         <run_address>0x2ac</run_address>
         <size>0x8</size>
      </object_component>
      <object_component id="oc-ed">
         <name>.common:coord2</name>
         <uninitialized>true</uninitialized>
         <run_address>0x2c4</run_address>
         <size>0x6</size>
      </object_component>
      <object_component id="oc-104">
         <name>.common:h</name>
         <uninitialized>true</uninitialized>
         <run_address>0x2ca</run_address>
         <size>0x6</size>
      </object_component>
      <object_component id="oc-148">
         <name>.common:RXByteCtr</name>
         <uninitialized>true</uninitialized>
         <run_address>0x2ea</run_address>
         <size>0x2</size>
      </object_component>
      <object_component id="oc-14c">
         <name>.common:PTxData</name>
         <uninitialized>true</uninitialized>
         <run_address>0x2e8</run_address>
         <size>0x2</size>
      </object_component>
      <object_component id="oc-14d">
         <name>.common:TXByteCtr</name>
         <uninitialized>true</uninitialized>
         <run_address>0x2ec</run_address>
         <size>0x2</size>
      </object_component>
      <object_component id="oc-121">
         <name>.common:test2</name>
         <uninitialized>true</uninitialized>
         <run_address>0x2f4</run_address>
         <size>0x2</size>
      </object_component>
      <object_component id="oc-126">
         <name>.common:test1</name>
         <uninitialized>true</uninitialized>
         <run_address>0x2f2</run_address>
         <size>0x2</size>
      </object_component>
      <object_component id="oc-111">
         <name>.common:rx_num1</name>
         <uninitialized>true</uninitialized>
         <run_address>0x2ee</run_address>
         <size>0x2</size>
      </object_component>
      <object_component id="oc-103">
         <name>.common:theta</name>
         <uninitialized>true</uninitialized>
         <run_address>0x2bc</run_address>
         <size>0x8</size>
      </object_component>
      <object_component id="oc-1da">
         <name>.common:stateM</name>
         <uninitialized>true</uninitialized>
         <run_address>0x2f0</run_address>
         <size>0x2</size>
      </object_component>
      <object_component id="oc-ba">
         <name>.data</name>
         <load_address>0x280</load_address>
         <run_address>0x280</run_address>
         <size>0x1a</size>
         <input_file_ref idref="fl-2"/>
      </object_component>
      <object_component id="oc-114">
         <name>.data:state</name>
         <load_address>0x29a</load_address>
         <run_address>0x29a</run_address>
         <size>0x6</size>
         <input_file_ref idref="fl-2"/>
      </object_component>
      <object_component id="oc-219">
         <name>.data</name>
         <load_address>0x200</load_address>
         <run_address>0x200</run_address>
         <size>0x80</size>
         <input_file_ref idref="fl-5a"/>
      </object_component>
      <object_component id="oc-3b">
         <name>.debug_info</name>
         <load_address>0x0</load_address>
         <run_address>0x0</run_address>
         <size>0x125</size>
         <input_file_ref idref="fl-33"/>
      </object_component>
      <object_component id="oc-42">
         <name>.debug_info</name>
         <load_address>0x125</load_address>
         <run_address>0x125</run_address>
         <size>0x194</size>
         <input_file_ref idref="fl-35"/>
      </object_component>
      <object_component id="oc-47">
         <name>.debug_info</name>
         <load_address>0x2b9</load_address>
         <run_address>0x2b9</run_address>
         <size>0x16a</size>
         <input_file_ref idref="fl-37"/>
      </object_component>
      <object_component id="oc-4e">
         <name>.debug_info</name>
         <load_address>0x423</load_address>
         <run_address>0x423</run_address>
         <size>0x18e</size>
         <input_file_ref idref="fl-36"/>
      </object_component>
      <object_component id="oc-53">
         <name>.debug_info</name>
         <load_address>0x5b1</load_address>
         <run_address>0x5b1</run_address>
         <size>0xaa</size>
         <input_file_ref idref="fl-33"/>
      </object_component>
      <object_component id="oc-57">
         <name>.debug_info</name>
         <load_address>0x65b</load_address>
         <run_address>0x65b</run_address>
         <size>0x105</size>
         <input_file_ref idref="fl-2"/>
      </object_component>
      <object_component id="oc-5d">
         <name>.debug_info</name>
         <load_address>0x760</load_address>
         <run_address>0x760</run_address>
         <size>0xc2</size>
         <input_file_ref idref="fl-4c"/>
      </object_component>
      <object_component id="oc-62">
         <name>.debug_info</name>
         <load_address>0x822</load_address>
         <run_address>0x822</run_address>
         <size>0x155</size>
         <input_file_ref idref="fl-2"/>
      </object_component>
      <object_component id="oc-68">
         <name>.debug_info</name>
         <load_address>0x977</load_address>
         <run_address>0x977</run_address>
         <size>0x10d</size>
         <input_file_ref idref="fl-2"/>
      </object_component>
      <object_component id="oc-6e">
         <name>.debug_info</name>
         <load_address>0xa84</load_address>
         <run_address>0xa84</run_address>
         <size>0x108</size>
         <input_file_ref idref="fl-2"/>
      </object_component>
      <object_component id="oc-74">
         <name>.debug_info</name>
         <load_address>0xb8c</load_address>
         <run_address>0xb8c</run_address>
         <size>0xf9</size>
         <input_file_ref idref="fl-2"/>
      </object_component>
      <object_component id="oc-7d">
         <name>.debug_info</name>
         <load_address>0xc85</load_address>
         <run_address>0xc85</run_address>
         <size>0xfd</size>
         <input_file_ref idref="fl-57"/>
      </object_component>
      <object_component id="oc-80">
         <name>.debug_info</name>
         <load_address>0xd82</load_address>
         <run_address>0xd82</run_address>
         <size>0x153</size>
         <input_file_ref idref="fl-5e"/>
      </object_component>
      <object_component id="oc-86">
         <name>.debug_info</name>
         <load_address>0xed5</load_address>
         <run_address>0xed5</run_address>
         <size>0x132</size>
         <input_file_ref idref="fl-2"/>
      </object_component>
      <object_component id="oc-8c">
         <name>.debug_info</name>
         <load_address>0x1007</load_address>
         <run_address>0x1007</run_address>
         <size>0xcc</size>
         <input_file_ref idref="fl-3c"/>
      </object_component>
      <object_component id="oc-93">
         <name>.debug_info</name>
         <load_address>0x10d3</load_address>
         <run_address>0x10d3</run_address>
         <size>0x157</size>
         <input_file_ref idref="fl-51"/>
      </object_component>
      <object_component id="oc-99">
         <name>.debug_info</name>
         <load_address>0x122a</load_address>
         <run_address>0x122a</run_address>
         <size>0x46</size>
         <input_file_ref idref="fl-35"/>
      </object_component>
      <object_component id="oc-9e">
         <name>.debug_info</name>
         <load_address>0x1270</load_address>
         <run_address>0x1270</run_address>
         <size>0x167</size>
         <input_file_ref idref="fl-35"/>
      </object_component>
      <object_component id="oc-a0">
         <name>.debug_info</name>
         <load_address>0x13d7</load_address>
         <run_address>0x13d7</run_address>
         <size>0x46</size>
         <input_file_ref idref="fl-37"/>
      </object_component>
      <object_component id="oc-a5">
         <name>.debug_info</name>
         <load_address>0x141d</load_address>
         <run_address>0x141d</run_address>
         <size>0x11f</size>
         <input_file_ref idref="fl-37"/>
      </object_component>
      <object_component id="oc-a8">
         <name>.debug_info</name>
         <load_address>0x153c</load_address>
         <run_address>0x153c</run_address>
         <size>0x1ef</size>
         <input_file_ref idref="fl-36"/>
      </object_component>
      <object_component id="oc-ad">
         <name>.debug_info</name>
         <load_address>0x172b</load_address>
         <run_address>0x172b</run_address>
         <size>0x129</size>
         <input_file_ref idref="fl-36"/>
      </object_component>
      <object_component id="oc-ae">
         <name>.debug_info</name>
         <load_address>0x1854</load_address>
         <run_address>0x1854</run_address>
         <size>0x39</size>
         <input_file_ref idref="fl-36"/>
      </object_component>
      <object_component id="oc-b5">
         <name>.debug_info</name>
         <load_address>0x188d</load_address>
         <run_address>0x188d</run_address>
         <size>0x84</size>
         <input_file_ref idref="fl-2"/>
      </object_component>
      <object_component id="oc-bb">
         <name>.debug_info</name>
         <load_address>0x1911</load_address>
         <run_address>0x1911</run_address>
         <size>0x1e0</size>
         <input_file_ref idref="fl-2"/>
      </object_component>
      <object_component id="oc-bd">
         <name>.debug_info</name>
         <load_address>0x1af1</load_address>
         <run_address>0x1af1</run_address>
         <size>0x1ef</size>
         <input_file_ref idref="fl-2"/>
      </object_component>
      <object_component id="oc-c1">
         <name>.debug_info</name>
         <load_address>0x1ce0</load_address>
         <run_address>0x1ce0</run_address>
         <size>0x15a</size>
         <input_file_ref idref="fl-2"/>
      </object_component>
      <object_component id="oc-c4">
         <name>.debug_info</name>
         <load_address>0x1e3a</load_address>
         <run_address>0x1e3a</run_address>
         <size>0xb6</size>
         <input_file_ref idref="fl-2"/>
      </object_component>
      <object_component id="oc-ca">
         <name>.debug_info</name>
         <load_address>0x1ef0</load_address>
         <run_address>0x1ef0</run_address>
         <size>0xb4</size>
         <input_file_ref idref="fl-2"/>
      </object_component>
      <object_component id="oc-cd">
         <name>.debug_info</name>
         <load_address>0x1fa4</load_address>
         <run_address>0x1fa4</run_address>
         <size>0x9c8</size>
         <input_file_ref idref="fl-2"/>
      </object_component>
      <object_component id="oc-d5">
         <name>.debug_info</name>
         <load_address>0x296c</load_address>
         <run_address>0x296c</run_address>
         <size>0xb4</size>
         <input_file_ref idref="fl-2"/>
      </object_component>
      <object_component id="oc-e4">
         <name>.debug_info</name>
         <load_address>0x2a20</load_address>
         <run_address>0x2a20</run_address>
         <size>0x11b</size>
         <input_file_ref idref="fl-3f"/>
      </object_component>
      <object_component id="oc-fb">
         <name>.debug_info</name>
         <load_address>0x2b3b</load_address>
         <run_address>0x2b3b</run_address>
         <size>0x1e2</size>
         <input_file_ref idref="fl-32"/>
      </object_component>
      <object_component id="oc-10c">
         <name>.debug_info</name>
         <load_address>0x2d1d</load_address>
         <run_address>0x2d1d</run_address>
         <size>0xe6</size>
         <input_file_ref idref="fl-2"/>
      </object_component>
      <object_component id="oc-115">
         <name>.debug_info</name>
         <load_address>0x2e03</load_address>
         <run_address>0x2e03</run_address>
         <size>0xb8</size>
         <input_file_ref idref="fl-2"/>
      </object_component>
      <object_component id="oc-11a">
         <name>.debug_info</name>
         <load_address>0x2ebb</load_address>
         <run_address>0x2ebb</run_address>
         <size>0x11d</size>
         <input_file_ref idref="fl-2"/>
      </object_component>
      <object_component id="oc-130">
         <name>.debug_info</name>
         <load_address>0x2fd8</load_address>
         <run_address>0x2fd8</run_address>
         <size>0xe1</size>
         <input_file_ref idref="fl-3b"/>
      </object_component>
      <object_component id="oc-134">
         <name>.debug_info</name>
         <load_address>0x30b9</load_address>
         <run_address>0x30b9</run_address>
         <size>0x2ba</size>
         <input_file_ref idref="fl-5e"/>
      </object_component>
      <object_component id="oc-136">
         <name>.debug_info</name>
         <load_address>0x3373</load_address>
         <run_address>0x3373</run_address>
         <size>0xea</size>
         <input_file_ref idref="fl-2"/>
      </object_component>
      <object_component id="oc-14a">
         <name>.debug_info</name>
         <load_address>0x345d</load_address>
         <run_address>0x345d</run_address>
         <size>0xbb</size>
         <input_file_ref idref="fl-2"/>
      </object_component>
      <object_component id="oc-150">
         <name>.debug_info</name>
         <load_address>0x3518</load_address>
         <run_address>0x3518</run_address>
         <size>0x13e</size>
         <input_file_ref idref="fl-2"/>
      </object_component>
      <object_component id="oc-157">
         <name>.debug_info</name>
         <load_address>0x3656</load_address>
         <run_address>0x3656</run_address>
         <size>0x17c</size>
         <input_file_ref idref="fl-2"/>
      </object_component>
      <object_component id="oc-15f">
         <name>.debug_info</name>
         <load_address>0x37d2</load_address>
         <run_address>0x37d2</run_address>
         <size>0x127</size>
         <input_file_ref idref="fl-51"/>
      </object_component>
      <object_component id="oc-160">
         <name>.debug_info</name>
         <load_address>0x38f9</load_address>
         <run_address>0x38f9</run_address>
         <size>0x2c</size>
         <input_file_ref idref="fl-37"/>
      </object_component>
      <object_component id="oc-165">
         <name>.debug_info</name>
         <load_address>0x3925</load_address>
         <run_address>0x3925</run_address>
         <size>0x2c</size>
         <input_file_ref idref="fl-35"/>
      </object_component>
      <object_component id="oc-17d">
         <name>.debug_info</name>
         <load_address>0x3951</load_address>
         <run_address>0x3951</run_address>
         <size>0xd4</size>
         <input_file_ref idref="fl-54"/>
      </object_component>
      <object_component id="oc-182">
         <name>.debug_info</name>
         <load_address>0x3a25</load_address>
         <run_address>0x3a25</run_address>
         <size>0xe8</size>
         <input_file_ref idref="fl-38"/>
      </object_component>
      <object_component id="oc-18e">
         <name>.debug_info</name>
         <load_address>0x3b0d</load_address>
         <run_address>0x3b0d</run_address>
         <size>0x1c5</size>
         <input_file_ref idref="fl-40"/>
      </object_component>
      <object_component id="oc-193">
         <name>.debug_info</name>
         <load_address>0x3cd2</load_address>
         <run_address>0x3cd2</run_address>
         <size>0x185</size>
         <input_file_ref idref="fl-3f"/>
      </object_component>
      <object_component id="oc-198">
         <name>.debug_info</name>
         <load_address>0x3e57</load_address>
         <run_address>0x3e57</run_address>
         <size>0x102</size>
         <input_file_ref idref="fl-56"/>
      </object_component>
      <object_component id="oc-19c">
         <name>.debug_info</name>
         <load_address>0x3f59</load_address>
         <run_address>0x3f59</run_address>
         <size>0x193</size>
         <input_file_ref idref="fl-34"/>
      </object_component>
      <object_component id="oc-1a1">
         <name>.debug_info</name>
         <load_address>0x40ec</load_address>
         <run_address>0x40ec</run_address>
         <size>0x234</size>
         <input_file_ref idref="fl-3a"/>
      </object_component>
      <object_component id="oc-1a8">
         <name>.debug_info</name>
         <load_address>0x4320</load_address>
         <run_address>0x4320</run_address>
         <size>0x404</size>
         <input_file_ref idref="fl-59"/>
      </object_component>
      <object_component id="oc-1ad">
         <name>.debug_info</name>
         <load_address>0x4724</load_address>
         <run_address>0x4724</run_address>
         <size>0x19f</size>
         <input_file_ref idref="fl-32"/>
      </object_component>
      <object_component id="oc-1c0">
         <name>.debug_info</name>
         <load_address>0x48c3</load_address>
         <run_address>0x48c3</run_address>
         <size>0x39</size>
         <input_file_ref idref="fl-5e"/>
      </object_component>
      <object_component id="oc-1cf">
         <name>.debug_info</name>
         <load_address>0x48fc</load_address>
         <run_address>0x48fc</run_address>
         <size>0x280</size>
         <input_file_ref idref="fl-53"/>
      </object_component>
      <object_component id="oc-1d5">
         <name>.debug_info</name>
         <load_address>0x4b7c</load_address>
         <run_address>0x4b7c</run_address>
         <size>0x126</size>
         <input_file_ref idref="fl-3d"/>
      </object_component>
      <object_component id="oc-1e0">
         <name>.debug_info</name>
         <load_address>0x4ca2</load_address>
         <run_address>0x4ca2</run_address>
         <size>0xd4</size>
         <input_file_ref idref="fl-39"/>
      </object_component>
      <object_component id="oc-1e6">
         <name>.debug_info</name>
         <load_address>0x4d76</load_address>
         <run_address>0x4d76</run_address>
         <size>0xd9</size>
         <input_file_ref idref="fl-4e"/>
      </object_component>
      <object_component id="oc-1eb">
         <name>.debug_info</name>
         <load_address>0x4e4f</load_address>
         <run_address>0x4e4f</run_address>
         <size>0xd3</size>
         <input_file_ref idref="fl-4d"/>
      </object_component>
      <object_component id="oc-1f0">
         <name>.debug_info</name>
         <load_address>0x4f22</load_address>
         <run_address>0x4f22</run_address>
         <size>0xd9</size>
         <input_file_ref idref="fl-50"/>
      </object_component>
      <object_component id="oc-1f5">
         <name>.debug_info</name>
         <load_address>0x4ffb</load_address>
         <run_address>0x4ffb</run_address>
         <size>0x186</size>
         <input_file_ref idref="fl-40"/>
      </object_component>
      <object_component id="oc-1f6">
         <name>.debug_info</name>
         <load_address>0x5181</load_address>
         <run_address>0x5181</run_address>
         <size>0x94</size>
         <input_file_ref idref="fl-30"/>
      </object_component>
      <object_component id="oc-1ff">
         <name>.debug_info</name>
         <load_address>0x5215</load_address>
         <run_address>0x5215</run_address>
         <size>0x184</size>
         <input_file_ref idref="fl-34"/>
      </object_component>
      <object_component id="oc-201">
         <name>.debug_info</name>
         <load_address>0x5399</load_address>
         <run_address>0x5399</run_address>
         <size>0xd3</size>
         <input_file_ref idref="fl-4f"/>
      </object_component>
      <object_component id="oc-206">
         <name>.debug_info</name>
         <load_address>0x546c</load_address>
         <run_address>0x546c</run_address>
         <size>0x59e</size>
         <input_file_ref idref="fl-44"/>
      </object_component>
      <object_component id="oc-20c">
         <name>.debug_info</name>
         <load_address>0x5a0a</load_address>
         <run_address>0x5a0a</run_address>
         <size>0x1c2</size>
         <input_file_ref idref="fl-3a"/>
      </object_component>
      <object_component id="oc-20e">
         <name>.debug_info</name>
         <load_address>0x5bcc</load_address>
         <run_address>0x5bcc</run_address>
         <size>0x148</size>
         <input_file_ref idref="fl-60"/>
      </object_component>
      <object_component id="oc-214">
         <name>.debug_info</name>
         <load_address>0x5d14</load_address>
         <run_address>0x5d14</run_address>
         <size>0x208</size>
         <input_file_ref idref="fl-30"/>
      </object_component>
      <object_component id="oc-21a">
         <name>.debug_info</name>
         <load_address>0x5f1c</load_address>
         <run_address>0x5f1c</run_address>
         <size>0x189</size>
         <input_file_ref idref="fl-5a"/>
      </object_component>
      <object_component id="oc-21d">
         <name>.debug_info</name>
         <load_address>0x60a5</load_address>
         <run_address>0x60a5</run_address>
         <size>0xa0</size>
         <input_file_ref idref="fl-59"/>
      </object_component>
      <object_component id="oc-220">
         <name>.debug_info</name>
         <load_address>0x6145</load_address>
         <run_address>0x6145</run_address>
         <size>0xa0</size>
         <input_file_ref idref="fl-59"/>
      </object_component>
      <object_component id="oc-223">
         <name>.debug_info</name>
         <load_address>0x61e5</load_address>
         <run_address>0x61e5</run_address>
         <size>0xa0</size>
         <input_file_ref idref="fl-59"/>
      </object_component>
      <object_component id="oc-22b">
         <name>.debug_info</name>
         <load_address>0x6285</load_address>
         <run_address>0x6285</run_address>
         <size>0xd3</size>
         <input_file_ref idref="fl-31"/>
      </object_component>
      <object_component id="oc-22e">
         <name>.debug_info</name>
         <load_address>0x6358</load_address>
         <run_address>0x6358</run_address>
         <size>0x381</size>
         <input_file_ref idref="fl-5f"/>
      </object_component>
      <object_component id="oc-234">
         <name>.debug_info</name>
         <load_address>0x66d9</load_address>
         <run_address>0x66d9</run_address>
         <size>0x1c2</size>
         <input_file_ref idref="fl-53"/>
      </object_component>
      <object_component id="oc-238">
         <name>.debug_info</name>
         <load_address>0x689b</load_address>
         <run_address>0x689b</run_address>
         <size>0x1a9</size>
         <input_file_ref idref="fl-3e"/>
      </object_component>
      <object_component id="oc-23c">
         <name>.debug_info</name>
         <load_address>0x6a44</load_address>
         <run_address>0x6a44</run_address>
         <size>0x185</size>
         <input_file_ref idref="fl-3d"/>
      </object_component>
      <object_component id="oc-247">
         <name>.debug_info</name>
         <load_address>0x6bc9</load_address>
         <run_address>0x6bc9</run_address>
         <size>0xd4</size>
         <input_file_ref idref="fl-55"/>
      </object_component>
      <object_component id="oc-24c">
         <name>.debug_info</name>
         <load_address>0x6c9d</load_address>
         <run_address>0x6c9d</run_address>
         <size>0xd9</size>
         <input_file_ref idref="fl-5d"/>
      </object_component>
      <object_component id="oc-251">
         <name>.debug_info</name>
         <load_address>0x6d76</load_address>
         <run_address>0x6d76</run_address>
         <size>0x18d</size>
         <input_file_ref idref="fl-44"/>
      </object_component>
      <object_component id="oc-255">
         <name>.debug_info</name>
         <load_address>0x6f03</load_address>
         <run_address>0x6f03</run_address>
         <size>0x184</size>
         <input_file_ref idref="fl-60"/>
      </object_component>
      <object_component id="oc-259">
         <name>.debug_info</name>
         <load_address>0x7087</load_address>
         <run_address>0x7087</run_address>
         <size>0x2d3</size>
         <input_file_ref idref="fl-43"/>
      </object_component>
      <object_component id="oc-25d">
         <name>.debug_info</name>
         <load_address>0x735a</load_address>
         <run_address>0x735a</run_address>
         <size>0x1c7</size>
         <input_file_ref idref="fl-30"/>
      </object_component>
      <object_component id="oc-260">
         <name>.debug_info</name>
         <load_address>0x7521</load_address>
         <run_address>0x7521</run_address>
         <size>0x86</size>
         <input_file_ref idref="fl-59"/>
      </object_component>
      <object_component id="oc-267">
         <name>.debug_info</name>
         <load_address>0x75a7</load_address>
         <run_address>0x75a7</run_address>
         <size>0x1d5</size>
         <input_file_ref idref="fl-59"/>
      </object_component>
      <object_component id="oc-26e">
         <name>.debug_info</name>
         <load_address>0x777c</load_address>
         <run_address>0x777c</run_address>
         <size>0x1a9</size>
         <input_file_ref idref="fl-5f"/>
      </object_component>
      <object_component id="oc-272">
         <name>.debug_info</name>
         <load_address>0x7925</load_address>
         <run_address>0x7925</run_address>
         <size>0xd3</size>
         <input_file_ref idref="fl-50"/>
      </object_component>
      <object_component id="oc-277">
         <name>.debug_info</name>
         <load_address>0x79f8</load_address>
         <run_address>0x79f8</run_address>
         <size>0x186</size>
         <input_file_ref idref="fl-3e"/>
      </object_component>
      <object_component id="oc-281">
         <name>.debug_info</name>
         <load_address>0x7b7e</load_address>
         <run_address>0x7b7e</run_address>
         <size>0xd3</size>
         <input_file_ref idref="fl-4e"/>
      </object_component>
      <object_component id="oc-286">
         <name>.debug_info</name>
         <load_address>0x7c51</load_address>
         <run_address>0x7c51</run_address>
         <size>0xd3</size>
         <input_file_ref idref="fl-5d"/>
      </object_component>
      <object_component id="oc-28b">
         <name>.debug_info</name>
         <load_address>0x7d24</load_address>
         <run_address>0x7d24</run_address>
         <size>0x1a3</size>
         <input_file_ref idref="fl-58"/>
      </object_component>
      <object_component id="oc-291">
         <name>.debug_info</name>
         <load_address>0x7ec7</load_address>
         <run_address>0x7ec7</run_address>
         <size>0x1bb</size>
         <input_file_ref idref="fl-43"/>
      </object_component>
      <object_component id="oc-29e">
         <name>.debug_info</name>
         <load_address>0x8082</load_address>
         <run_address>0x8082</run_address>
         <size>0x18d</size>
         <input_file_ref idref="fl-58"/>
      </object_component>
      <object_component id="oc-2de">
         <name>.debug_info</name>
         <load_address>0x820f</load_address>
         <run_address>0x820f</run_address>
         <size>0x94</size>
      </object_component>
      <object_component id="oc-3c">
         <name>.debug_aranges</name>
         <load_address>0x0</load_address>
         <run_address>0x0</run_address>
         <size>0x20</size>
         <input_file_ref idref="fl-33"/>
      </object_component>
      <object_component id="oc-43">
         <name>.debug_aranges</name>
         <load_address>0x20</load_address>
         <run_address>0x20</run_address>
         <size>0x20</size>
         <input_file_ref idref="fl-35"/>
      </object_component>
      <object_component id="oc-48">
         <name>.debug_aranges</name>
         <load_address>0x40</load_address>
         <run_address>0x40</run_address>
         <size>0x20</size>
         <input_file_ref idref="fl-37"/>
      </object_component>
      <object_component id="oc-4f">
         <name>.debug_aranges</name>
         <load_address>0x60</load_address>
         <run_address>0x60</run_address>
         <size>0x20</size>
         <input_file_ref idref="fl-36"/>
      </object_component>
      <object_component id="oc-58">
         <name>.debug_aranges</name>
         <load_address>0x80</load_address>
         <run_address>0x80</run_address>
         <size>0x20</size>
         <input_file_ref idref="fl-2"/>
      </object_component>
      <object_component id="oc-5e">
         <name>.debug_aranges</name>
         <load_address>0xa0</load_address>
         <run_address>0xa0</run_address>
         <size>0x20</size>
         <input_file_ref idref="fl-4c"/>
      </object_component>
      <object_component id="oc-63">
         <name>.debug_aranges</name>
         <load_address>0xc0</load_address>
         <run_address>0xc0</run_address>
         <size>0x20</size>
         <input_file_ref idref="fl-2"/>
      </object_component>
      <object_component id="oc-69">
         <name>.debug_aranges</name>
         <load_address>0xe0</load_address>
         <run_address>0xe0</run_address>
         <size>0x20</size>
         <input_file_ref idref="fl-2"/>
      </object_component>
      <object_component id="oc-6f">
         <name>.debug_aranges</name>
         <load_address>0x100</load_address>
         <run_address>0x100</run_address>
         <size>0x20</size>
         <input_file_ref idref="fl-2"/>
      </object_component>
      <object_component id="oc-75">
         <name>.debug_aranges</name>
         <load_address>0x120</load_address>
         <run_address>0x120</run_address>
         <size>0x20</size>
         <input_file_ref idref="fl-2"/>
      </object_component>
      <object_component id="oc-7c">
         <name>.debug_aranges</name>
         <load_address>0x140</load_address>
         <run_address>0x140</run_address>
         <size>0x20</size>
         <input_file_ref idref="fl-57"/>
      </object_component>
      <object_component id="oc-81">
         <name>.debug_aranges</name>
         <load_address>0x160</load_address>
         <run_address>0x160</run_address>
         <size>0x20</size>
         <input_file_ref idref="fl-5e"/>
      </object_component>
      <object_component id="oc-87">
         <name>.debug_aranges</name>
         <load_address>0x180</load_address>
         <run_address>0x180</run_address>
         <size>0x20</size>
         <input_file_ref idref="fl-2"/>
      </object_component>
      <object_component id="oc-8d">
         <name>.debug_aranges</name>
         <load_address>0x1a0</load_address>
         <run_address>0x1a0</run_address>
         <size>0x20</size>
         <input_file_ref idref="fl-3c"/>
      </object_component>
      <object_component id="oc-94">
         <name>.debug_aranges</name>
         <load_address>0x1c0</load_address>
         <run_address>0x1c0</run_address>
         <size>0x20</size>
         <input_file_ref idref="fl-51"/>
      </object_component>
      <object_component id="oc-a9">
         <name>.debug_aranges</name>
         <load_address>0x1e0</load_address>
         <run_address>0x1e0</run_address>
         <size>0x20</size>
         <input_file_ref idref="fl-36"/>
      </object_component>
      <object_component id="oc-be">
         <name>.debug_aranges</name>
         <load_address>0x200</load_address>
         <run_address>0x200</run_address>
         <size>0x20</size>
         <input_file_ref idref="fl-2"/>
      </object_component>
      <object_component id="oc-e5">
         <name>.debug_aranges</name>
         <load_address>0x220</load_address>
         <run_address>0x220</run_address>
         <size>0x20</size>
         <input_file_ref idref="fl-3f"/>
      </object_component>
      <object_component id="oc-fc">
         <name>.debug_aranges</name>
         <load_address>0x240</load_address>
         <run_address>0x240</run_address>
         <size>0x28</size>
         <input_file_ref idref="fl-32"/>
      </object_component>
      <object_component id="oc-10d">
         <name>.debug_aranges</name>
         <load_address>0x268</load_address>
         <run_address>0x268</run_address>
         <size>0x20</size>
         <input_file_ref idref="fl-2"/>
      </object_component>
      <object_component id="oc-11b">
         <name>.debug_aranges</name>
         <load_address>0x288</load_address>
         <run_address>0x288</run_address>
         <size>0x20</size>
         <input_file_ref idref="fl-2"/>
      </object_component>
      <object_component id="oc-131">
         <name>.debug_aranges</name>
         <load_address>0x2a8</load_address>
         <run_address>0x2a8</run_address>
         <size>0x20</size>
         <input_file_ref idref="fl-3b"/>
      </object_component>
      <object_component id="oc-137">
         <name>.debug_aranges</name>
         <load_address>0x2c8</load_address>
         <run_address>0x2c8</run_address>
         <size>0x20</size>
         <input_file_ref idref="fl-2"/>
      </object_component>
      <object_component id="oc-151">
         <name>.debug_aranges</name>
         <load_address>0x2e8</load_address>
         <run_address>0x2e8</run_address>
         <size>0x20</size>
         <input_file_ref idref="fl-2"/>
      </object_component>
      <object_component id="oc-158">
         <name>.debug_aranges</name>
         <load_address>0x308</load_address>
         <run_address>0x308</run_address>
         <size>0x20</size>
         <input_file_ref idref="fl-2"/>
      </object_component>
      <object_component id="oc-17f">
         <name>.debug_aranges</name>
         <load_address>0x328</load_address>
         <run_address>0x328</run_address>
         <size>0x20</size>
         <input_file_ref idref="fl-54"/>
      </object_component>
      <object_component id="oc-183">
         <name>.debug_aranges</name>
         <load_address>0x348</load_address>
         <run_address>0x348</run_address>
         <size>0x20</size>
         <input_file_ref idref="fl-38"/>
      </object_component>
      <object_component id="oc-18f">
         <name>.debug_aranges</name>
         <load_address>0x368</load_address>
         <run_address>0x368</run_address>
         <size>0x20</size>
         <input_file_ref idref="fl-40"/>
      </object_component>
      <object_component id="oc-197">
         <name>.debug_aranges</name>
         <load_address>0x388</load_address>
         <run_address>0x388</run_address>
         <size>0x20</size>
         <input_file_ref idref="fl-56"/>
      </object_component>
      <object_component id="oc-19d">
         <name>.debug_aranges</name>
         <load_address>0x3a8</load_address>
         <run_address>0x3a8</run_address>
         <size>0x20</size>
         <input_file_ref idref="fl-34"/>
      </object_component>
      <object_component id="oc-1a2">
         <name>.debug_aranges</name>
         <load_address>0x3c8</load_address>
         <run_address>0x3c8</run_address>
         <size>0x20</size>
         <input_file_ref idref="fl-3a"/>
      </object_component>
      <object_component id="oc-1a9">
         <name>.debug_aranges</name>
         <load_address>0x3e8</load_address>
         <run_address>0x3e8</run_address>
         <size>0x58</size>
         <input_file_ref idref="fl-59"/>
      </object_component>
      <object_component id="oc-1d0">
         <name>.debug_aranges</name>
         <load_address>0x440</load_address>
         <run_address>0x440</run_address>
         <size>0x28</size>
         <input_file_ref idref="fl-53"/>
      </object_component>
      <object_component id="oc-1d6">
         <name>.debug_aranges</name>
         <load_address>0x468</load_address>
         <run_address>0x468</run_address>
         <size>0x20</size>
         <input_file_ref idref="fl-3d"/>
      </object_component>
      <object_component id="oc-1e1">
         <name>.debug_aranges</name>
         <load_address>0x488</load_address>
         <run_address>0x488</run_address>
         <size>0x20</size>
         <input_file_ref idref="fl-39"/>
      </object_component>
      <object_component id="oc-1e7">
         <name>.debug_aranges</name>
         <load_address>0x4a8</load_address>
         <run_address>0x4a8</run_address>
         <size>0x20</size>
         <input_file_ref idref="fl-4e"/>
      </object_component>
      <object_component id="oc-1ec">
         <name>.debug_aranges</name>
         <load_address>0x4c8</load_address>
         <run_address>0x4c8</run_address>
         <size>0x20</size>
         <input_file_ref idref="fl-4d"/>
      </object_component>
      <object_component id="oc-1f1">
         <name>.debug_aranges</name>
         <load_address>0x4e8</load_address>
         <run_address>0x4e8</run_address>
         <size>0x20</size>
         <input_file_ref idref="fl-50"/>
      </object_component>
      <object_component id="oc-202">
         <name>.debug_aranges</name>
         <load_address>0x508</load_address>
         <run_address>0x508</run_address>
         <size>0x20</size>
         <input_file_ref idref="fl-4f"/>
      </object_component>
      <object_component id="oc-207">
         <name>.debug_aranges</name>
         <load_address>0x528</load_address>
         <run_address>0x528</run_address>
         <size>0x28</size>
         <input_file_ref idref="fl-44"/>
      </object_component>
      <object_component id="oc-20f">
         <name>.debug_aranges</name>
         <load_address>0x550</load_address>
         <run_address>0x550</run_address>
         <size>0x20</size>
         <input_file_ref idref="fl-60"/>
      </object_component>
      <object_component id="oc-215">
         <name>.debug_aranges</name>
         <load_address>0x570</load_address>
         <run_address>0x570</run_address>
         <size>0x20</size>
         <input_file_ref idref="fl-30"/>
      </object_component>
      <object_component id="oc-22a">
         <name>.debug_aranges</name>
         <load_address>0x590</load_address>
         <run_address>0x590</run_address>
         <size>0x20</size>
         <input_file_ref idref="fl-31"/>
      </object_component>
      <object_component id="oc-22f">
         <name>.debug_aranges</name>
         <load_address>0x5b0</load_address>
         <run_address>0x5b0</run_address>
         <size>0x30</size>
         <input_file_ref idref="fl-5f"/>
      </object_component>
      <object_component id="oc-239">
         <name>.debug_aranges</name>
         <load_address>0x5e0</load_address>
         <run_address>0x5e0</run_address>
         <size>0x20</size>
         <input_file_ref idref="fl-3e"/>
      </object_component>
      <object_component id="oc-248">
         <name>.debug_aranges</name>
         <load_address>0x600</load_address>
         <run_address>0x600</run_address>
         <size>0x20</size>
         <input_file_ref idref="fl-55"/>
      </object_component>
      <object_component id="oc-24d">
         <name>.debug_aranges</name>
         <load_address>0x620</load_address>
         <run_address>0x620</run_address>
         <size>0x20</size>
         <input_file_ref idref="fl-5d"/>
      </object_component>
      <object_component id="oc-25b">
         <name>.debug_aranges</name>
         <load_address>0x640</load_address>
         <run_address>0x640</run_address>
         <size>0x20</size>
         <input_file_ref idref="fl-43"/>
      </object_component>
      <object_component id="oc-273">
         <name>.debug_aranges</name>
         <load_address>0x660</load_address>
         <run_address>0x660</run_address>
         <size>0x20</size>
         <input_file_ref idref="fl-50"/>
      </object_component>
      <object_component id="oc-282">
         <name>.debug_aranges</name>
         <load_address>0x680</load_address>
         <run_address>0x680</run_address>
         <size>0x20</size>
         <input_file_ref idref="fl-4e"/>
      </object_component>
      <object_component id="oc-287">
         <name>.debug_aranges</name>
         <load_address>0x6a0</load_address>
         <run_address>0x6a0</run_address>
         <size>0x20</size>
         <input_file_ref idref="fl-5d"/>
      </object_component>
      <object_component id="oc-28c">
         <name>.debug_aranges</name>
         <load_address>0x6c0</load_address>
         <run_address>0x6c0</run_address>
         <size>0x20</size>
         <input_file_ref idref="fl-58"/>
      </object_component>
      <object_component id="oc-3d">
         <name>.debug_pubnames</name>
         <load_address>0x0</load_address>
         <run_address>0x0</run_address>
         <size>0x26</size>
         <input_file_ref idref="fl-33"/>
      </object_component>
      <object_component id="oc-44">
         <name>.debug_pubnames</name>
         <load_address>0x26</load_address>
         <run_address>0x26</run_address>
         <size>0x2b</size>
         <input_file_ref idref="fl-35"/>
      </object_component>
      <object_component id="oc-49">
         <name>.debug_pubnames</name>
         <load_address>0x51</load_address>
         <run_address>0x51</run_address>
         <size>0x25</size>
         <input_file_ref idref="fl-37"/>
      </object_component>
      <object_component id="oc-50">
         <name>.debug_pubnames</name>
         <load_address>0x76</load_address>
         <run_address>0x76</run_address>
         <size>0x2c</size>
         <input_file_ref idref="fl-36"/>
      </object_component>
      <object_component id="oc-54">
         <name>.debug_pubnames</name>
         <load_address>0xa2</load_address>
         <run_address>0xa2</run_address>
         <size>0x1d</size>
         <input_file_ref idref="fl-33"/>
      </object_component>
      <object_component id="oc-59">
         <name>.debug_pubnames</name>
         <load_address>0xbf</load_address>
         <run_address>0xbf</run_address>
         <size>0x1d</size>
         <input_file_ref idref="fl-2"/>
      </object_component>
      <object_component id="oc-5f">
         <name>.debug_pubnames</name>
         <load_address>0xdc</load_address>
         <run_address>0xdc</run_address>
         <size>0x2b</size>
         <input_file_ref idref="fl-4c"/>
      </object_component>
      <object_component id="oc-64">
         <name>.debug_pubnames</name>
         <load_address>0x107</load_address>
         <run_address>0x107</run_address>
         <size>0x22</size>
         <input_file_ref idref="fl-2"/>
      </object_component>
      <object_component id="oc-6a">
         <name>.debug_pubnames</name>
         <load_address>0x129</load_address>
         <run_address>0x129</run_address>
         <size>0x22</size>
         <input_file_ref idref="fl-2"/>
      </object_component>
      <object_component id="oc-70">
         <name>.debug_pubnames</name>
         <load_address>0x14b</load_address>
         <run_address>0x14b</run_address>
         <size>0x20</size>
         <input_file_ref idref="fl-2"/>
      </object_component>
      <object_component id="oc-76">
         <name>.debug_pubnames</name>
         <load_address>0x16b</load_address>
         <run_address>0x16b</run_address>
         <size>0x1f</size>
         <input_file_ref idref="fl-2"/>
      </object_component>
      <object_component id="oc-7e">
         <name>.debug_pubnames</name>
         <load_address>0x18a</load_address>
         <run_address>0x18a</run_address>
         <size>0x27</size>
         <input_file_ref idref="fl-57"/>
      </object_component>
      <object_component id="oc-82">
         <name>.debug_pubnames</name>
         <load_address>0x1b1</load_address>
         <run_address>0x1b1</run_address>
         <size>0x21</size>
         <input_file_ref idref="fl-5e"/>
      </object_component>
      <object_component id="oc-88">
         <name>.debug_pubnames</name>
         <load_address>0x1d2</load_address>
         <run_address>0x1d2</run_address>
         <size>0x1b</size>
         <input_file_ref idref="fl-2"/>
      </object_component>
      <object_component id="oc-8e">
         <name>.debug_pubnames</name>
         <load_address>0x1ed</load_address>
         <run_address>0x1ed</run_address>
         <size>0x1c</size>
         <input_file_ref idref="fl-3c"/>
      </object_component>
      <object_component id="oc-95">
         <name>.debug_pubnames</name>
         <load_address>0x209</load_address>
         <run_address>0x209</run_address>
         <size>0x1d</size>
         <input_file_ref idref="fl-51"/>
      </object_component>
      <object_component id="oc-aa">
         <name>.debug_pubnames</name>
         <load_address>0x226</load_address>
         <run_address>0x226</run_address>
         <size>0x2f</size>
         <input_file_ref idref="fl-36"/>
      </object_component>
      <object_component id="oc-bc">
         <name>.debug_pubnames</name>
         <load_address>0x255</load_address>
         <run_address>0x255</run_address>
         <size>0x8d</size>
         <input_file_ref idref="fl-2"/>
      </object_component>
      <object_component id="oc-bf">
         <name>.debug_pubnames</name>
         <load_address>0x2e2</load_address>
         <run_address>0x2e2</run_address>
         <size>0x1d</size>
         <input_file_ref idref="fl-2"/>
      </object_component>
      <object_component id="oc-c2">
         <name>.debug_pubnames</name>
         <load_address>0x2ff</load_address>
         <run_address>0x2ff</run_address>
         <size>0x5d</size>
         <input_file_ref idref="fl-2"/>
      </object_component>
      <object_component id="oc-c5">
         <name>.debug_pubnames</name>
[...]
      <symbol id="sm-2af">
         <name>__mspabi_func_epilog_7</name>
         <value>0xe45c</value>
         <object_component_ref idref="oc-12e"/>
      </symbol>
      <symbol id="sm-2b0">
         <name>__mspabi_func_epilog_4</name>
         <value>0xe462</value>
         <object_component_ref idref="oc-12e"/>
      </symbol>
      <symbol id="sm-2b1">
         <name>__mspabi_func_epilog_5</name>
         <value>0xe460</value>
         <object_component_ref idref="oc-12e"/>
      </symbol>
      <symbol id="sm-2bb">
         <name>C$$EXIT</name>
         <value>0xe490</value>
         <object_component_ref idref="oc-8b"/>
      </symbol>
      <symbol id="sm-2bc">
         <name>abort</name>
         <value>0xe490</value>
         <object_component_ref idref="oc-8b"/>
      </symbol>
      <symbol id="sm-2cc">
         <name>__mspabi_fixdi</name>
         <value>0xe360</value>
         <object_component_ref idref="oc-1d4"/>
      </symbol>
      <symbol id="sm-2de">
         <name>__mspabi_fixdli</name>
         <value>0xdf24</value>
         <object_component_ref idref="oc-235"/>
      </symbol>
      <symbol id="sm-2ea">
         <name>__mspabi_fltid</name>
         <value>0xe46c</value>
         <object_component_ref idref="oc-e3"/>
      </symbol>
      <symbol id="sm-301">
         <name>__mspabi_fltlid</name>
         <value>0xde0a</value>
         <object_component_ref idref="oc-18c"/>
      </symbol>
      <symbol id="sm-324">
         <name>__TI_frcaddd</name>
         <value>0xcf8a</value>
         <object_component_ref idref="oc-256"/>
      </symbol>
      <symbol id="sm-33f">
         <name>__TI_frcdivd</name>
         <value>0xc000</value>
         <object_component_ref idref="oc-205"/>
      </symbol>
      <symbol id="sm-342">
         <name>__TI_int03</name>
         <value>0xffe6</value>
         <object_component_ref idref="oc-2f"/>
      </symbol>
      <symbol id="sm-345">
         <name>__TI_int05</name>
         <value>0xffea</value>
         <object_component_ref idref="oc-30"/>
      </symbol>
      <symbol id="sm-348">
         <name>__TI_int08</name>
         <value>0xfff0</value>
         <object_component_ref idref="oc-33"/>
      </symbol>
      <symbol id="sm-34b">
         <name>__TI_int09</name>
         <value>0xfff2</value>
         <object_component_ref idref="oc-34"/>
      </symbol>
      <symbol id="sm-34e">
         <name>__TI_int10</name>
         <value>0xfff4</value>
         <object_component_ref idref="oc-35"/>
      </symbol>
      <symbol id="sm-351">
         <name>__TI_int11</name>
         <value>0xfff6</value>
         <object_component_ref idref="oc-36"/>
      </symbol>
      <symbol id="sm-354">
         <name>__TI_int14</name>
         <value>0xfffc</value>
         <object_component_ref idref="oc-39"/>
      </symbol>
      <symbol id="sm-35c">
         <name>__TI_ISR_TRAP</name>
         <value>0xe480</value>
         <object_component_ref idref="oc-5c"/>
      </symbol>
      <symbol id="sm-364">
         <name>__mspabi_slli</name>
         <value>0xe30a</value>
         <object_component_ref idref="oc-1ea"/>
      </symbol>
      <symbol id="sm-365">
         <name>__mspabi_slli_9</name>
         <value>0xe322</value>
         <object_component_ref idref="oc-1ea"/>
      </symbol>
      <symbol id="sm-366">
         <name>__mspabi_slli_8</name>
         <value>0xe324</value>
         <object_component_ref idref="oc-1ea"/>
      </symbol>
      <symbol id="sm-367">
         <name>__mspabi_slli_7</name>
         <value>0xe326</value>
         <object_component_ref idref="oc-1ea"/>
      </symbol>
      <symbol id="sm-368">
         <name>__mspabi_slli_6</name>
         <value>0xe328</value>
         <object_component_ref idref="oc-1ea"/>
      </symbol>
      <symbol id="sm-369">
         <name>__mspabi_slli_5</name>
         <value>0xe32a</value>
         <object_component_ref idref="oc-1ea"/>
      </symbol>
      <symbol id="sm-36a">
         <name>__mspabi_slli_4</name>
         <value>0xe32c</value>
         <object_component_ref idref="oc-1ea"/>
      </symbol>
      <symbol id="sm-36b">
         <name>__mspabi_slli_3</name>
         <value>0xe32e</value>
         <object_component_ref idref="oc-1ea"/>
      </symbol>
      <symbol id="sm-36c">
         <name>__mspabi_slli_2</name>
         <value>0xe330</value>
         <object_component_ref idref="oc-1ea"/>
      </symbol>
      <symbol id="sm-36d">
         <name>__mspabi_slli_1</name>
         <value>0xe332</value>
         <object_component_ref idref="oc-1ea"/>
      </symbol>
      <symbol id="sm-36e">
         <name>__mspabi_slli_15</name>
         <value>0xe316</value>
         <object_component_ref idref="oc-1ea"/>
      </symbol>
      <symbol id="sm-36f">
         <name>__mspabi_slli_14</name>
         <value>0xe318</value>
         <object_component_ref idref="oc-1ea"/>
      </symbol>
      <symbol id="sm-370">
         <name>__mspabi_slli_13</name>
         <value>0xe31a</value>
         <object_component_ref idref="oc-1ea"/>
      </symbol>
      <symbol id="sm-371">
         <name>__mspabi_slli_12</name>
         <value>0xe31c</value>
         <object_component_ref idref="oc-1ea"/>
      </symbol>
      <symbol id="sm-372">
         <name>__mspabi_slli_11</name>
         <value>0xe31e</value>
         <object_component_ref idref="oc-1ea"/>
      </symbol>
      <symbol id="sm-373">
         <name>__mspabi_slli_10</name>
         <value>0xe320</value>
         <object_component_ref idref="oc-1ea"/>
      </symbol>
      <symbol id="sm-383">
         <name>__mspabi_slll_9</name>
         <value>0xe25e</value>
         <object_component_ref idref="oc-1e5"/>
      </symbol>
      <symbol id="sm-384">
         <name>__mspabi_slll_8</name>
         <value>0xe262</value>
         <object_component_ref idref="oc-1e5"/>
      </symbol>
      <symbol id="sm-385">
         <name>__mspabi_slll_7</name>
         <value>0xe266</value>
         <object_component_ref idref="oc-1e5"/>
      </symbol>
      <symbol id="sm-386">
         <name>__mspabi_slll_6</name>
         <value>0xe26a</value>
         <object_component_ref idref="oc-1e5"/>
      </symbol>
      <symbol id="sm-387">
         <name>__mspabi_slll_5</name>
         <value>0xe26e</value>
         <object_component_ref idref="oc-1e5"/>
      </symbol>
      <symbol id="sm-388">
         <name>__mspabi_slll_4</name>
         <value>0xe272</value>
         <object_component_ref idref="oc-1e5"/>
      </symbol>
      <symbol id="sm-389">
         <name>__mspabi_slll_3</name>
         <value>0xe276</value>
         <object_component_ref idref="oc-1e5"/>
      </symbol>
      <symbol id="sm-38a">
         <name>__mspabi_slll_2</name>
         <value>0xe27a</value>
         <object_component_ref idref="oc-1e5"/>
      </symbol>
      <symbol id="sm-38b">
         <name>__mspabi_slll_1</name>
         <value>0xe27e</value>
         <object_component_ref idref="oc-1e5"/>
      </symbol>
      <symbol id="sm-38c">
         <name>__mspabi_slll</name>
         <value>0xe44c</value>
         <object_component_ref idref="oc-280"/>
      </symbol>
      <symbol id="sm-38d">
         <name>__mspabi_slll_15</name>
         <value>0xe246</value>
         <object_component_ref idref="oc-1e5"/>
      </symbol>
      <symbol id="sm-38e">
         <name>__mspabi_slll_14</name>
         <value>0xe24a</value>
         <object_component_ref idref="oc-1e5"/>
      </symbol>
      <symbol id="sm-38f">
         <name>__mspabi_slll_13</name>
         <value>0xe24e</value>
         <object_component_ref idref="oc-1e5"/>
      </symbol>
      <symbol id="sm-390">
         <name>__mspabi_slll_12</name>
         <value>0xe252</value>
         <object_component_ref idref="oc-1e5"/>
      </symbol>
      <symbol id="sm-391">
         <name>__mspabi_slll_11</name>
         <value>0xe256</value>
         <object_component_ref idref="oc-1e5"/>
      </symbol>
      <symbol id="sm-392">
         <name>__mspabi_slll_10</name>
         <value>0xe25a</value>
         <object_component_ref idref="oc-1e5"/>
      </symbol>
      <symbol id="sm-39a">
         <name>__mspabi_srli_8</name>
         <value>0xe1a0</value>
         <object_component_ref idref="oc-200"/>
      </symbol>
      <symbol id="sm-39b">
         <name>__mspabi_srli_9</name>
         <value>0xe19c</value>
         <object_component_ref idref="oc-200"/>
      </symbol>
      <symbol id="sm-39c">
         <name>__mspabi_srli_6</name>
         <value>0xe1a8</value>
         <object_component_ref idref="oc-200"/>
      </symbol>
      <symbol id="sm-39d">
         <name>__mspabi_srli_7</name>
         <value>0xe1a4</value>
         <object_component_ref idref="oc-200"/>
      </symbol>
      <symbol id="sm-39e">
         <name>__mspabi_srli_4</name>
         <value>0xe1b0</value>
         <object_component_ref idref="oc-200"/>
      </symbol>
      <symbol id="sm-39f">
         <name>__mspabi_srli_5</name>
         <value>0xe1ac</value>
         <object_component_ref idref="oc-200"/>
      </symbol>
      <symbol id="sm-3a0">
         <name>__mspabi_srli_2</name>
         <value>0xe1b8</value>
         <object_component_ref idref="oc-200"/>
      </symbol>
      <symbol id="sm-3a1">
         <name>__mspabi_srli_3</name>
         <value>0xe1b4</value>
         <object_component_ref idref="oc-200"/>
      </symbol>
      <symbol id="sm-3a2">
         <name>__mspabi_srli_1</name>
         <value>0xe1bc</value>
         <object_component_ref idref="oc-200"/>
      </symbol>
      <symbol id="sm-3a3">
         <name>__mspabi_srli</name>
         <value>0xe176</value>
         <object_component_ref idref="oc-200"/>
      </symbol>
      <symbol id="sm-3a4">
         <name>__mspabi_srli_15</name>
         <value>0xe184</value>
         <object_component_ref idref="oc-200"/>
      </symbol>
      <symbol id="sm-3a5">
         <name>__mspabi_srli_14</name>
         <value>0xe188</value>
         <object_component_ref idref="oc-200"/>
      </symbol>
      <symbol id="sm-3a6">
         <name>__mspabi_srli_13</name>
         <value>0xe18c</value>
         <object_component_ref idref="oc-200"/>
      </symbol>
      <symbol id="sm-3a7">
         <name>__mspabi_srli_12</name>
         <value>0xe190</value>
         <object_component_ref idref="oc-200"/>
      </symbol>
      <symbol id="sm-3a8">
         <name>__mspabi_srli_11</name>
         <value>0xe194</value>
         <object_component_ref idref="oc-200"/>
      </symbol>
      <symbol id="sm-3a9">
         <name>__mspabi_srli_10</name>
         <value>0xe198</value>
         <object_component_ref idref="oc-200"/>
      </symbol>
      <symbol id="sm-3b9">
         <name>__mspabi_srll_8</name>
         <value>0xe0e8</value>
         <object_component_ref idref="oc-1ef"/>
      </symbol>
      <symbol id="sm-3ba">
         <name>__mspabi_srll_9</name>
         <value>0xe0e2</value>
         <object_component_ref idref="oc-1ef"/>
      </symbol>
      <symbol id="sm-3bb">
         <name>__mspabi_srll_6</name>
         <value>0xe0f4</value>
         <object_component_ref idref="oc-1ef"/>
      </symbol>
      <symbol id="sm-3bc">
         <name>__mspabi_srll_7</name>
         <value>0xe0ee</value>
         <object_component_ref idref="oc-1ef"/>
      </symbol>
      <symbol id="sm-3bd">
         <name>__mspabi_srll_4</name>
         <value>0xe100</value>
         <object_component_ref idref="oc-1ef"/>
      </symbol>
      <symbol id="sm-3be">
         <name>__mspabi_srll_5</name>
         <value>0xe0fa</value>
         <object_component_ref idref="oc-1ef"/>
      </symbol>
      <symbol id="sm-3bf">
         <name>__mspabi_srll_2</name>
         <value>0xe10c</value>
         <object_component_ref idref="oc-1ef"/>
      </symbol>
      <symbol id="sm-3c0">
         <name>__mspabi_srll_3</name>
         <value>0xe106</value>
         <object_component_ref idref="oc-1ef"/>
      </symbol>
      <symbol id="sm-3c1">
         <name>__mspabi_srll_1</name>
         <value>0xe112</value>
         <object_component_ref idref="oc-1ef"/>
      </symbol>
      <symbol id="sm-3c2">
         <name>__mspabi_srll_15</name>
         <value>0xe0be</value>
         <object_component_ref idref="oc-1ef"/>
      </symbol>
      <symbol id="sm-3c3">
         <name>__mspabi_srll_14</name>
         <value>0xe0c4</value>
         <object_component_ref idref="oc-1ef"/>
      </symbol>
      <symbol id="sm-3c4">
         <name>__mspabi_srll_13</name>
         <value>0xe0ca</value>
         <object_component_ref idref="oc-1ef"/>
      </symbol>
      <symbol id="sm-3c5">
         <name>__mspabi_srll_12</name>
         <value>0xe0d0</value>
         <object_component_ref idref="oc-1ef"/>
      </symbol>
      <symbol id="sm-3c6">
         <name>__mspabi_srll_11</name>
         <value>0xe0d6</value>
         <object_component_ref idref="oc-1ef"/>
      </symbol>
      <symbol id="sm-3c7">
         <name>__mspabi_srll_10</name>
         <value>0xe0dc</value>
         <object_component_ref idref="oc-1ef"/>
      </symbol>
      <symbol id="sm-3c8">
         <name>__mspabi_srll</name>
         <value>0xe418</value>
         <object_component_ref idref="oc-271"/>
      </symbol>
      <symbol id="sm-3d6">
         <name>memcpy</name>
         <value>0xe42a</value>
         <object_component_ref idref="oc-92"/>
      </symbol>
      <symbol id="sm-3f9">
         <name>__mspabi_mpyd</name>
         <value>0xcd1c</value>
         <object_component_ref idref="oc-1ce"/>
      </symbol>
      <symbol id="sm-403">
         <name>__mspabi_mpyi</name>
         <value>0xe3f2</value>
         <object_component_ref idref="oc-17b"/>
      </symbol>
      <symbol id="sm-40d">
         <name>__mspabi_mpyl</name>
         <value>0xe388</value>
         <object_component_ref idref="oc-246"/>
      </symbol>
      <symbol id="sm-416">
         <name>__mspabi_negd</name>
         <value>0xe336</value>
         <object_component_ref idref="oc-194"/>
      </symbol>
      <symbol id="sm-41f">
         <name>_system_pre_init</name>
         <value>0xe48c</value>
         <object_component_ref idref="oc-79"/>
      </symbol>
      <symbol id="sm-432">
         <name>__TI_renormd</name>
         <value>0xdca8</value>
         <object_component_ref idref="oc-28a"/>
      </symbol>
      <symbol id="sm-461">
         <name>_Atan</name>
         <value>0xca3e</value>
         <object_component_ref idref="oc-1a6"/>
      </symbol>
      <symbol id="sm-468">
         <name>_Rteps</name>
         <value>0x260</value>
         <object_component_ref idref="oc-219"/>
      </symbol>
      <symbol id="sm-469">
         <name>_Zero</name>
         <value>0x278</value>
         <object_component_ref idref="oc-219"/>
      </symbol>
      <symbol id="sm-46a">
         <name>_Hugeval</name>
         <value>0x220</value>
         <object_component_ref idref="oc-219"/>
      </symbol>
      <symbol id="sm-46b">
         <name>_Snan</name>
         <value>0x250</value>
         <object_component_ref idref="oc-219"/>
      </symbol>
      <symbol id="sm-46c">
         <name>_Nan</name>
         <value>0x240</value>
         <object_component_ref idref="oc-219"/>
      </symbol>
      <symbol id="sm-46d">
         <name>_Inf</name>
         <value>0x230</value>
         <object_component_ref idref="oc-219"/>
      </symbol>
      <symbol id="sm-46e">
         <name>_Xbig</name>
         <value>0x270</value>
         <object_component_ref idref="oc-219"/>
      </symbol>
      <symbol id="sm-46f">
         <name>_Eps</name>
         <value>0x210</value>
         <object_component_ref idref="oc-219"/>
      </symbol>
      <symbol id="sm-470">
         <name>_Denorm</name>
         <value>0x200</value>
         <object_component_ref idref="oc-219"/>
      </symbol>
      <symbol id="sm-482">
         <name>__mspabi_sral</name>
         <value>0xe43c</value>
         <object_component_ref idref="oc-285"/>
      </symbol>
      <symbol id="sm-483">
         <name>__mspabi_sral_15</name>
         <value>0xe208</value>
         <object_component_ref idref="oc-24b"/>
      </symbol>
      <symbol id="sm-484">
         <name>__mspabi_sral_14</name>
         <value>0xe20c</value>
         <object_component_ref idref="oc-24b"/>
      </symbol>
      <symbol id="sm-485">
         <name>__mspabi_sral_13</name>
         <value>0xe210</value>
         <object_component_ref idref="oc-24b"/>
      </symbol>
      <symbol id="sm-486">
         <name>__mspabi_sral_12</name>
         <value>0xe214</value>
         <object_component_ref idref="oc-24b"/>
      </symbol>
      <symbol id="sm-487">
         <name>__mspabi_sral_11</name>
         <value>0xe218</value>
         <object_component_ref idref="oc-24b"/>
      </symbol>
      <symbol id="sm-488">
         <name>__mspabi_sral_10</name>
         <value>0xe21c</value>
         <object_component_ref idref="oc-24b"/>
      </symbol>
      <symbol id="sm-489">
         <name>__mspabi_sral_8</name>
         <value>0xe224</value>
         <object_component_ref idref="oc-24b"/>
      </symbol>
      <symbol id="sm-48a">
         <name>__mspabi_sral_9</name>
         <value>0xe220</value>
         <object_component_ref idref="oc-24b"/>
      </symbol>
      <symbol id="sm-48b">
         <name>__mspabi_sral_6</name>
         <value>0xe22c</value>
         <object_component_ref idref="oc-24b"/>
      </symbol>
      <symbol id="sm-48c">
         <name>__mspabi_sral_7</name>
         <value>0xe228</value>
         <object_component_ref idref="oc-24b"/>
      </symbol>
      <symbol id="sm-48d">
         <name>__mspabi_sral_4</name>
         <value>0xe234</value>
         <object_component_ref idref="oc-24b"/>
      </symbol>
      <symbol id="sm-48e">
         <name>__mspabi_sral_5</name>
         <value>0xe230</value>
         <object_component_ref idref="oc-24b"/>
      </symbol>
      <symbol id="sm-48f">
         <name>__mspabi_sral_2</name>
         <value>0xe23c</value>
         <object_component_ref idref="oc-24b"/>
      </symbol>
      <symbol id="sm-490">
         <name>__mspabi_sral_3</name>
         <value>0xe238</value>
         <object_component_ref idref="oc-24b"/>
      </symbol>
      <symbol id="sm-491">
         <name>__mspabi_sral_1</name>
         <value>0xe240</value>
         <object_component_ref idref="oc-24b"/>
      </symbol>
      <symbol id="sm-4a7">
         <name>_auto_init</name>
         <value>0xe060</value>
         <object_component_ref idref="oc-7f"/>
      </symbol>
      <symbol id="sm-4b8">
         <name>__TI_frcmpyd</name>
         <value>0xc462</value>
         <object_component_ref idref="oc-22d"/>
      </symbol>
      <symbol id="sm-4c4">
         <name>__mspabi_subd</name>
         <value>0xe284</value>
         <object_component_ref idref="oc-20d"/>
      </symbol>
      <symbol id="sm-4c5">
         <name>__TI_exit</name>
         <value>0x1</value>
      </symbol>
      <symbol id="sm-4c6">
         <name>__TI_args_main</name>
         <value>0x1</value>
      </symbol>
      <symbol id="sm-4c7">
         <name>__TI_INITARRAY_Base</name>
         <value>0x0</value>
      </symbol>
      <symbol id="sm-4c8">
         <name>__TI_INITARRAY_Limit</name>
         <value>0x0</value>
      </symbol>
   </symbol_table>
   <title>Link successful</title>
</link_info>
