******************************************************************************
                  MSP430 Linker PC v4.3.3                      
******************************************************************************
>> Linked Mon Sep 01 15:56:36 2014

OUTPUT FILE NAME:   <asdffa.out>
ENTRY POINT SYMBOL: "_c_int00"  address: 0000cd82


MEMORY CONFIGURATION

         name            origin    length      used     unused   attr    fill
----------------------  --------  ---------  --------  --------  ----  --------
  SFR                   00000000   00000010  00000000  00000010  RWIX
  PERIPHERALS_8BIT      00000010   000000f0  00000000  000000f0  RWIX
  PERIPHERALS_16BIT     00000100   00000100  00000000  00000100  RWIX
  RAM                   00000200   00000200  0000005e  000001a2  RWIX
  INFOD                 00001000   00000040  00000000  00000040  RWIX
  INFOC                 00001040   00000040  00000000  00000040  RWIX
  INFOB                 00001080   00000040  00000000  00000040  RWIX
  INFOA                 000010c0   00000040  00000000  00000040  RWIX
  FLASH                 0000c000   00003fe0  00000e4e  00003192  RWIX
  INT00                 0000ffe0   00000002  00000000  00000002  RWIX
  INT01                 0000ffe2   00000002  00000000  00000002  RWIX
  INT02                 0000ffe4   00000002  00000002  00000000  RWIX
  INT03                 0000ffe6   00000002  00000002  00000000  RWIX
  INT04                 0000ffe8   00000002  00000000  00000002  RWIX
  INT05                 0000ffea   00000002  00000002  00000000  RWIX
  INT06                 0000ffec   00000002  00000002  00000000  RWIX
  INT07                 0000ffee   00000002  00000002  00000000  RWIX
  INT08                 0000fff0   00000002  00000002  00000000  RWIX
  INT09                 0000fff2   00000002  00000002  00000000  RWIX
  INT10                 0000fff4   00000002  00000002  00000000  RWIX
  INT11                 0000fff6   00000002  00000002  00000000  RWIX
  INT12                 0000fff8   00000002  00000002  00000000  RWIX
  INT13                 0000fffa   00000002  00000002  00000000  RWIX
  INT14                 0000fffc   00000002  00000002  00000000  RWIX
  RESET                 0000fffe   00000002  00000002  00000000  RWIX


SECTION ALLOCATION MAP

 output                                  attributes/
section   page    origin      length       input sections
--------  ----  ----------  ----------   ----------------
.init_array 
*          0    0000c000    00000000     UNINITIALIZED

.data      0    00000200    0000000e     UNINITIALIZED
                  00000200    0000000e     blink.obj (.data)

.TI.persistent 
*          0    00000200    00000000     UNINITIALIZED

.stack     0    000003b0    00000050     UNINITIALIZED
                  000003b0    00000002     rts430_eabi.lib : boot.obj (.stack)
                  000003b2    0000004e     --HOLE--

.text      0    0000c000    00000e2c     
                  0000c000    000002f4     rts430_eabi.lib : frcmpyd.obj (.text:__TI_frcmpyd)
                  0000c2f4    0000026e                     : mpyd.obj (.text:__mspabi_mpyd)
                  0000c562    000000ea     blink.obj (.text:main)
                  0000c64c    000000c2     rts430_eabi.lib : fs_mpy.obj (.text)
                  0000c70e    000000bc     blink.obj (.text:Port_1)
                  0000c7ca    000000a2     rts430_eabi.lib : fltlid.obj (.text:__mspabi_fltlid)
                  0000c86c    00000094     blink.obj (.text:steeringFreqInterrupt)
                  0000c900    00000078     blink.obj (.text:resetRegisters)
                  0000c978    00000072     rts430_eabi.lib : fixdli.obj (.text:__mspabi_fixdli)
                  0000c9ea    00000068                     : fs_toi.obj (.text)
                  0000ca52    0000005e                     : copy_decompress_rle.obj (.text:__TI_decompress_rle_core)
                  0000cab0    0000005e                     : autoinit.obj (.text:_auto_init)
                  0000cb0e    0000005c                     : lsr32.obj (.text:l_lsr_const)
                  0000cb6a    0000004c                     : lsr16.obj (.text)
                  0000cbb6    0000003e                     : asr32.obj (.text:l_asr_const)
                  0000cbf4    0000003e                     : lsl32.obj (.text:l_lsl_const)
                  0000cc32    00000036                     : fs_itof.obj (.text)
                  0000cc68    0000002c                     : asr16.obj (.text)
                  0000cc94    0000002c                     : div16s.obj (.text)
                  0000ccc0    0000002c                     : lsl16.obj (.text)
                  0000ccec    00000028                     : fixdi.obj (.text:__mspabi_fixdi)
                  0000cd14    00000026                     : mult32.obj (.text)
                  0000cd3a    00000024     blink.obj (.text:accelerate)
                  0000cd5e    00000024     blink.obj (.text:steer)
                  0000cd82    0000001a     rts430_eabi.lib : boot.obj (.text:_c_int00_noexit)
                  0000cd9c    00000016                     : div16u.obj (.text)
                  0000cdb2    00000014                     : mult16.obj (.text)
                  0000cdc6    00000012                     : copy_decompress_none.obj (.text:decompress:none:__TI_decompress_none)
                  0000cdd8    00000012                     : lsr32.obj (.text:l_lsr)
                  0000cdea    00000012                     : memcpy.obj (.text:memcpy)
                  0000cdfc    00000010                     : epilog.obj (.text)
                  0000ce0c    0000000c                     : fltid.obj (.text:__mspabi_fltid)
                  0000ce18    00000006                     : isr_trap.obj (.text:__TI_ISR_TRAP)
                  0000ce1e    00000006                     : copy_decompress_rle.obj (.text:decompress:rle24:__TI_decompress_rle24)
                  0000ce24    00000004                     : pre_init.obj (.text:_system_pre_init)
                  0000ce28    00000004                     : exit.obj (.text:abort)

.const     0    0000ce2c    0000000c     
                  0000ce2c    0000000c     blink.obj (.const)

.cinit     0    0000ce38    00000016     
                  0000ce38    0000000d     (.cinit..data.load) [load image, compression = rle]
                  0000ce45    00000001     --HOLE-- [fill = 0]
                  0000ce46    00000004     (__TI_handler_table)
                  0000ce4a    00000004     (__TI_cinit_table)

PORT1      0    0000ffe4    00000002     
                  0000ffe4    00000002     blink.obj (.int02)

PORT2      0    0000ffe6    00000002     
                  0000ffe6    00000002     rts430_eabi.lib : int03.obj (.int03)

ADC10      0    0000ffea    00000002     
                  0000ffea    00000002     rts430_eabi.lib : int05.obj (.int05)

USCIAB0TX 
*          0    0000ffec    00000002     
                  0000ffec    00000002     rts430_eabi.lib : int06.obj (.int06)

USCIAB0RX 
*          0    0000ffee    00000002     
                  0000ffee    00000002     rts430_eabi.lib : int07.obj (.int07)

TIMER0_A1 
*          0    0000fff0    00000002     
                  0000fff0    00000002     rts430_eabi.lib : int08.obj (.int08)

TIMER0_A0 
*          0    0000fff2    00000002     
                  0000fff2    00000002     rts430_eabi.lib : int09.obj (.int09)

WDT        0    0000fff4    00000002     
                  0000fff4    00000002     rts430_eabi.lib : int10.obj (.int10)

COMPARATORA 
*          0    0000fff6    00000002     
                  0000fff6    00000002     rts430_eabi.lib : int11.obj (.int11)

TIMER1_A1 
*          0    0000fff8    00000002     
                  0000fff8    00000002     rts430_eabi.lib : int12.obj (.int12)

TIMER1_A0 
*          0    0000fffa    00000002     
                  0000fffa    00000002     blink.obj (.int13)

NMI        0    0000fffc    00000002     
                  0000fffc    00000002     rts430_eabi.lib : int14.obj (.int14)

.reset     0    0000fffe    00000002     
                  0000fffe    00000002     rts430_eabi.lib : boot.obj (.reset)


LINKER GENERATED COPY TABLES

__TI_cinit_table @ 0000ce4a records: 1, size/record: 4, table size: 4
	.data: load addr=0000ce38, load size=0000000d bytes, run addr=00000200, run size=0000000e bytes, compression=rle


LINKER GENERATED HANDLER TABLE

__TI_handler_table @ 0000ce46 records: 2, size/record: 2, table size: 4
	index: 0, handler: __TI_decompress_rle24
	index: 1, handler: __TI_decompress_none


GLOBAL SYMBOLS: SORTED ALPHABETICALLY BY Name 

address    name
--------   ----
0000004a   ADC10AE0
000001b0   ADC10CTL0
000001b2   ADC10CTL1
00000048   ADC10DTC0
00000049   ADC10DTC1
000001b4   ADC10MEM
000001bc   ADC10SA
00000057   BCSCTL1
00000058   BCSCTL2
00000053   BCSCTL3
0000ce28   C$$EXIT
00000059   CACTL1
0000005a   CACTL2
000010fb   CALBC1_12MHZ
000010f9   CALBC1_16MHZ
000010ff   CALBC1_1MHZ
000010fd   CALBC1_8MHZ
000010fa   CALDCO_12MHZ
000010f8   CALDCO_16MHZ
000010fe   CALDCO_1MHZ
000010fc   CALDCO_8MHZ
0000005b   CAPD
00000056   DCOCTL
00000128   FCTL1
0000012a   FCTL2
0000012c   FCTL3
00000000   IE1
00000001   IE2
00000002   IFG1
00000003   IFG2
0000ce32   MOTOR_FREQ
0000ce34   MOTOR_FREQ_COUNT
0000ce36   MOTOR_INIT_DUTYRATIO
00000022   P1DIR
00000025   P1IE
00000024   P1IES
00000023   P1IFG
00000020   P1IN
00000021   P1OUT
00000027   P1REN
00000026   P1SEL
00000041   P1SEL2
0000002a   P2DIR
0000002d   P2IE
0000002c   P2IES
0000002b   P2IFG
00000028   P2IN
00000029   P2OUT
0000002f   P2REN
0000002e   P2SEL
00000042   P2SEL2
0000001a   P3DIR
00000018   P3IN
00000019   P3OUT
00000010   P3REN
0000001b   P3SEL
00000043   P3SEL2
0000c70e   Port_1
0000ce2c   STEERING_FREQ
0000ce2e   STEERING_FREQ_COUNT
0000ce30   STEERING_INIT_DUTYRATIO
00000172   TA0CCR0
00000174   TA0CCR1
00000176   TA0CCR2
00000162   TA0CCTL0
00000164   TA0CCTL1
00000166   TA0CCTL2
00000160   TA0CTL
0000012e   TA0IV
00000170   TA0R
00000192   TA1CCR0
00000194   TA1CCR1
00000196   TA1CCR2
00000182   TA1CCTL0
00000184   TA1CCTL1
00000186   TA1CCTL2
00000180   TA1CTL
0000011e   TA1IV
00000190   TA1R
000010db   TLV_ADC10_1_LEN
000010da   TLV_ADC10_1_TAG
000010c0   TLV_CHECKSUM
000010f7   TLV_DCO_30_LEN
000010f6   TLV_DCO_30_TAG
0000005d   UCA0ABCTL
00000062   UCA0BR0
00000063   UCA0BR1
00000060   UCA0CTL0
00000061   UCA0CTL1
0000005f   UCA0IRRCTL
0000005e   UCA0IRTCTL
00000064   UCA0MCTL
00000066   UCA0RXBUF
00000065   UCA0STAT
00000067   UCA0TXBUF
0000006a   UCB0BR0
0000006b   UCB0BR1
00000068   UCB0CTL0
00000069   UCB0CTL1
0000006c   UCB0I2CIE
00000118   UCB0I2COA
0000011a   UCB0I2CSA
0000006e   UCB0RXBUF
0000006d   UCB0STAT
0000006f   UCB0TXBUF
00000120   WDTCTL
00000400   __STACK_END
00000050   __STACK_SIZE
0000ce4a   __TI_CINIT_Base
0000ce4e   __TI_CINIT_Limit
0000ce46   __TI_Handler_Table_Base
0000ce4a   __TI_Handler_Table_Limit
UNDEFED    __TI_INITARRAY_Base
UNDEFED    __TI_INITARRAY_Limit
0000ce18   __TI_ISR_TRAP
00000001   __TI_args_main
0000cdc6   __TI_decompress_none
0000ce1e   __TI_decompress_rle24
00000001   __TI_exit
0000c000   __TI_frcmpyd
0000ffe4   __TI_int02
0000ffe6   __TI_int03
0000ffea   __TI_int05
0000ffec   __TI_int06
0000ffee   __TI_int07
0000fff0   __TI_int08
0000fff2   __TI_int09
0000fff4   __TI_int10
0000fff6   __TI_int11
0000fff8   __TI_int12
0000fffa   __TI_int13
0000fffc   __TI_int14
ffffffff   __binit__
ffffffff   __c_args__
0000cc94   __mspabi_divi
0000cd9c   __mspabi_divu
0000ccec   __mspabi_fixdi
0000c978   __mspabi_fixdli
0000c9ea   __mspabi_fixfi
0000ce0c   __mspabi_fltid
0000cc32   __mspabi_fltif
0000c7ca   __mspabi_fltlid
0000ce08   __mspabi_func_epilog_1
0000ce06   __mspabi_func_epilog_2
0000ce04   __mspabi_func_epilog_3
0000ce02   __mspabi_func_epilog_4
0000ce00   __mspabi_func_epilog_5
0000cdfe   __mspabi_func_epilog_6
0000cdfc   __mspabi_func_epilog_7
0000c2f4   __mspabi_mpyd
0000c64c   __mspabi_mpyf
0000cdb2   __mspabi_mpyi
0000cd14   __mspabi_mpyl
0000cc94   __mspabi_remi
0000cd9c   __mspabi_remu
0000ccc0   __mspabi_slli
0000cce8   __mspabi_slli_1
0000ccd6   __mspabi_slli_10
0000ccd4   __mspabi_slli_11
0000ccd2   __mspabi_slli_12
0000ccd0   __mspabi_slli_13
0000ccce   __mspabi_slli_14
0000cccc   __mspabi_slli_15
0000cce6   __mspabi_slli_2
0000cce4   __mspabi_slli_3
0000cce2   __mspabi_slli_4
0000cce0   __mspabi_slli_5
0000ccde   __mspabi_slli_6
0000ccdc   __mspabi_slli_7
0000ccda   __mspabi_slli_8
0000ccd8   __mspabi_slli_9
0000cc2c   __mspabi_slll_1
0000cc08   __mspabi_slll_10
0000cc04   __mspabi_slll_11
0000cc00   __mspabi_slll_12
0000cbfc   __mspabi_slll_13
0000cbf8   __mspabi_slll_14
0000cbf4   __mspabi_slll_15
0000cc28   __mspabi_slll_2
0000cc24   __mspabi_slll_3
0000cc20   __mspabi_slll_4
0000cc1c   __mspabi_slll_5
0000cc18   __mspabi_slll_6
0000cc14   __mspabi_slll_7
0000cc10   __mspabi_slll_8
0000cc0c   __mspabi_slll_9
0000cc68   __mspabi_srai
0000cc90   __mspabi_srai_1
0000cc7e   __mspabi_srai_10
0000cc7c   __mspabi_srai_11
0000cc7a   __mspabi_srai_12
0000cc78   __mspabi_srai_13
0000cc76   __mspabi_srai_14
0000cc74   __mspabi_srai_15
0000cc8e   __mspabi_srai_2
0000cc8c   __mspabi_srai_3
0000cc8a   __mspabi_srai_4
0000cc88   __mspabi_srai_5
0000cc86   __mspabi_srai_6
0000cc84   __mspabi_srai_7
0000cc82   __mspabi_srai_8
0000cc80   __mspabi_srai_9
0000cbee   __mspabi_sral_1
0000cbca   __mspabi_sral_10
0000cbc6   __mspabi_sral_11
0000cbc2   __mspabi_sral_12
0000cbbe   __mspabi_sral_13
0000cbba   __mspabi_sral_14
0000cbb6   __mspabi_sral_15
0000cbea   __mspabi_sral_2
0000cbe6   __mspabi_sral_3
0000cbe2   __mspabi_sral_4
0000cbde   __mspabi_sral_5
0000cbda   __mspabi_sral_6
0000cbd6   __mspabi_sral_7
0000cbd2   __mspabi_sral_8
0000cbce   __mspabi_sral_9
0000cb6a   __mspabi_srli
0000cbb0   __mspabi_srli_1
0000cb8c   __mspabi_srli_10
0000cb88   __mspabi_srli_11
0000cb84   __mspabi_srli_12
0000cb80   __mspabi_srli_13
0000cb7c   __mspabi_srli_14
0000cb78   __mspabi_srli_15
0000cbac   __mspabi_srli_2
0000cba8   __mspabi_srli_3
0000cba4   __mspabi_srli_4
0000cba0   __mspabi_srli_5
0000cb9c   __mspabi_srli_6
0000cb98   __mspabi_srli_7
0000cb94   __mspabi_srli_8
0000cb90   __mspabi_srli_9
0000cdd8   __mspabi_srll
0000cb62   __mspabi_srll_1
0000cb2c   __mspabi_srll_10
0000cb26   __mspabi_srll_11
0000cb20   __mspabi_srll_12
0000cb1a   __mspabi_srll_13
0000cb14   __mspabi_srll_14
0000cb0e   __mspabi_srll_15
0000cb5c   __mspabi_srll_2
0000cb56   __mspabi_srll_3
0000cb50   __mspabi_srll_4
0000cb4a   __mspabi_srll_5
0000cb44   __mspabi_srll_6
0000cb3e   __mspabi_srll_7
0000cb38   __mspabi_srll_8
0000cb32   __mspabi_srll_9
0000cab0   _auto_init
0000cd82   _c_int00
0000cd82   _c_int00_noexit
0000fffe   _reset_vector
000003b0   _stack
0000ce24   _system_pre_init
0000ce28   abort
0000cd3a   accelerate
ffffffff   binit
0000020c   buttonCount
0000c562   main
0000cdea   memcpy
00000208   motorCurrentAcceleration
0000020a   motorStep
00000206   motorWantedAcceleration
0000c900   resetRegisters
0000cd5e   steer
00000202   steeringCurrentDirection
0000c86c   steeringFreqInterrupt
00000204   steeringStep
00000200   steeringWantedDirection


GLOBAL SYMBOLS: SORTED BY Symbol Address 

address    name
--------   ----
00000000   IE1
00000001   IE2
00000001   __TI_args_main
00000001   __TI_exit
00000002   IFG1
00000003   IFG2
00000010   P3REN
00000018   P3IN
00000019   P3OUT
0000001a   P3DIR
0000001b   P3SEL
00000020   P1IN
00000021   P1OUT
00000022   P1DIR
00000023   P1IFG
00000024   P1IES
00000025   P1IE
00000026   P1SEL
00000027   P1REN
00000028   P2IN
00000029   P2OUT
0000002a   P2DIR
0000002b   P2IFG
0000002c   P2IES
0000002d   P2IE
0000002e   P2SEL
0000002f   P2REN
00000041   P1SEL2
00000042   P2SEL2
00000043   P3SEL2
00000048   ADC10DTC0
00000049   ADC10DTC1
0000004a   ADC10AE0
00000050   __STACK_SIZE
00000053   BCSCTL3
00000056   DCOCTL
00000057   BCSCTL1
00000058   BCSCTL2
00000059   CACTL1
0000005a   CACTL2
0000005b   CAPD
0000005d   UCA0ABCTL
0000005e   UCA0IRTCTL
0000005f   UCA0IRRCTL
00000060   UCA0CTL0
00000061   UCA0CTL1
00000062   UCA0BR0
00000063   UCA0BR1
00000064   UCA0MCTL
00000065   UCA0STAT
00000066   UCA0RXBUF
00000067   UCA0TXBUF
00000068   UCB0CTL0
00000069   UCB0CTL1
0000006a   UCB0BR0
0000006b   UCB0BR1
0000006c   UCB0I2CIE
0000006d   UCB0STAT
0000006e   UCB0RXBUF
0000006f   UCB0TXBUF
00000118   UCB0I2COA
0000011a   UCB0I2CSA
0000011e   TA1IV
00000120   WDTCTL
00000128   FCTL1
0000012a   FCTL2
0000012c   FCTL3
0000012e   TA0IV
00000160   TA0CTL
00000162   TA0CCTL0
00000164   TA0CCTL1
00000166   TA0CCTL2
00000170   TA0R
00000172   TA0CCR0
00000174   TA0CCR1
00000176   TA0CCR2
00000180   TA1CTL
00000182   TA1CCTL0
00000184   TA1CCTL1
00000186   TA1CCTL2
00000190   TA1R
00000192   TA1CCR0
00000194   TA1CCR1
00000196   TA1CCR2
000001b0   ADC10CTL0
000001b2   ADC10CTL1
000001b4   ADC10MEM
000001bc   ADC10SA
00000200   steeringWantedDirection
00000202   steeringCurrentDirection
00000204   steeringStep
00000206   motorWantedAcceleration
00000208   motorCurrentAcceleration
0000020a   motorStep
0000020c   buttonCount
000003b0   _stack
00000400   __STACK_END
000010c0   TLV_CHECKSUM
000010da   TLV_ADC10_1_TAG
000010db   TLV_ADC10_1_LEN
000010f6   TLV_DCO_30_TAG
000010f7   TLV_DCO_30_LEN
000010f8   CALDCO_16MHZ
000010f9   CALBC1_16MHZ
000010fa   CALDCO_12MHZ
000010fb   CALBC1_12MHZ
000010fc   CALDCO_8MHZ
000010fd   CALBC1_8MHZ
000010fe   CALDCO_1MHZ
000010ff   CALBC1_1MHZ
0000c000   __TI_frcmpyd
0000c2f4   __mspabi_mpyd
0000c562   main
0000c64c   __mspabi_mpyf
0000c70e   Port_1
0000c7ca   __mspabi_fltlid
0000c86c   steeringFreqInterrupt
0000c900   resetRegisters
0000c978   __mspabi_fixdli
0000c9ea   __mspabi_fixfi
0000cab0   _auto_init
0000cb0e   __mspabi_srll_15
0000cb14   __mspabi_srll_14
0000cb1a   __mspabi_srll_13
0000cb20   __mspabi_srll_12
0000cb26   __mspabi_srll_11
0000cb2c   __mspabi_srll_10
0000cb32   __mspabi_srll_9
0000cb38   __mspabi_srll_8
0000cb3e   __mspabi_srll_7
0000cb44   __mspabi_srll_6
0000cb4a   __mspabi_srll_5
0000cb50   __mspabi_srll_4
0000cb56   __mspabi_srll_3
0000cb5c   __mspabi_srll_2
0000cb62   __mspabi_srll_1
0000cb6a   __mspabi_srli
0000cb78   __mspabi_srli_15
0000cb7c   __mspabi_srli_14
0000cb80   __mspabi_srli_13
0000cb84   __mspabi_srli_12
0000cb88   __mspabi_srli_11
0000cb8c   __mspabi_srli_10
0000cb90   __mspabi_srli_9
0000cb94   __mspabi_srli_8
0000cb98   __mspabi_srli_7
0000cb9c   __mspabi_srli_6
0000cba0   __mspabi_srli_5
0000cba4   __mspabi_srli_4
0000cba8   __mspabi_srli_3
0000cbac   __mspabi_srli_2
0000cbb0   __mspabi_srli_1
0000cbb6   __mspabi_sral_15
0000cbba   __mspabi_sral_14
0000cbbe   __mspabi_sral_13
0000cbc2   __mspabi_sral_12
0000cbc6   __mspabi_sral_11
0000cbca   __mspabi_sral_10
0000cbce   __mspabi_sral_9
0000cbd2   __mspabi_sral_8
0000cbd6   __mspabi_sral_7
0000cbda   __mspabi_sral_6
0000cbde   __mspabi_sral_5
0000cbe2   __mspabi_sral_4
0000cbe6   __mspabi_sral_3
0000cbea   __mspabi_sral_2
0000cbee   __mspabi_sral_1
0000cbf4   __mspabi_slll_15
0000cbf8   __mspabi_slll_14
0000cbfc   __mspabi_slll_13
0000cc00   __mspabi_slll_12
0000cc04   __mspabi_slll_11
0000cc08   __mspabi_slll_10
0000cc0c   __mspabi_slll_9
0000cc10   __mspabi_slll_8
0000cc14   __mspabi_slll_7
0000cc18   __mspabi_slll_6
0000cc1c   __mspabi_slll_5
0000cc20   __mspabi_slll_4
0000cc24   __mspabi_slll_3
0000cc28   __mspabi_slll_2
0000cc2c   __mspabi_slll_1
0000cc32   __mspabi_fltif
0000cc68   __mspabi_srai
0000cc74   __mspabi_srai_15
0000cc76   __mspabi_srai_14
0000cc78   __mspabi_srai_13
0000cc7a   __mspabi_srai_12
0000cc7c   __mspabi_srai_11
0000cc7e   __mspabi_srai_10
0000cc80   __mspabi_srai_9
0000cc82   __mspabi_srai_8
0000cc84   __mspabi_srai_7
0000cc86   __mspabi_srai_6
0000cc88   __mspabi_srai_5
0000cc8a   __mspabi_srai_4
0000cc8c   __mspabi_srai_3
0000cc8e   __mspabi_srai_2
0000cc90   __mspabi_srai_1
0000cc94   __mspabi_divi
0000cc94   __mspabi_remi
0000ccc0   __mspabi_slli
0000cccc   __mspabi_slli_15
0000ccce   __mspabi_slli_14
0000ccd0   __mspabi_slli_13
0000ccd2   __mspabi_slli_12
0000ccd4   __mspabi_slli_11
0000ccd6   __mspabi_slli_10
0000ccd8   __mspabi_slli_9
0000ccda   __mspabi_slli_8
0000ccdc   __mspabi_slli_7
0000ccde   __mspabi_slli_6
0000cce0   __mspabi_slli_5
0000cce2   __mspabi_slli_4
0000cce4   __mspabi_slli_3
0000cce6   __mspabi_slli_2
0000cce8   __mspabi_slli_1
0000ccec   __mspabi_fixdi
0000cd14   __mspabi_mpyl
0000cd3a   accelerate
0000cd5e   steer
0000cd82   _c_int00
0000cd82   _c_int00_noexit
0000cd9c   __mspabi_divu
0000cd9c   __mspabi_remu
0000cdb2   __mspabi_mpyi
0000cdc6   __TI_decompress_none
0000cdd8   __mspabi_srll
0000cdea   memcpy
0000cdfc   __mspabi_func_epilog_7
0000cdfe   __mspabi_func_epilog_6
0000ce00   __mspabi_func_epilog_5
0000ce02   __mspabi_func_epilog_4
0000ce04   __mspabi_func_epilog_3
0000ce06   __mspabi_func_epilog_2
0000ce08   __mspabi_func_epilog_1
0000ce0c   __mspabi_fltid
0000ce18   __TI_ISR_TRAP
0000ce1e   __TI_decompress_rle24
0000ce24   _system_pre_init
0000ce28   C$$EXIT
0000ce28   abort
0000ce2c   STEERING_FREQ
0000ce2e   STEERING_FREQ_COUNT
0000ce30   STEERING_INIT_DUTYRATIO
0000ce32   MOTOR_FREQ
0000ce34   MOTOR_FREQ_COUNT
0000ce36   MOTOR_INIT_DUTYRATIO
0000ce46   __TI_Handler_Table_Base
0000ce4a   __TI_CINIT_Base
0000ce4a   __TI_Handler_Table_Limit
0000ce4e   __TI_CINIT_Limit
0000ffe4   __TI_int02
0000ffe6   __TI_int03
0000ffea   __TI_int05
0000ffec   __TI_int06
0000ffee   __TI_int07
0000fff0   __TI_int08
0000fff2   __TI_int09
0000fff4   __TI_int10
0000fff6   __TI_int11
0000fff8   __TI_int12
0000fffa   __TI_int13
0000fffc   __TI_int14
0000fffe   _reset_vector
ffffffff   __binit__
ffffffff   __c_args__
ffffffff   binit
UNDEFED    __TI_INITARRAY_Base
UNDEFED    __TI_INITARRAY_Limit

[270 symbols]
