******************************************************************************
                  MSP430 Linker PC v4.3.3                      
******************************************************************************
>> Linked Mon Oct 06 10:06:55 2014

OUTPUT FILE NAME:   <asdffa.out>
ENTRY POINT SYMBOL: "_c_int00"  address: 0000cd3a


MEMORY CONFIGURATION

         name            origin    length      used     unused   attr    fill
----------------------  --------  ---------  --------  --------  ----  --------
  SFR                   00000000   00000010  00000000  00000010  RWIX
  PERIPHERALS_8BIT      00000010   000000f0  00000000  000000f0  RWIX
  PERIPHERALS_16BIT     00000100   00000100  00000000  00000100  RWIX
  RAM                   00000200   00000200  000001bf  00000041  RWIX
  INFOD                 00001000   00000040  00000000  00000040  RWIX
  INFOC                 00001040   00000040  00000000  00000040  RWIX
  INFOB                 00001080   00000040  00000000  00000040  RWIX
  INFOA                 000010c0   00000040  00000000  00000040  RWIX
  FLASH                 0000c000   00003fe0  00000e72  0000316e  RWIX
  INT00                 0000ffe0   00000002  00000000  00000002  RWIX
  INT01                 0000ffe2   00000002  00000000  00000002  RWIX
  INT02                 0000ffe4   00000002  00000002  00000000  RWIX
  INT03                 0000ffe6   00000002  00000002  00000000  RWIX
  INT04                 0000ffe8   00000002  00000000  00000002  RWIX
  INT05                 0000ffea   00000002  00000002  00000000  RWIX
  INT06                 0000ffec   00000002  00000002  00000000  RWIX
  INT07                 0000ffee   00000002  00000002  00000000  RWIX
  INT08                 0000fff0   00000002  00000002  00000000  RWIX
  INT09                 0000fff2   00000002  00000002  00000000  RWIX
  INT10                 0000fff4   00000002  00000002  00000000  RWIX
  INT11                 0000fff6   00000002  00000002  00000000  RWIX
  INT12                 0000fff8   00000002  00000002  00000000  RWIX
  INT13                 0000fffa   00000002  00000002  00000000  RWIX
  INT14                 0000fffc   00000002  00000002  00000000  RWIX
  RESET                 0000fffe   00000002  00000002  00000000  RWIX


SECTION ALLOCATION MAP

 output                                  attributes/
section   page    origin      length       input sections
--------  ----  ----------  ----------   ----------------
.stack     0    00000000    00000050     FAILED TO ALLOCATE
.init_array 
*          0    0000c000    00000000     UNINITIALIZED

.bss       0    00000200    00000135     UNINITIALIZED
                  00000200    0000007e     (.common:RxBuffer)
                  0000027e    0000007e     (.common:coord)
                  000002fc    00000006     (.common:coord2)
                  00000302    00000006     (.common:h)
                  00000308    00000006     (.common:prevDuty)
                  0000030e    00000006     (.common:pwm_on)
                  00000314    00000006     (.common:pwm_period)
                  0000031a    00000006     (.common:step)
                  00000320    00000006     (.common:wanted)
                  00000326    00000004     (.common:theta)
                  0000032a    00000002     (.common:PRxData)
                  0000032c    00000002     (.common:PTxData)
                  0000032e    00000002     (.common:RXByteCtr)
                  00000330    00000002     (.common:TXByteCtr)
                  00000332    00000002     (.common:rx_num1)
                  00000334    00000001     (.common:rx_char)

.TI.noinit 
*          0    00000200    00000000     UNINITIALIZED

.data      0    00000336    0000008a     UNINITIALIZED
                  00000336    00000068     rts430_eabi.lib : xfvalues.obj (.data)
                  0000039e    0000001c     blink.obj (.data)
                  000003ba    00000006     blink.obj (.data:state)

.TI.persistent 
*          0    00000336    00000000     UNINITIALIZED

.text      0    0000c000    00000de4     
                  0000c000    00000140     rts430_eabi.lib : xfatan.obj (.text:_FAtan)
                  0000c140    00000136     blink.obj (.text:USCI0TX_ISR)
                  0000c276    00000132     blink.obj (.text:Port_1)
                  0000c3a8    00000130     rts430_eabi.lib : fs_add.obj (.text)
                  0000c4d8    000000f2     blink.obj (.text:main)
                  0000c5ca    000000cc     blink.obj (.text:isr_ccr12)
                  0000c696    000000c2     rts430_eabi.lib : fs_mpy.obj (.text)
                  0000c758    000000c0     blink.obj (.text:pwm_init)
                  0000c818    000000b8     rts430_eabi.lib : atanf.obj (.text:atanf)
                  0000c8d0    0000009a                     : fs_div.obj (.text)
                  0000c96a    0000008e     blink.obj (.text:USCI0RX_ISR)
                  0000c9f8    00000084     blink.obj (.text:change)
                  0000ca7c    0000006a     blink.obj (.text:isr_ccr0)
                  0000cae6    0000005e     rts430_eabi.lib : copy_decompress_rle.obj (.text:__TI_decompress_rle_core)
                  0000cb44    0000005e                     : autoinit.obj (.text:_auto_init)
                  0000cba2    0000005c     blink.obj (.text:update)
                  0000cbfe    0000004a     rts430_eabi.lib : fs_cmp.obj (.text)
                  0000cc48    00000036                     : fs_itof.obj (.text)
                  0000cc7e    00000032     blink.obj (.text:receiveSetup)
                  0000ccb0    00000032     blink.obj (.text:transmitSetup)
                  0000cce2    0000002c     rts430_eabi.lib : div16s.obj (.text)
                  0000cd0e    0000002c                     : lsl16.obj (.text)
                  0000cd3a    0000001a                     : boot.obj (.text:_c_int00_noexit)
                  0000cd54    00000016                     : div16u.obj (.text)
                  0000cd6a    00000014                     : copy_zero_init.obj (.text:decompress:ZI:__TI_zero_init)
                  0000cd7e    00000014                     : mult16.obj (.text)
                  0000cd92    00000012                     : copy_decompress_none.obj (.text:decompress:none:__TI_decompress_none)
                  0000cda4    00000012                     : memcpy.obj (.text:memcpy)
                  0000cdb6    00000010                     : epilog.obj (.text)
                  0000cdc6    0000000a                     : fs_neg.obj (.text)
                  0000cdd0    00000006                     : isr_trap.obj (.text:__TI_ISR_TRAP)
                  0000cdd6    00000006                     : copy_decompress_rle.obj (.text:decompress:rle24:__TI_decompress_rle24)
                  0000cddc    00000004                     : pre_init.obj (.text:_system_pre_init)
                  0000cde0    00000004                     : exit.obj (.text:abort)

.const     0    0000cde4    0000004c     
                  0000cde4    00000020     rts430_eabi.lib : xfatan.obj (.const:a)
                  0000ce04    0000000a     blink.obj (.const)
                  0000ce0e    00000008     rts430_eabi.lib : xfatan.obj (.const:c)
                  0000ce16    00000006     blink.obj (.const:MAX)
                  0000ce1c    00000006     blink.obj (.const:MIN)
                  0000ce22    00000006     blink.obj (.const:NEUT)
                  0000ce28    00000004     blink.obj (.const:.string:TxData)
                  0000ce2c    00000004     rts430_eabi.lib : xfatan.obj (.const:s)

.cinit     0    0000ce30    00000042     
                  0000ce30    00000030     (.cinit..data.load) [load image, compression = rle]
                  0000ce60    00000006     (__TI_handler_table)
                  0000ce66    00000004     (.cinit..bss.load) [load image, compression = zero_init]
                  0000ce6a    00000008     (__TI_cinit_table)

PORT1      0    0000ffe4    00000002     
                  0000ffe4    00000002     blink.obj (.int02)

PORT2      0    0000ffe6    00000002     
                  0000ffe6    00000002     rts430_eabi.lib : int03.obj (.int03)

ADC10      0    0000ffea    00000002     
                  0000ffea    00000002     rts430_eabi.lib : int05.obj (.int05)

USCIAB0TX 
*          0    0000ffec    00000002     
                  0000ffec    00000002     blink.obj (.int06)

USCIAB0RX 
*          0    0000ffee    00000002     
                  0000ffee    00000002     blink.obj (.int07)

TIMER0_A1 
*          0    0000fff0    00000002     
                  0000fff0    00000002     rts430_eabi.lib : int08.obj (.int08)

TIMER0_A0 
*          0    0000fff2    00000002     
                  0000fff2    00000002     rts430_eabi.lib : int09.obj (.int09)

WDT        0    0000fff4    00000002     
                  0000fff4    00000002     rts430_eabi.lib : int10.obj (.int10)

COMPARATORA 
*          0    0000fff6    00000002     
                  0000fff6    00000002     rts430_eabi.lib : int11.obj (.int11)

TIMER1_A1 
*          0    0000fff8    00000002     
                  0000fff8    00000002     blink.obj (.int12)

TIMER1_A0 
*          0    0000fffa    00000002     
                  0000fffa    00000002     blink.obj (.int13)

NMI        0    0000fffc    00000002     
                  0000fffc    00000002     rts430_eabi.lib : int14.obj (.int14)

.reset     0    0000fffe    00000002     
                  0000fffe    00000002     rts430_eabi.lib : boot.obj (.reset)


LINKER GENERATED COPY TABLES

__TI_cinit_table @ 0000ce6a records: 2, size/record: 4, table size: 8
	.data: load addr=0000ce30, load size=00000030 bytes, run addr=00000336, run size=0000008a bytes, compression=rle
	.bss: load addr=0000ce66, load size=00000004 bytes, run addr=00000200, run size=00000135 bytes, compression=zero_init


LINKER GENERATED HANDLER TABLE

__TI_handler_table @ 0000ce60 records: 3, size/record: 2, table size: 6
	index: 0, handler: __TI_zero_init
	index: 1, handler: __TI_decompress_rle24
	index: 2, handler: __TI_decompress_none


GLOBAL SYMBOLS: SORTED ALPHABETICALLY BY Name 

address    name
--------   ----
0000004a   ADC10AE0
000001b0   ADC10CTL0
000001b2   ADC10CTL1
00000048   ADC10DTC0
00000049   ADC10DTC1
000001b4   ADC10MEM
000001bc   ADC10SA
00000057   BCSCTL1
00000058   BCSCTL2
00000053   BCSCTL3
0000cde0   C$$EXIT
00000059   CACTL1
0000005a   CACTL2
000010fb   CALBC1_12MHZ
000010f9   CALBC1_16MHZ
000010ff   CALBC1_1MHZ
000010fd   CALBC1_8MHZ
000010fa   CALDCO_12MHZ
000010f8   CALDCO_16MHZ
000010fe   CALDCO_1MHZ
000010fc   CALDCO_8MHZ
0000005b   CAPD
00000056   DCOCTL
00000128   FCTL1
0000012a   FCTL2
0000012c   FCTL3
00000000   IE1
00000001   IE2
00000002   IFG1
00000003   IFG2
00000022   P1DIR
00000025   P1IE
00000024   P1IES
00000023   P1IFG
00000020   P1IN
00000021   P1OUT
00000027   P1REN
00000026   P1SEL
00000041   P1SEL2
0000002a   P2DIR
0000002d   P2IE
0000002c   P2IES
0000002b   P2IFG
00000028   P2IN
00000029   P2OUT
0000002f   P2REN
0000002e   P2SEL
00000042   P2SEL2
0000001a   P3DIR
00000018   P3IN
00000019   P3OUT
00000010   P3REN
0000001b   P3SEL
00000043   P3SEL2
0000032a   PRxData
0000032c   PTxData
0000c276   Port_1
0000032e   RXByteCtr
00000200   RxBuffer
00000172   TA0CCR0
00000174   TA0CCR1
00000176   TA0CCR2
00000162   TA0CCTL0
00000164   TA0CCTL1
00000166   TA0CCTL2
00000160   TA0CTL
0000012e   TA0IV
00000170   TA0R
00000192   TA1CCR0
00000194   TA1CCR1
00000196   TA1CCR2
00000182   TA1CCTL0
00000184   TA1CCTL1
00000186   TA1CCTL2
00000180   TA1CTL
0000011e   TA1IV
00000190   TA1R
000010db   TLV_ADC10_1_LEN
000010da   TLV_ADC10_1_TAG
000010c0   TLV_CHECKSUM
000010f7   TLV_DCO_30_LEN
000010f6   TLV_DCO_30_TAG
00000330   TXByteCtr
0000ce28   TxData
0000005d   UCA0ABCTL
00000062   UCA0BR0
00000063   UCA0BR1
00000060   UCA0CTL0
00000061   UCA0CTL1
0000005f   UCA0IRRCTL
0000005e   UCA0IRTCTL
00000064   UCA0MCTL
00000066   UCA0RXBUF
00000065   UCA0STAT
00000067   UCA0TXBUF
0000006a   UCB0BR0
0000006b   UCB0BR1
00000068   UCB0CTL0
00000069   UCB0CTL1
0000006c   UCB0I2CIE
00000118   UCB0I2COA
0000011a   UCB0I2CSA
0000006e   UCB0RXBUF
0000006d   UCB0STAT
0000006f   UCB0TXBUF
0000c96a   USCI0RX_ISR
0000c140   USCI0TX_ISR
00000120   WDTCTL
0000c000   _FAtan
00000336   _FDenorm
00000346   _FEps
00000356   _FInf
00000366   _FNan
00000386   _FRteps
00000376   _FSnan
00000396   _FXbig
0000039a   _FZero
00000050   __STACK_END
00000050   __STACK_SIZE
0000ce6a   __TI_CINIT_Base
0000ce72   __TI_CINIT_Limit
0000ce60   __TI_Handler_Table_Base
0000ce66   __TI_Handler_Table_Limit
UNDEFED    __TI_INITARRAY_Base
UNDEFED    __TI_INITARRAY_Limit
0000cdd0   __TI_ISR_TRAP
00000001   __TI_args_main
0000cd92   __TI_decompress_none
0000cdd6   __TI_decompress_rle24
00000001   __TI_exit
0000ffe4   __TI_int02
0000ffe6   __TI_int03
0000ffea   __TI_int05
0000ffec   __TI_int06
0000ffee   __TI_int07
0000fff0   __TI_int08
0000fff2   __TI_int09
0000fff4   __TI_int10
0000fff6   __TI_int11
0000fff8   __TI_int12
0000fffa   __TI_int13
0000fffc   __TI_int14
0000cd6a   __TI_zero_init
ffffffff   __binit__
ffffffff   __c_args__
0000c3ae   __mspabi_addf
0000cbfe   __mspabi_cmpf
0000c8d0   __mspabi_divf
0000cce2   __mspabi_divi
0000cd54   __mspabi_divu
0000cc48   __mspabi_fltif
0000cdc2   __mspabi_func_epilog_1
0000cdc0   __mspabi_func_epilog_2
0000cdbe   __mspabi_func_epilog_3
0000cdbc   __mspabi_func_epilog_4
0000cdba   __mspabi_func_epilog_5
0000cdb8   __mspabi_func_epilog_6
0000cdb6   __mspabi_func_epilog_7
0000c696   __mspabi_mpyf
0000cd7e   __mspabi_mpyi
0000cdc6   __mspabi_negf
0000cce2   __mspabi_remi
0000cd54   __mspabi_remu
0000cd0e   __mspabi_slli
0000cd36   __mspabi_slli_1
0000cd24   __mspabi_slli_10
0000cd22   __mspabi_slli_11
0000cd20   __mspabi_slli_12
0000cd1e   __mspabi_slli_13
0000cd1c   __mspabi_slli_14
0000cd1a   __mspabi_slli_15
0000cd34   __mspabi_slli_2
0000cd32   __mspabi_slli_3
0000cd30   __mspabi_slli_4
0000cd2e   __mspabi_slli_5
0000cd2c   __mspabi_slli_6
0000cd2a   __mspabi_slli_7
0000cd28   __mspabi_slli_8
0000cd26   __mspabi_slli_9
0000c3a8   __mspabi_subf
0000cb44   _auto_init
0000cd3a   _c_int00
0000cd3a   _c_int00_noexit
0000fffe   _reset_vector
00000000   _stack
0000cddc   _system_pre_init
0000cde0   abort
0000c818   atanf
ffffffff   binit
0000c9f8   change
0000027e   coord
000002fc   coord2
000003a0   evenodd
00000302   h
0000ca7c   isr_ccr0
0000c5ca   isr_ccr12
000003ae   j
0000039e   loopcount
0000c4d8   main
0000cda4   memcpy
0000cc7e   receiveSetup
00000334   rx_char
000003a8   rx_data
000003aa   rx_data1
000003b2   rx_num
00000332   rx_num1
00000326   theta
0000ccb0   transmitSetup
000003b4   tx
000003a6   tx_data
000003a4   tx_sendi
0000cba2   update
000003b0   x
000003ac   xl


GLOBAL SYMBOLS: SORTED BY Symbol Address 

address    name
--------   ----
00000000   IE1
00000000   _stack
00000001   IE2
00000001   __TI_args_main
00000001   __TI_exit
00000002   IFG1
00000003   IFG2
00000010   P3REN
00000018   P3IN
00000019   P3OUT
0000001a   P3DIR
0000001b   P3SEL
00000020   P1IN
00000021   P1OUT
00000022   P1DIR
00000023   P1IFG
00000024   P1IES
00000025   P1IE
00000026   P1SEL
00000027   P1REN
00000028   P2IN
00000029   P2OUT
0000002a   P2DIR
0000002b   P2IFG
0000002c   P2IES
0000002d   P2IE
0000002e   P2SEL
0000002f   P2REN
00000041   P1SEL2
00000042   P2SEL2
00000043   P3SEL2
00000048   ADC10DTC0
00000049   ADC10DTC1
0000004a   ADC10AE0
00000050   __STACK_END
00000050   __STACK_SIZE
00000053   BCSCTL3
00000056   DCOCTL
00000057   BCSCTL1
00000058   BCSCTL2
00000059   CACTL1
0000005a   CACTL2
0000005b   CAPD
0000005d   UCA0ABCTL
0000005e   UCA0IRTCTL
0000005f   UCA0IRRCTL
00000060   UCA0CTL0
00000061   UCA0CTL1
00000062   UCA0BR0
00000063   UCA0BR1
00000064   UCA0MCTL
00000065   UCA0STAT
00000066   UCA0RXBUF
00000067   UCA0TXBUF
00000068   UCB0CTL0
00000069   UCB0CTL1
0000006a   UCB0BR0
0000006b   UCB0BR1
0000006c   UCB0I2CIE
0000006d   UCB0STAT
0000006e   UCB0RXBUF
0000006f   UCB0TXBUF
00000118   UCB0I2COA
0000011a   UCB0I2CSA
0000011e   TA1IV
00000120   WDTCTL
00000128   FCTL1
0000012a   FCTL2
0000012c   FCTL3
0000012e   TA0IV
00000160   TA0CTL
00000162   TA0CCTL0
00000164   TA0CCTL1
00000166   TA0CCTL2
00000170   TA0R
00000172   TA0CCR0
00000174   TA0CCR1
00000176   TA0CCR2
00000180   TA1CTL
00000182   TA1CCTL0
00000184   TA1CCTL1
00000186   TA1CCTL2
00000190   TA1R
00000192   TA1CCR0
00000194   TA1CCR1
00000196   TA1CCR2
000001b0   ADC10CTL0
000001b2   ADC10CTL1
000001b4   ADC10MEM
000001bc   ADC10SA
00000200   RxBuffer
0000027e   coord
000002fc   coord2
00000302   h
00000326   theta
0000032a   PRxData
0000032c   PTxData
0000032e   RXByteCtr
00000330   TXByteCtr
00000332   rx_num1
00000334   rx_char
00000336   _FDenorm
00000346   _FEps
00000356   _FInf
00000366   _FNan
00000376   _FSnan
00000386   _FRteps
00000396   _FXbig
0000039a   _FZero
0000039e   loopcount
000003a0   evenodd
000003a4   tx_sendi
000003a6   tx_data
000003a8   rx_data
000003aa   rx_data1
000003ac   xl
000003ae   j
000003b0   x
000003b2   rx_num
000003b4   tx
000010c0   TLV_CHECKSUM
000010da   TLV_ADC10_1_TAG
000010db   TLV_ADC10_1_LEN
000010f6   TLV_DCO_30_TAG
000010f7   TLV_DCO_30_LEN
000010f8   CALDCO_16MHZ
000010f9   CALBC1_16MHZ
000010fa   CALDCO_12MHZ
000010fb   CALBC1_12MHZ
000010fc   CALDCO_8MHZ
000010fd   CALBC1_8MHZ
000010fe   CALDCO_1MHZ
000010ff   CALBC1_1MHZ
0000c000   _FAtan
0000c140   USCI0TX_ISR
0000c276   Port_1
0000c3a8   __mspabi_subf
0000c3ae   __mspabi_addf
0000c4d8   main
0000c5ca   isr_ccr12
0000c696   __mspabi_mpyf
0000c818   atanf
0000c8d0   __mspabi_divf
0000c96a   USCI0RX_ISR
0000c9f8   change
0000ca7c   isr_ccr0
0000cb44   _auto_init
0000cba2   update
0000cbfe   __mspabi_cmpf
0000cc48   __mspabi_fltif
0000cc7e   receiveSetup
0000ccb0   transmitSetup
0000cce2   __mspabi_divi
0000cce2   __mspabi_remi
0000cd0e   __mspabi_slli
0000cd1a   __mspabi_slli_15
0000cd1c   __mspabi_slli_14
0000cd1e   __mspabi_slli_13
0000cd20   __mspabi_slli_12
0000cd22   __mspabi_slli_11
0000cd24   __mspabi_slli_10
0000cd26   __mspabi_slli_9
0000cd28   __mspabi_slli_8
0000cd2a   __mspabi_slli_7
0000cd2c   __mspabi_slli_6
0000cd2e   __mspabi_slli_5
0000cd30   __mspabi_slli_4
0000cd32   __mspabi_slli_3
0000cd34   __mspabi_slli_2
0000cd36   __mspabi_slli_1
0000cd3a   _c_int00
0000cd3a   _c_int00_noexit
0000cd54   __mspabi_divu
0000cd54   __mspabi_remu
0000cd6a   __TI_zero_init
0000cd7e   __mspabi_mpyi
0000cd92   __TI_decompress_none
0000cda4   memcpy
0000cdb6   __mspabi_func_epilog_7
0000cdb8   __mspabi_func_epilog_6
0000cdba   __mspabi_func_epilog_5
0000cdbc   __mspabi_func_epilog_4
0000cdbe   __mspabi_func_epilog_3
0000cdc0   __mspabi_func_epilog_2
0000cdc2   __mspabi_func_epilog_1
0000cdc6   __mspabi_negf
0000cdd0   __TI_ISR_TRAP
0000cdd6   __TI_decompress_rle24
0000cddc   _system_pre_init
0000cde0   C$$EXIT
0000cde0   abort
0000ce28   TxData
0000ce60   __TI_Handler_Table_Base
0000ce66   __TI_Handler_Table_Limit
0000ce6a   __TI_CINIT_Base
0000ce72   __TI_CINIT_Limit
0000ffe4   __TI_int02
0000ffe6   __TI_int03
0000ffea   __TI_int05
0000ffec   __TI_int06
0000ffee   __TI_int07
0000fff0   __TI_int08
0000fff2   __TI_int09
0000fff4   __TI_int10
0000fff6   __TI_int11
0000fff8   __TI_int12
0000fffa   __TI_int13
0000fffc   __TI_int14
0000fffe   _reset_vector
ffffffff   __binit__
ffffffff   __c_args__
ffffffff   binit
UNDEFED    __TI_INITARRAY_Base
UNDEFED    __TI_INITARRAY_Limit

[214 symbols]
